FAIL src/components/charts/__tests__/SkiaPieChart.test.tsx
  ● Test suite failed to run

    Cannot find module 'babel-preset-expo'
    Require stack:
    - D:\桌面資料\暫存\SubTrack\node_modules\@babel\core\lib\config\files\plugins.js
    - D:\桌面資料\暫存\SubTrack\node_modules\@babel\core\lib\config\files\index.js
    - D:\桌面資料\暫存\SubTrack\node_modules\@babel\core\lib\index.js
    - D:\桌面資料\暫存\SubTrack\node_modules\jest-snapshot\build\index.js
    - D:\桌面資料\暫存\SubTrack\node_modules\jest-runtime\build\index.js
    - D:\桌面資料\暫存\SubTrack\node_modules\@jest\core\build\index.js
    - D:\桌面資料\暫存\SubTrack\node_modules\jest-cli\build\index.js
    - D:\桌面資料\暫存\SubTrack\node_modules\jest-cli\bin\jest.js
    - D:\桌面資料\暫存\SubTrack\node_modules\jest\bin\jest.js

    Make sure that all the Babel plugins and presets you are using
    are defined as dependencies or devDependencies in your package.json
    file. It's possible that the missing plugin is loaded by a preset
    you are using that forgot to add the plugin to its dependencies: you
    can workaround this problem by explicitly adding the missing package
    to your top-level package.json.

      at tryRequireResolve (node_modules/@babel/core/lib/config/files/plugins.js:128:11)
      at resolveStandardizedNameForRequire (node_modules/@babel/core/lib/config/files/plugins.js:162:19)
      at resolveStandardizedName (node_modules/@babel/core/lib/config/files/plugins.js:183:12)
      at loadPreset (node_modules/@babel/core/lib/config/files/plugins.js:68:7)
          at loadPreset.next (<anonymous>)
      at createDescriptor (node_modules/@babel/core/lib/config/config-descriptors.js:140:16)
          at createDescriptor.next (<anonymous>)
      at evaluateSync (node_modules/gensync/index.js:251:28)
      at node_modules/gensync/index.js:31:34
          at Array.map (<anonymous>)
      at gensync.sync (node_modules/gensync/index.js:31:22)
      at gensync.all (node_modules/gensync/index.js:210:24)
      at createDescriptors (node_modules/@babel/core/lib/config/config-descriptors.js:102:41)
          at createDescriptors.next (<anonymous>)
      at createPresetDescriptors (node_modules/@babel/core/lib/config/config-descriptors.js:96:17)
          at createPresetDescriptors.next (<anonymous>)
      at node_modules/@babel/core/lib/gensync-utils/functional.js:22:27
      at mergeChainOpts (node_modules/@babel/core/lib/config/config-chain.js:350:34)
          at mergeChainOpts.next (<anonymous>)
      at chainWalker (node_modules/@babel/core/lib/config/config-chain.js:316:14)
          at chainWalker.next (<anonymous>)
      at loadFileChain (node_modules/@babel/core/lib/config/config-chain.js:191:24)
          at loadFileChain.next (<anonymous>)
      at buildRootChain (node_modules/@babel/core/lib/config/config-chain.js:77:27)
          at buildRootChain.next (<anonymous>)
      at loadPrivatePartialConfig (node_modules/@babel/core/lib/config/partial.js:72:62)
          at loadPrivatePartialConfig.next (<anonymous>)
      at loadPartialConfig (node_modules/@babel/core/lib/config/partial.js:115:25)
          at loadPartialConfig.next (<anonymous>)
      at evaluateSync (node_modules/gensync/index.js:251:28)
      at sync (node_modules/gensync/index.js:89:14)
      at stopHiding - secret - don't use this - v1 (node_modules/@babel/core/lib/errors/rewrite-stack-trace.js:47:12)
      at loadPartialConfigSync (node_modules/@babel/core/lib/config/index.js:37:84)
      at Module._compile (node_modules/pirates/lib/index.js:124:29)
      at Object.newLoader (node_modules/pirates/lib/index.js:134:7)

Failed to collect coverage from D:\桌面資料\暫存\SubTrack\src\components\AddSubscriptionModal.tsx
ERROR: Cannot find package 'babel-preset-expo' imported from D:\桌面資料\暫存\SubTrack\babel-virtual-resolve-base.js
STACK: Error: Cannot find package 'babel-preset-expo' imported from D:\桌面資料\暫存\SubTrack\babel-virtual-resolve-base.js
    at __node_internal_ (D:\桌面資料\暫存\SubTrack\node_modules\@babel\core\lib\vendor\import-meta-resolve.js:224:9)
    at new NodeError (D:\桌面資料\暫存\SubTrack\node_modules\@babel\core\lib\vendor\import-meta-resolve.js:194:5)
    at packageResolve (D:\桌面資料\暫存\SubTrack\node_modules\@babel\core\lib\vendor\import-meta-resolve.js:898:9)
    at moduleResolve (D:\桌面資料\暫存\SubTrack\node_modules\@babel\core\lib\vendor\import-meta-resolve.js:938:18)
    at defaultResolve (D:\桌面資料\暫存\SubTrack\node_modules\@babel\core\lib\vendor\import-meta-resolve.js:1016:15)
    at resolve (D:\桌面資料\暫存\SubTrack\node_modules\@babel\core\lib\vendor\import-meta-resolve.js:1029:12)
    at tryImportMetaResolve (D:\桌面資料\暫存\SubTrack\node_modules\@babel\core\lib\config\files\plugins.js:149:45)
    at resolveStandardizedNameForImport (D:\桌面資料\暫存\SubTrack\node_modules\@babel\core\lib\config\files\plugins.js:174:19)
    at resolveStandardizedName (D:\桌面資料\暫存\SubTrack\node_modules\@babel\core\lib\config\files\plugins.js:186:22)
    at loadPreset (D:\桌面資料\暫存\SubTrack\node_modules\@babel\core\lib\config\files\plugins.js:68:7)
    at loadPreset.next (<anonymous>)
    at createDescriptor (D:\桌面資料\暫存\SubTrack\node_modules\@babel\core\lib\config\config-descriptors.js:140:16)
    at createDescriptor.next (<anonymous>)
    at step (D:\桌面資料\暫存\SubTrack\node_modules\gensync\index.js:261:32)
    at evaluateAsync (D:\桌面資料\暫存\SubTrack\node_modules\gensync\index.js:291:5)
    at D:\桌面資料\暫存\SubTrack\node_modules\gensync\index.js:44:11
    at Array.forEach (<anonymous>)
    at gensync.async (D:\桌面資料\暫存\SubTrack\node_modules\gensync\index.js:43:15)
    at gensync.all (D:\桌面資料\暫存\SubTrack\node_modules\gensync\index.js:216:13)
    at Generator.next (<anonymous>)
    at createDescriptors (D:\桌面資料\暫存\SubTrack\node_modules\@babel\core\lib\config\config-descriptors.js:102:41)
    at createDescriptors.next (<anonymous>)
    at createPresetDescriptors (D:\桌面資料\暫存\SubTrack\node_modules\@babel\core\lib\config\config-descriptors.js:96:17)
    at createPresetDescriptors.next (<anonymous>)
    at D:\桌面資料\暫存\SubTrack\node_modules\@babel\core\lib\gensync-utils\functional.js:39:27
    at Generator.next (<anonymous>)
    at mergeChainOpts (D:\桌面資料\暫存\SubTrack\node_modules\@babel\core\lib\config\config-chain.js:350:34)
    at mergeChainOpts.next (<anonymous>)
    at chainWalker (D:\桌面資料\暫存\SubTrack\node_modules\@babel\core\lib\config\config-chain.js:316:14)
    at chainWalker.next (<anonymous>)
    at loadFileChain (D:\桌面資料\暫存\SubTrack\node_modules\@babel\core\lib\config\config-chain.js:191:24)
    at loadFileChain.next (<anonymous>)
    at buildRootChain (D:\桌面資料\暫存\SubTrack\node_modules\@babel\core\lib\config\config-chain.js:77:27)
    at buildRootChain.next (<anonymous>)
    at loadPrivatePartialConfig (D:\桌面資料\暫存\SubTrack\node_modules\@babel\core\lib\config\partial.js:72:62)
    at loadPrivatePartialConfig.next (<anonymous>)
    at loadPartialConfig (D:\桌面資料\暫存\SubTrack\node_modules\@babel\core\lib\config\partial.js:115:25)
    at loadPartialConfig.next (<anonymous>)
    at step (D:\桌面資料\暫存\SubTrack\node_modules\gensync\index.js:269:25)
    at D:\桌面資料\暫存\SubTrack\node_modules\gensync\index.js:273:13
    at async.call.result.err.err (D:\桌面資料\暫存\SubTrack\node_modules\gensync\index.js:223:11)
    at D:\桌面資料\暫存\SubTrack\node_modules\gensync\index.js:189:28
    at D:\桌面資料\暫存\SubTrack\node_modules\@babel\core\lib\gensync-utils\async.js:67:7
    at D:\桌面資料\暫存\SubTrack\node_modules\gensync\index.js:113:33
    at step (D:\桌面資料\暫存\SubTrack\node_modules\gensync\index.js:287:14)
    at D:\桌面資料\暫存\SubTrack\node_modules\gensync\index.js:273:13
    at async.call.result.err.err (D:\桌面資料\暫存\SubTrack\node_modules\gensync\index.js:223:11)
    at D:\桌面資料\暫存\SubTrack\node_modules\gensync\index.js:37:40
    at process.processTicksAndRejections (node:internal/process/task_queues:103:5)
Failed to collect coverage from D:\桌面資料\暫存\SubTrack\src\components\LockScreen.tsx
ERROR: Cannot find package 'babel-preset-expo' imported from D:\桌面資料\暫存\SubTrack\babel-virtual-resolve-base.js
STACK: Error: Cannot find package 'babel-preset-expo' imported from D:\桌面資料\暫存\SubTrack\babel-virtual-resolve-base.js
    at __node_internal_ (D:\桌面資料\暫存\SubTrack\node_modules\@babel\core\lib\vendor\import-meta-resolve.js:224:9)
    at new NodeError (D:\桌面資料\暫存\SubTrack\node_modules\@babel\core\lib\vendor\import-meta-resolve.js:194:5)
    at packageResolve (D:\桌面資料\暫存\SubTrack\node_modules\@babel\core\lib\vendor\import-meta-resolve.js:898:9)
    at moduleResolve (D:\桌面資料\暫存\SubTrack\node_modules\@babel\core\lib\vendor\import-meta-resolve.js:938:18)
    at defaultResolve (D:\桌面資料\暫存\SubTrack\node_modules\@babel\core\lib\vendor\import-meta-resolve.js:1016:15)
    at resolve (D:\桌面資料\暫存\SubTrack\node_modules\@babel\core\lib\vendor\import-meta-resolve.js:1029:12)
    at tryImportMetaResolve (D:\桌面資料\暫存\SubTrack\node_modules\@babel\core\lib\config\files\plugins.js:149:45)
    at resolveStandardizedNameForImport (D:\桌面資料\暫存\SubTrack\node_modules\@babel\core\lib\config\files\plugins.js:174:19)
    at resolveStandardizedName (D:\桌面資料\暫存\SubTrack\node_modules\@babel\core\lib\config\files\plugins.js:186:22)
    at loadPreset (D:\桌面資料\暫存\SubTrack\node_modules\@babel\core\lib\config\files\plugins.js:68:7)
    at loadPreset.next (<anonymous>)
    at createDescriptor (D:\桌面資料\暫存\SubTrack\node_modules\@babel\core\lib\config\config-descriptors.js:140:16)
    at createDescriptor.next (<anonymous>)
    at step (D:\桌面資料\暫存\SubTrack\node_modules\gensync\index.js:261:32)
    at evaluateAsync (D:\桌面資料\暫存\SubTrack\node_modules\gensync\index.js:291:5)
    at D:\桌面資料\暫存\SubTrack\node_modules\gensync\index.js:44:11
    at Array.forEach (<anonymous>)
    at gensync.async (D:\桌面資料\暫存\SubTrack\node_modules\gensync\index.js:43:15)
    at gensync.all (D:\桌面資料\暫存\SubTrack\node_modules\gensync\index.js:216:13)
    at Generator.next (<anonymous>)
    at createDescriptors (D:\桌面資料\暫存\SubTrack\node_modules\@babel\core\lib\config\config-descriptors.js:102:41)
    at createDescriptors.next (<anonymous>)
    at createPresetDescriptors (D:\桌面資料\暫存\SubTrack\node_modules\@babel\core\lib\config\config-descriptors.js:96:17)
    at createPresetDescriptors.next (<anonymous>)
    at D:\桌面資料\暫存\SubTrack\node_modules\@babel\core\lib\gensync-utils\functional.js:39:27
    at Generator.next (<anonymous>)
    at mergeChainOpts (D:\桌面資料\暫存\SubTrack\node_modules\@babel\core\lib\config\config-chain.js:350:34)
    at mergeChainOpts.next (<anonymous>)
    at chainWalker (D:\桌面資料\暫存\SubTrack\node_modules\@babel\core\lib\config\config-chain.js:316:14)
    at chainWalker.next (<anonymous>)
    at loadFileChain (D:\桌面資料\暫存\SubTrack\node_modules\@babel\core\lib\config\config-chain.js:191:24)
    at loadFileChain.next (<anonymous>)
    at buildRootChain (D:\桌面資料\暫存\SubTrack\node_modules\@babel\core\lib\config\config-chain.js:77:27)
    at buildRootChain.next (<anonymous>)
    at loadPrivatePartialConfig (D:\桌面資料\暫存\SubTrack\node_modules\@babel\core\lib\config\partial.js:72:62)
    at loadPrivatePartialConfig.next (<anonymous>)
    at loadPartialConfig (D:\桌面資料\暫存\SubTrack\node_modules\@babel\core\lib\config\partial.js:115:25)
    at loadPartialConfig.next (<anonymous>)
    at step (D:\桌面資料\暫存\SubTrack\node_modules\gensync\index.js:269:25)
    at D:\桌面資料\暫存\SubTrack\node_modules\gensync\index.js:273:13
    at async.call.result.err.err (D:\桌面資料\暫存\SubTrack\node_modules\gensync\index.js:223:11)
    at D:\桌面資料\暫存\SubTrack\node_modules\gensync\index.js:189:28
    at D:\桌面資料\暫存\SubTrack\node_modules\@babel\core\lib\gensync-utils\async.js:67:7
    at D:\桌面資料\暫存\SubTrack\node_modules\gensync\index.js:113:33
    at step (D:\桌面資料\暫存\SubTrack\node_modules\gensync\index.js:287:14)
    at D:\桌面資料\暫存\SubTrack\node_modules\gensync\index.js:273:13
    at async.call.result.err.err (D:\桌面資料\暫存\SubTrack\node_modules\gensync\index.js:223:11)
    at D:\桌面資料\暫存\SubTrack\node_modules\gensync\index.js:37:40
    at process.processTicksAndRejections (node:internal/process/task_queues:103:5)
Failed to collect coverage from D:\桌面資料\暫存\SubTrack\src\components\PrivacyToggle.tsx
ERROR: Cannot find package 'babel-preset-expo' imported from D:\桌面資料\暫存\SubTrack\babel-virtual-resolve-base.js
STACK: Error: Cannot find package 'babel-preset-expo' imported from D:\桌面資料\暫存\SubTrack\babel-virtual-resolve-base.js
    at __node_internal_ (D:\桌面資料\暫存\SubTrack\node_modules\@babel\core\lib\vendor\import-meta-resolve.js:224:9)
    at new NodeError (D:\桌面資料\暫存\SubTrack\node_modules\@babel\core\lib\vendor\import-meta-resolve.js:194:5)
    at packageResolve (D:\桌面資料\暫存\SubTrack\node_modules\@babel\core\lib\vendor\import-meta-resolve.js:898:9)
    at moduleResolve (D:\桌面資料\暫存\SubTrack\node_modules\@babel\core\lib\vendor\import-meta-resolve.js:938:18)
    at defaultResolve (D:\桌面資料\暫存\SubTrack\node_modules\@babel\core\lib\vendor\import-meta-resolve.js:1016:15)
    at resolve (D:\桌面資料\暫存\SubTrack\node_modules\@babel\core\lib\vendor\import-meta-resolve.js:1029:12)
    at tryImportMetaResolve (D:\桌面資料\暫存\SubTrack\node_modules\@babel\core\lib\config\files\plugins.js:149:45)
    at resolveStandardizedNameForImport (D:\桌面資料\暫存\SubTrack\node_modules\@babel\core\lib\config\files\plugins.js:174:19)
    at resolveStandardizedName (D:\桌面資料\暫存\SubTrack\node_modules\@babel\core\lib\config\files\plugins.js:186:22)
    at loadPreset (D:\桌面資料\暫存\SubTrack\node_modules\@babel\core\lib\config\files\plugins.js:68:7)
    at loadPreset.next (<anonymous>)
    at createDescriptor (D:\桌面資料\暫存\SubTrack\node_modules\@babel\core\lib\config\config-descriptors.js:140:16)
    at createDescriptor.next (<anonymous>)
    at step (D:\桌面資料\暫存\SubTrack\node_modules\gensync\index.js:261:32)
    at evaluateAsync (D:\桌面資料\暫存\SubTrack\node_modules\gensync\index.js:291:5)
    at D:\桌面資料\暫存\SubTrack\node_modules\gensync\index.js:44:11
    at Array.forEach (<anonymous>)
    at gensync.async (D:\桌面資料\暫存\SubTrack\node_modules\gensync\index.js:43:15)
    at gensync.all (D:\桌面資料\暫存\SubTrack\node_modules\gensync\index.js:216:13)
    at Generator.next (<anonymous>)
    at createDescriptors (D:\桌面資料\暫存\SubTrack\node_modules\@babel\core\lib\config\config-descriptors.js:102:41)
    at createDescriptors.next (<anonymous>)
    at createPresetDescriptors (D:\桌面資料\暫存\SubTrack\node_modules\@babel\core\lib\config\config-descriptors.js:96:17)
    at createPresetDescriptors.next (<anonymous>)
    at D:\桌面資料\暫存\SubTrack\node_modules\@babel\core\lib\gensync-utils\functional.js:39:27
    at Generator.next (<anonymous>)
    at mergeChainOpts (D:\桌面資料\暫存\SubTrack\node_modules\@babel\core\lib\config\config-chain.js:350:34)
    at mergeChainOpts.next (<anonymous>)
    at chainWalker (D:\桌面資料\暫存\SubTrack\node_modules\@babel\core\lib\config\config-chain.js:316:14)
    at chainWalker.next (<anonymous>)
    at loadFileChain (D:\桌面資料\暫存\SubTrack\node_modules\@babel\core\lib\config\config-chain.js:191:24)
    at loadFileChain.next (<anonymous>)
    at buildRootChain (D:\桌面資料\暫存\SubTrack\node_modules\@babel\core\lib\config\config-chain.js:77:27)
    at buildRootChain.next (<anonymous>)
    at loadPrivatePartialConfig (D:\桌面資料\暫存\SubTrack\node_modules\@babel\core\lib\config\partial.js:72:62)
    at loadPrivatePartialConfig.next (<anonymous>)
    at loadPartialConfig (D:\桌面資料\暫存\SubTrack\node_modules\@babel\core\lib\config\partial.js:115:25)
    at loadPartialConfig.next (<anonymous>)
    at step (D:\桌面資料\暫存\SubTrack\node_modules\gensync\index.js:269:25)
    at D:\桌面資料\暫存\SubTrack\node_modules\gensync\index.js:273:13
    at async.call.result.err.err (D:\桌面資料\暫存\SubTrack\node_modules\gensync\index.js:223:11)
    at D:\桌面資料\暫存\SubTrack\node_modules\gensync\index.js:189:28
    at D:\桌面資料\暫存\SubTrack\node_modules\@babel\core\lib\gensync-utils\async.js:67:7
    at D:\桌面資料\暫存\SubTrack\node_modules\gensync\index.js:113:33
    at step (D:\桌面資料\暫存\SubTrack\node_modules\gensync\index.js:287:14)
    at D:\桌面資料\暫存\SubTrack\node_modules\gensync\index.js:273:13
    at async.call.result.err.err (D:\桌面資料\暫存\SubTrack\node_modules\gensync\index.js:223:11)
    at D:\桌面資料\暫存\SubTrack\node_modules\gensync\index.js:37:40
    at process.processTicksAndRejections (node:internal/process/task_queues:103:5)
Failed to collect coverage from D:\桌面資料\暫存\SubTrack\src\components\ServiceCard.tsx
ERROR: Cannot find package 'babel-preset-expo' imported from D:\桌面資料\暫存\SubTrack\babel-virtual-resolve-base.js
STACK: Error: Cannot find package 'babel-preset-expo' imported from D:\桌面資料\暫存\SubTrack\babel-virtual-resolve-base.js
    at __node_internal_ (D:\桌面資料\暫存\SubTrack\node_modules\@babel\core\lib\vendor\import-meta-resolve.js:224:9)
    at new NodeError (D:\桌面資料\暫存\SubTrack\node_modules\@babel\core\lib\vendor\import-meta-resolve.js:194:5)
    at packageResolve (D:\桌面資料\暫存\SubTrack\node_modules\@babel\core\lib\vendor\import-meta-resolve.js:898:9)
    at moduleResolve (D:\桌面資料\暫存\SubTrack\node_modules\@babel\core\lib\vendor\import-meta-resolve.js:938:18)
    at defaultResolve (D:\桌面資料\暫存\SubTrack\node_modules\@babel\core\lib\vendor\import-meta-resolve.js:1016:15)
    at resolve (D:\桌面資料\暫存\SubTrack\node_modules\@babel\core\lib\vendor\import-meta-resolve.js:1029:12)
    at tryImportMetaResolve (D:\桌面資料\暫存\SubTrack\node_modules\@babel\core\lib\config\files\plugins.js:149:45)
    at resolveStandardizedNameForImport (D:\桌面資料\暫存\SubTrack\node_modules\@babel\core\lib\config\files\plugins.js:174:19)
    at resolveStandardizedName (D:\桌面資料\暫存\SubTrack\node_modules\@babel\core\lib\config\files\plugins.js:186:22)
    at loadPreset (D:\桌面資料\暫存\SubTrack\node_modules\@babel\core\lib\config\files\plugins.js:68:7)
    at loadPreset.next (<anonymous>)
    at createDescriptor (D:\桌面資料\暫存\SubTrack\node_modules\@babel\core\lib\config\config-descriptors.js:140:16)
    at createDescriptor.next (<anonymous>)
    at step (D:\桌面資料\暫存\SubTrack\node_modules\gensync\index.js:261:32)
    at evaluateAsync (D:\桌面資料\暫存\SubTrack\node_modules\gensync\index.js:291:5)
    at D:\桌面資料\暫存\SubTrack\node_modules\gensync\index.js:44:11
    at Array.forEach (<anonymous>)
    at gensync.async (D:\桌面資料\暫存\SubTrack\node_modules\gensync\index.js:43:15)
    at gensync.all (D:\桌面資料\暫存\SubTrack\node_modules\gensync\index.js:216:13)
    at Generator.next (<anonymous>)
    at createDescriptors (D:\桌面資料\暫存\SubTrack\node_modules\@babel\core\lib\config\config-descriptors.js:102:41)
    at createDescriptors.next (<anonymous>)
    at createPresetDescriptors (D:\桌面資料\暫存\SubTrack\node_modules\@babel\core\lib\config\config-descriptors.js:96:17)
    at createPresetDescriptors.next (<anonymous>)
    at D:\桌面資料\暫存\SubTrack\node_modules\@babel\core\lib\gensync-utils\functional.js:39:27
    at Generator.next (<anonymous>)
    at mergeChainOpts (D:\桌面資料\暫存\SubTrack\node_modules\@babel\core\lib\config\config-chain.js:350:34)
    at mergeChainOpts.next (<anonymous>)
    at chainWalker (D:\桌面資料\暫存\SubTrack\node_modules\@babel\core\lib\config\config-chain.js:316:14)
    at chainWalker.next (<anonymous>)
    at loadFileChain (D:\桌面資料\暫存\SubTrack\node_modules\@babel\core\lib\config\config-chain.js:191:24)
    at loadFileChain.next (<anonymous>)
    at buildRootChain (D:\桌面資料\暫存\SubTrack\node_modules\@babel\core\lib\config\config-chain.js:77:27)
    at buildRootChain.next (<anonymous>)
    at loadPrivatePartialConfig (D:\桌面資料\暫存\SubTrack\node_modules\@babel\core\lib\config\partial.js:72:62)
    at loadPrivatePartialConfig.next (<anonymous>)
    at loadPartialConfig (D:\桌面資料\暫存\SubTrack\node_modules\@babel\core\lib\config\partial.js:115:25)
    at loadPartialConfig.next (<anonymous>)
    at step (D:\桌面資料\暫存\SubTrack\node_modules\gensync\index.js:269:25)
    at D:\桌面資料\暫存\SubTrack\node_modules\gensync\index.js:273:13
    at async.call.result.err.err (D:\桌面資料\暫存\SubTrack\node_modules\gensync\index.js:223:11)
    at D:\桌面資料\暫存\SubTrack\node_modules\gensync\index.js:189:28
    at D:\桌面資料\暫存\SubTrack\node_modules\@babel\core\lib\gensync-utils\async.js:67:7
    at D:\桌面資料\暫存\SubTrack\node_modules\gensync\index.js:113:33
    at step (D:\桌面資料\暫存\SubTrack\node_modules\gensync\index.js:287:14)
    at D:\桌面資料\暫存\SubTrack\node_modules\gensync\index.js:273:13
    at async.call.result.err.err (D:\桌面資料\暫存\SubTrack\node_modules\gensync\index.js:223:11)
    at D:\桌面資料\暫存\SubTrack\node_modules\gensync\index.js:37:40
    at process.processTicksAndRejections (node:internal/process/task_queues:103:5)
Failed to collect coverage from D:\桌面資料\暫存\SubTrack\src\components\ServiceCatalogModal.tsx
ERROR: Cannot find package 'babel-preset-expo' imported from D:\桌面資料\暫存\SubTrack\babel-virtual-resolve-base.js
STACK: Error: Cannot find package 'babel-preset-expo' imported from D:\桌面資料\暫存\SubTrack\babel-virtual-resolve-base.js
    at __node_internal_ (D:\桌面資料\暫存\SubTrack\node_modules\@babel\core\lib\vendor\import-meta-resolve.js:224:9)
    at new NodeError (D:\桌面資料\暫存\SubTrack\node_modules\@babel\core\lib\vendor\import-meta-resolve.js:194:5)
    at packageResolve (D:\桌面資料\暫存\SubTrack\node_modules\@babel\core\lib\vendor\import-meta-resolve.js:898:9)
    at moduleResolve (D:\桌面資料\暫存\SubTrack\node_modules\@babel\core\lib\vendor\import-meta-resolve.js:938:18)
    at defaultResolve (D:\桌面資料\暫存\SubTrack\node_modules\@babel\core\lib\vendor\import-meta-resolve.js:1016:15)
    at resolve (D:\桌面資料\暫存\SubTrack\node_modules\@babel\core\lib\vendor\import-meta-resolve.js:1029:12)
    at tryImportMetaResolve (D:\桌面資料\暫存\SubTrack\node_modules\@babel\core\lib\config\files\plugins.js:149:45)
    at resolveStandardizedNameForImport (D:\桌面資料\暫存\SubTrack\node_modules\@babel\core\lib\config\files\plugins.js:174:19)
    at resolveStandardizedName (D:\桌面資料\暫存\SubTrack\node_modules\@babel\core\lib\config\files\plugins.js:186:22)
    at loadPreset (D:\桌面資料\暫存\SubTrack\node_modules\@babel\core\lib\config\files\plugins.js:68:7)
    at loadPreset.next (<anonymous>)
    at createDescriptor (D:\桌面資料\暫存\SubTrack\node_modules\@babel\core\lib\config\config-descriptors.js:140:16)
    at createDescriptor.next (<anonymous>)
    at step (D:\桌面資料\暫存\SubTrack\node_modules\gensync\index.js:261:32)
    at evaluateAsync (D:\桌面資料\暫存\SubTrack\node_modules\gensync\index.js:291:5)
    at D:\桌面資料\暫存\SubTrack\node_modules\gensync\index.js:44:11
    at Array.forEach (<anonymous>)
    at gensync.async (D:\桌面資料\暫存\SubTrack\node_modules\gensync\index.js:43:15)
    at gensync.all (D:\桌面資料\暫存\SubTrack\node_modules\gensync\index.js:216:13)
    at Generator.next (<anonymous>)
    at createDescriptors (D:\桌面資料\暫存\SubTrack\node_modules\@babel\core\lib\config\config-descriptors.js:102:41)
    at createDescriptors.next (<anonymous>)
    at createPresetDescriptors (D:\桌面資料\暫存\SubTrack\node_modules\@babel\core\lib\config\config-descriptors.js:96:17)
    at createPresetDescriptors.next (<anonymous>)
    at D:\桌面資料\暫存\SubTrack\node_modules\@babel\core\lib\gensync-utils\functional.js:39:27
    at Generator.next (<anonymous>)
    at mergeChainOpts (D:\桌面資料\暫存\SubTrack\node_modules\@babel\core\lib\config\config-chain.js:350:34)
    at mergeChainOpts.next (<anonymous>)
    at chainWalker (D:\桌面資料\暫存\SubTrack\node_modules\@babel\core\lib\config\config-chain.js:316:14)
    at chainWalker.next (<anonymous>)
    at loadFileChain (D:\桌面資料\暫存\SubTrack\node_modules\@babel\core\lib\config\config-chain.js:191:24)
    at loadFileChain.next (<anonymous>)
    at buildRootChain (D:\桌面資料\暫存\SubTrack\node_modules\@babel\core\lib\config\config-chain.js:77:27)
    at buildRootChain.next (<anonymous>)
    at loadPrivatePartialConfig (D:\桌面資料\暫存\SubTrack\node_modules\@babel\core\lib\config\partial.js:72:62)
    at loadPrivatePartialConfig.next (<anonymous>)
    at loadPartialConfig (D:\桌面資料\暫存\SubTrack\node_modules\@babel\core\lib\config\partial.js:115:25)
    at loadPartialConfig.next (<anonymous>)
    at step (D:\桌面資料\暫存\SubTrack\node_modules\gensync\index.js:269:25)
    at D:\桌面資料\暫存\SubTrack\node_modules\gensync\index.js:273:13
    at async.call.result.err.err (D:\桌面資料\暫存\SubTrack\node_modules\gensync\index.js:223:11)
    at D:\桌面資料\暫存\SubTrack\node_modules\gensync\index.js:189:28
    at D:\桌面資料\暫存\SubTrack\node_modules\@babel\core\lib\gensync-utils\async.js:67:7
    at D:\桌面資料\暫存\SubTrack\node_modules\gensync\index.js:113:33
    at step (D:\桌面資料\暫存\SubTrack\node_modules\gensync\index.js:287:14)
    at D:\桌面資料\暫存\SubTrack\node_modules\gensync\index.js:273:13
    at async.call.result.err.err (D:\桌面資料\暫存\SubTrack\node_modules\gensync\index.js:223:11)
    at D:\桌面資料\暫存\SubTrack\node_modules\gensync\index.js:37:40
    at process.processTicksAndRejections (node:internal/process/task_queues:103:5)
Failed to collect coverage from D:\桌面資料\暫存\SubTrack\src\components\BudgetChart.tsx
ERROR: Cannot find package 'babel-preset-expo' imported from D:\桌面資料\暫存\SubTrack\babel-virtual-resolve-base.js
STACK: Error: Cannot find package 'babel-preset-expo' imported from D:\桌面資料\暫存\SubTrack\babel-virtual-resolve-base.js
    at __node_internal_ (D:\桌面資料\暫存\SubTrack\node_modules\@babel\core\lib\vendor\import-meta-resolve.js:224:9)
    at new NodeError (D:\桌面資料\暫存\SubTrack\node_modules\@babel\core\lib\vendor\import-meta-resolve.js:194:5)
    at packageResolve (D:\桌面資料\暫存\SubTrack\node_modules\@babel\core\lib\vendor\import-meta-resolve.js:898:9)
    at moduleResolve (D:\桌面資料\暫存\SubTrack\node_modules\@babel\core\lib\vendor\import-meta-resolve.js:938:18)
    at defaultResolve (D:\桌面資料\暫存\SubTrack\node_modules\@babel\core\lib\vendor\import-meta-resolve.js:1016:15)
    at resolve (D:\桌面資料\暫存\SubTrack\node_modules\@babel\core\lib\vendor\import-meta-resolve.js:1029:12)
    at tryImportMetaResolve (D:\桌面資料\暫存\SubTrack\node_modules\@babel\core\lib\config\files\plugins.js:149:45)
    at resolveStandardizedNameForImport (D:\桌面資料\暫存\SubTrack\node_modules\@babel\core\lib\config\files\plugins.js:174:19)
    at resolveStandardizedName (D:\桌面資料\暫存\SubTrack\node_modules\@babel\core\lib\config\files\plugins.js:186:22)
    at loadPreset (D:\桌面資料\暫存\SubTrack\node_modules\@babel\core\lib\config\files\plugins.js:68:7)
    at loadPreset.next (<anonymous>)
    at createDescriptor (D:\桌面資料\暫存\SubTrack\node_modules\@babel\core\lib\config\config-descriptors.js:140:16)
    at createDescriptor.next (<anonymous>)
    at step (D:\桌面資料\暫存\SubTrack\node_modules\gensync\index.js:261:32)
    at evaluateAsync (D:\桌面資料\暫存\SubTrack\node_modules\gensync\index.js:291:5)
    at D:\桌面資料\暫存\SubTrack\node_modules\gensync\index.js:44:11
    at Array.forEach (<anonymous>)
    at gensync.async (D:\桌面資料\暫存\SubTrack\node_modules\gensync\index.js:43:15)
    at gensync.all (D:\桌面資料\暫存\SubTrack\node_modules\gensync\index.js:216:13)
    at Generator.next (<anonymous>)
    at createDescriptors (D:\桌面資料\暫存\SubTrack\node_modules\@babel\core\lib\config\config-descriptors.js:102:41)
    at createDescriptors.next (<anonymous>)
    at createPresetDescriptors (D:\桌面資料\暫存\SubTrack\node_modules\@babel\core\lib\config\config-descriptors.js:96:17)
    at createPresetDescriptors.next (<anonymous>)
    at D:\桌面資料\暫存\SubTrack\node_modules\@babel\core\lib\gensync-utils\functional.js:39:27
    at Generator.next (<anonymous>)
    at mergeChainOpts (D:\桌面資料\暫存\SubTrack\node_modules\@babel\core\lib\config\config-chain.js:350:34)
    at mergeChainOpts.next (<anonymous>)
    at chainWalker (D:\桌面資料\暫存\SubTrack\node_modules\@babel\core\lib\config\config-chain.js:316:14)
    at chainWalker.next (<anonymous>)
    at loadFileChain (D:\桌面資料\暫存\SubTrack\node_modules\@babel\core\lib\config\config-chain.js:191:24)
    at loadFileChain.next (<anonymous>)
    at buildRootChain (D:\桌面資料\暫存\SubTrack\node_modules\@babel\core\lib\config\config-chain.js:77:27)
    at buildRootChain.next (<anonymous>)
    at loadPrivatePartialConfig (D:\桌面資料\暫存\SubTrack\node_modules\@babel\core\lib\config\partial.js:72:62)
    at loadPrivatePartialConfig.next (<anonymous>)
    at loadPartialConfig (D:\桌面資料\暫存\SubTrack\node_modules\@babel\core\lib\config\partial.js:115:25)
    at loadPartialConfig.next (<anonymous>)
    at step (D:\桌面資料\暫存\SubTrack\node_modules\gensync\index.js:269:25)
    at D:\桌面資料\暫存\SubTrack\node_modules\gensync\index.js:273:13
    at async.call.result.err.err (D:\桌面資料\暫存\SubTrack\node_modules\gensync\index.js:223:11)
    at D:\桌面資料\暫存\SubTrack\node_modules\gensync\index.js:189:28
    at D:\桌面資料\暫存\SubTrack\node_modules\@babel\core\lib\gensync-utils\async.js:67:7
    at D:\桌面資料\暫存\SubTrack\node_modules\gensync\index.js:113:33
    at step (D:\桌面資料\暫存\SubTrack\node_modules\gensync\index.js:287:14)
    at D:\桌面資料\暫存\SubTrack\node_modules\gensync\index.js:273:13
    at async.call.result.err.err (D:\桌面資料\暫存\SubTrack\node_modules\gensync\index.js:223:11)
    at D:\桌面資料\暫存\SubTrack\node_modules\gensync\index.js:37:40
    at process.processTicksAndRejections (node:internal/process/task_queues:103:5)
Failed to collect coverage from D:\桌面資料\暫存\SubTrack\src\components\SplitBillModal.tsx
ERROR: Cannot find package 'babel-preset-expo' imported from D:\桌面資料\暫存\SubTrack\babel-virtual-resolve-base.js
STACK: Error: Cannot find package 'babel-preset-expo' imported from D:\桌面資料\暫存\SubTrack\babel-virtual-resolve-base.js
    at __node_internal_ (D:\桌面資料\暫存\SubTrack\node_modules\@babel\core\lib\vendor\import-meta-resolve.js:224:9)
    at new NodeError (D:\桌面資料\暫存\SubTrack\node_modules\@babel\core\lib\vendor\import-meta-resolve.js:194:5)
    at packageResolve (D:\桌面資料\暫存\SubTrack\node_modules\@babel\core\lib\vendor\import-meta-resolve.js:898:9)
    at moduleResolve (D:\桌面資料\暫存\SubTrack\node_modules\@babel\core\lib\vendor\import-meta-resolve.js:938:18)
    at defaultResolve (D:\桌面資料\暫存\SubTrack\node_modules\@babel\core\lib\vendor\import-meta-resolve.js:1016:15)
    at resolve (D:\桌面資料\暫存\SubTrack\node_modules\@babel\core\lib\vendor\import-meta-resolve.js:1029:12)
    at tryImportMetaResolve (D:\桌面資料\暫存\SubTrack\node_modules\@babel\core\lib\config\files\plugins.js:149:45)
    at resolveStandardizedNameForImport (D:\桌面資料\暫存\SubTrack\node_modules\@babel\core\lib\config\files\plugins.js:174:19)
    at resolveStandardizedName (D:\桌面資料\暫存\SubTrack\node_modules\@babel\core\lib\config\files\plugins.js:186:22)
    at loadPreset (D:\桌面資料\暫存\SubTrack\node_modules\@babel\core\lib\config\files\plugins.js:68:7)
    at loadPreset.next (<anonymous>)
    at createDescriptor (D:\桌面資料\暫存\SubTrack\node_modules\@babel\core\lib\config\config-descriptors.js:140:16)
    at createDescriptor.next (<anonymous>)
    at step (D:\桌面資料\暫存\SubTrack\node_modules\gensync\index.js:261:32)
    at evaluateAsync (D:\桌面資料\暫存\SubTrack\node_modules\gensync\index.js:291:5)
    at D:\桌面資料\暫存\SubTrack\node_modules\gensync\index.js:44:11
    at Array.forEach (<anonymous>)
    at gensync.async (D:\桌面資料\暫存\SubTrack\node_modules\gensync\index.js:43:15)
    at gensync.all (D:\桌面資料\暫存\SubTrack\node_modules\gensync\index.js:216:13)
    at Generator.next (<anonymous>)
    at createDescriptors (D:\桌面資料\暫存\SubTrack\node_modules\@babel\core\lib\config\config-descriptors.js:102:41)
    at createDescriptors.next (<anonymous>)
    at createPresetDescriptors (D:\桌面資料\暫存\SubTrack\node_modules\@babel\core\lib\config\config-descriptors.js:96:17)
    at createPresetDescriptors.next (<anonymous>)
    at D:\桌面資料\暫存\SubTrack\node_modules\@babel\core\lib\gensync-utils\functional.js:39:27
    at Generator.next (<anonymous>)
    at mergeChainOpts (D:\桌面資料\暫存\SubTrack\node_modules\@babel\core\lib\config\config-chain.js:350:34)
    at mergeChainOpts.next (<anonymous>)
    at chainWalker (D:\桌面資料\暫存\SubTrack\node_modules\@babel\core\lib\config\config-chain.js:316:14)
    at chainWalker.next (<anonymous>)
    at loadFileChain (D:\桌面資料\暫存\SubTrack\node_modules\@babel\core\lib\config\config-chain.js:191:24)
    at loadFileChain.next (<anonymous>)
    at buildRootChain (D:\桌面資料\暫存\SubTrack\node_modules\@babel\core\lib\config\config-chain.js:77:27)
    at buildRootChain.next (<anonymous>)
    at loadPrivatePartialConfig (D:\桌面資料\暫存\SubTrack\node_modules\@babel\core\lib\config\partial.js:72:62)
    at loadPrivatePartialConfig.next (<anonymous>)
    at loadPartialConfig (D:\桌面資料\暫存\SubTrack\node_modules\@babel\core\lib\config\partial.js:115:25)
    at loadPartialConfig.next (<anonymous>)
    at step (D:\桌面資料\暫存\SubTrack\node_modules\gensync\index.js:269:25)
    at D:\桌面資料\暫存\SubTrack\node_modules\gensync\index.js:273:13
    at async.call.result.err.err (D:\桌面資料\暫存\SubTrack\node_modules\gensync\index.js:223:11)
    at D:\桌面資料\暫存\SubTrack\node_modules\gensync\index.js:189:28
    at D:\桌面資料\暫存\SubTrack\node_modules\@babel\core\lib\gensync-utils\async.js:67:7
    at D:\桌面資料\暫存\SubTrack\node_modules\gensync\index.js:113:33
    at step (D:\桌面資料\暫存\SubTrack\node_modules\gensync\index.js:287:14)
    at D:\桌面資料\暫存\SubTrack\node_modules\gensync\index.js:273:13
    at async.call.result.err.err (D:\桌面資料\暫存\SubTrack\node_modules\gensync\index.js:223:11)
    at D:\桌面資料\暫存\SubTrack\node_modules\gensync\index.js:37:40
    at process.processTicksAndRejections (node:internal/process/task_queues:103:5)
Failed to collect coverage from D:\桌面資料\暫存\SubTrack\src\components\SummaryCard.tsx
ERROR: Cannot find package 'babel-preset-expo' imported from D:\桌面資料\暫存\SubTrack\babel-virtual-resolve-base.js
STACK: Error: Cannot find package 'babel-preset-expo' imported from D:\桌面資料\暫存\SubTrack\babel-virtual-resolve-base.js
    at __node_internal_ (D:\桌面資料\暫存\SubTrack\node_modules\@babel\core\lib\vendor\import-meta-resolve.js:224:9)
    at new NodeError (D:\桌面資料\暫存\SubTrack\node_modules\@babel\core\lib\vendor\import-meta-resolve.js:194:5)
    at packageResolve (D:\桌面資料\暫存\SubTrack\node_modules\@babel\core\lib\vendor\import-meta-resolve.js:898:9)
    at moduleResolve (D:\桌面資料\暫存\SubTrack\node_modules\@babel\core\lib\vendor\import-meta-resolve.js:938:18)
    at defaultResolve (D:\桌面資料\暫存\SubTrack\node_modules\@babel\core\lib\vendor\import-meta-resolve.js:1016:15)
    at resolve (D:\桌面資料\暫存\SubTrack\node_modules\@babel\core\lib\vendor\import-meta-resolve.js:1029:12)
    at tryImportMetaResolve (D:\桌面資料\暫存\SubTrack\node_modules\@babel\core\lib\config\files\plugins.js:149:45)
    at resolveStandardizedNameForImport (D:\桌面資料\暫存\SubTrack\node_modules\@babel\core\lib\config\files\plugins.js:174:19)
    at resolveStandardizedName (D:\桌面資料\暫存\SubTrack\node_modules\@babel\core\lib\config\files\plugins.js:186:22)
    at loadPreset (D:\桌面資料\暫存\SubTrack\node_modules\@babel\core\lib\config\files\plugins.js:68:7)
    at loadPreset.next (<anonymous>)
    at createDescriptor (D:\桌面資料\暫存\SubTrack\node_modules\@babel\core\lib\config\config-descriptors.js:140:16)
    at createDescriptor.next (<anonymous>)
    at step (D:\桌面資料\暫存\SubTrack\node_modules\gensync\index.js:261:32)
    at evaluateAsync (D:\桌面資料\暫存\SubTrack\node_modules\gensync\index.js:291:5)
    at D:\桌面資料\暫存\SubTrack\node_modules\gensync\index.js:44:11
    at Array.forEach (<anonymous>)
    at gensync.async (D:\桌面資料\暫存\SubTrack\node_modules\gensync\index.js:43:15)
    at gensync.all (D:\桌面資料\暫存\SubTrack\node_modules\gensync\index.js:216:13)
    at Generator.next (<anonymous>)
    at createDescriptors (D:\桌面資料\暫存\SubTrack\node_modules\@babel\core\lib\config\config-descriptors.js:102:41)
    at createDescriptors.next (<anonymous>)
    at createPresetDescriptors (D:\桌面資料\暫存\SubTrack\node_modules\@babel\core\lib\config\config-descriptors.js:96:17)
    at createPresetDescriptors.next (<anonymous>)
    at D:\桌面資料\暫存\SubTrack\node_modules\@babel\core\lib\gensync-utils\functional.js:39:27
    at Generator.next (<anonymous>)
    at mergeChainOpts (D:\桌面資料\暫存\SubTrack\node_modules\@babel\core\lib\config\config-chain.js:350:34)
    at mergeChainOpts.next (<anonymous>)
    at chainWalker (D:\桌面資料\暫存\SubTrack\node_modules\@babel\core\lib\config\config-chain.js:316:14)
    at chainWalker.next (<anonymous>)
    at loadFileChain (D:\桌面資料\暫存\SubTrack\node_modules\@babel\core\lib\config\config-chain.js:191:24)
    at loadFileChain.next (<anonymous>)
    at buildRootChain (D:\桌面資料\暫存\SubTrack\node_modules\@babel\core\lib\config\config-chain.js:77:27)
    at buildRootChain.next (<anonymous>)
    at loadPrivatePartialConfig (D:\桌面資料\暫存\SubTrack\node_modules\@babel\core\lib\config\partial.js:72:62)
    at loadPrivatePartialConfig.next (<anonymous>)
    at loadPartialConfig (D:\桌面資料\暫存\SubTrack\node_modules\@babel\core\lib\config\partial.js:115:25)
    at loadPartialConfig.next (<anonymous>)
    at step (D:\桌面資料\暫存\SubTrack\node_modules\gensync\index.js:269:25)
    at D:\桌面資料\暫存\SubTrack\node_modules\gensync\index.js:273:13
    at async.call.result.err.err (D:\桌面資料\暫存\SubTrack\node_modules\gensync\index.js:223:11)
    at D:\桌面資料\暫存\SubTrack\node_modules\gensync\index.js:189:28
    at D:\桌面資料\暫存\SubTrack\node_modules\@babel\core\lib\gensync-utils\async.js:67:7
    at D:\桌面資料\暫存\SubTrack\node_modules\gensync\index.js:113:33
    at step (D:\桌面資料\暫存\SubTrack\node_modules\gensync\index.js:287:14)
    at D:\桌面資料\暫存\SubTrack\node_modules\gensync\index.js:273:13
    at async.call.result.err.err (D:\桌面資料\暫存\SubTrack\node_modules\gensync\index.js:223:11)
    at D:\桌面資料\暫存\SubTrack\node_modules\gensync\index.js:37:40
    at process.processTicksAndRejections (node:internal/process/task_queues:103:5)
Failed to collect coverage from D:\桌面資料\暫存\SubTrack\src\components\TagChip.tsx
ERROR: Cannot find package 'babel-preset-expo' imported from D:\桌面資料\暫存\SubTrack\babel-virtual-resolve-base.js
STACK: Error: Cannot find package 'babel-preset-expo' imported from D:\桌面資料\暫存\SubTrack\babel-virtual-resolve-base.js
    at __node_internal_ (D:\桌面資料\暫存\SubTrack\node_modules\@babel\core\lib\vendor\import-meta-resolve.js:224:9)
    at new NodeError (D:\桌面資料\暫存\SubTrack\node_modules\@babel\core\lib\vendor\import-meta-resolve.js:194:5)
    at packageResolve (D:\桌面資料\暫存\SubTrack\node_modules\@babel\core\lib\vendor\import-meta-resolve.js:898:9)
    at moduleResolve (D:\桌面資料\暫存\SubTrack\node_modules\@babel\core\lib\vendor\import-meta-resolve.js:938:18)
    at defaultResolve (D:\桌面資料\暫存\SubTrack\node_modules\@babel\core\lib\vendor\import-meta-resolve.js:1016:15)
    at resolve (D:\桌面資料\暫存\SubTrack\node_modules\@babel\core\lib\vendor\import-meta-resolve.js:1029:12)
    at tryImportMetaResolve (D:\桌面資料\暫存\SubTrack\node_modules\@babel\core\lib\config\files\plugins.js:149:45)
    at resolveStandardizedNameForImport (D:\桌面資料\暫存\SubTrack\node_modules\@babel\core\lib\config\files\plugins.js:174:19)
    at resolveStandardizedName (D:\桌面資料\暫存\SubTrack\node_modules\@babel\core\lib\config\files\plugins.js:186:22)
    at loadPreset (D:\桌面資料\暫存\SubTrack\node_modules\@babel\core\lib\config\files\plugins.js:68:7)
    at loadPreset.next (<anonymous>)
    at createDescriptor (D:\桌面資料\暫存\SubTrack\node_modules\@babel\core\lib\config\config-descriptors.js:140:16)
    at createDescriptor.next (<anonymous>)
    at step (D:\桌面資料\暫存\SubTrack\node_modules\gensync\index.js:261:32)
    at evaluateAsync (D:\桌面資料\暫存\SubTrack\node_modules\gensync\index.js:291:5)
    at D:\桌面資料\暫存\SubTrack\node_modules\gensync\index.js:44:11
    at Array.forEach (<anonymous>)
    at gensync.async (D:\桌面資料\暫存\SubTrack\node_modules\gensync\index.js:43:15)
    at gensync.all (D:\桌面資料\暫存\SubTrack\node_modules\gensync\index.js:216:13)
    at Generator.next (<anonymous>)
    at createDescriptors (D:\桌面資料\暫存\SubTrack\node_modules\@babel\core\lib\config\config-descriptors.js:102:41)
    at createDescriptors.next (<anonymous>)
    at createPresetDescriptors (D:\桌面資料\暫存\SubTrack\node_modules\@babel\core\lib\config\config-descriptors.js:96:17)
    at createPresetDescriptors.next (<anonymous>)
    at D:\桌面資料\暫存\SubTrack\node_modules\@babel\core\lib\gensync-utils\functional.js:39:27
    at Generator.next (<anonymous>)
    at mergeChainOpts (D:\桌面資料\暫存\SubTrack\node_modules\@babel\core\lib\config\config-chain.js:350:34)
    at mergeChainOpts.next (<anonymous>)
    at chainWalker (D:\桌面資料\暫存\SubTrack\node_modules\@babel\core\lib\config\config-chain.js:316:14)
    at chainWalker.next (<anonymous>)
    at loadFileChain (D:\桌面資料\暫存\SubTrack\node_modules\@babel\core\lib\config\config-chain.js:191:24)
    at loadFileChain.next (<anonymous>)
    at buildRootChain (D:\桌面資料\暫存\SubTrack\node_modules\@babel\core\lib\config\config-chain.js:77:27)
    at buildRootChain.next (<anonymous>)
    at loadPrivatePartialConfig (D:\桌面資料\暫存\SubTrack\node_modules\@babel\core\lib\config\partial.js:72:62)
    at loadPrivatePartialConfig.next (<anonymous>)
    at loadPartialConfig (D:\桌面資料\暫存\SubTrack\node_modules\@babel\core\lib\config\partial.js:115:25)
    at loadPartialConfig.next (<anonymous>)
    at step (D:\桌面資料\暫存\SubTrack\node_modules\gensync\index.js:269:25)
    at D:\桌面資料\暫存\SubTrack\node_modules\gensync\index.js:273:13
    at async.call.result.err.err (D:\桌面資料\暫存\SubTrack\node_modules\gensync\index.js:223:11)
    at D:\桌面資料\暫存\SubTrack\node_modules\gensync\index.js:189:28
    at D:\桌面資料\暫存\SubTrack\node_modules\@babel\core\lib\gensync-utils\async.js:67:7
    at D:\桌面資料\暫存\SubTrack\node_modules\gensync\index.js:113:33
    at step (D:\桌面資料\暫存\SubTrack\node_modules\gensync\index.js:287:14)
    at D:\桌面資料\暫存\SubTrack\node_modules\gensync\index.js:273:13
    at async.call.result.err.err (D:\桌面資料\暫存\SubTrack\node_modules\gensync\index.js:223:11)
    at D:\桌面資料\暫存\SubTrack\node_modules\gensync\index.js:37:40
    at process.processTicksAndRejections (node:internal/process/task_queues:103:5)
Failed to collect coverage from D:\桌面資料\暫存\SubTrack\src\components\TagSelector.tsx
ERROR: Cannot find package 'babel-preset-expo' imported from D:\桌面資料\暫存\SubTrack\babel-virtual-resolve-base.js
STACK: Error: Cannot find package 'babel-preset-expo' imported from D:\桌面資料\暫存\SubTrack\babel-virtual-resolve-base.js
    at __node_internal_ (D:\桌面資料\暫存\SubTrack\node_modules\@babel\core\lib\vendor\import-meta-resolve.js:224:9)
    at new NodeError (D:\桌面資料\暫存\SubTrack\node_modules\@babel\core\lib\vendor\import-meta-resolve.js:194:5)
    at packageResolve (D:\桌面資料\暫存\SubTrack\node_modules\@babel\core\lib\vendor\import-meta-resolve.js:898:9)
    at moduleResolve (D:\桌面資料\暫存\SubTrack\node_modules\@babel\core\lib\vendor\import-meta-resolve.js:938:18)
    at defaultResolve (D:\桌面資料\暫存\SubTrack\node_modules\@babel\core\lib\vendor\import-meta-resolve.js:1016:15)
    at resolve (D:\桌面資料\暫存\SubTrack\node_modules\@babel\core\lib\vendor\import-meta-resolve.js:1029:12)
    at tryImportMetaResolve (D:\桌面資料\暫存\SubTrack\node_modules\@babel\core\lib\config\files\plugins.js:149:45)
    at resolveStandardizedNameForImport (D:\桌面資料\暫存\SubTrack\node_modules\@babel\core\lib\config\files\plugins.js:174:19)
    at resolveStandardizedName (D:\桌面資料\暫存\SubTrack\node_modules\@babel\core\lib\config\files\plugins.js:186:22)
    at loadPreset (D:\桌面資料\暫存\SubTrack\node_modules\@babel\core\lib\config\files\plugins.js:68:7)
    at loadPreset.next (<anonymous>)
    at createDescriptor (D:\桌面資料\暫存\SubTrack\node_modules\@babel\core\lib\config\config-descriptors.js:140:16)
    at createDescriptor.next (<anonymous>)
    at step (D:\桌面資料\暫存\SubTrack\node_modules\gensync\index.js:261:32)
    at evaluateAsync (D:\桌面資料\暫存\SubTrack\node_modules\gensync\index.js:291:5)
    at D:\桌面資料\暫存\SubTrack\node_modules\gensync\index.js:44:11
    at Array.forEach (<anonymous>)
    at gensync.async (D:\桌面資料\暫存\SubTrack\node_modules\gensync\index.js:43:15)
    at gensync.all (D:\桌面資料\暫存\SubTrack\node_modules\gensync\index.js:216:13)
    at Generator.next (<anonymous>)
    at createDescriptors (D:\桌面資料\暫存\SubTrack\node_modules\@babel\core\lib\config\config-descriptors.js:102:41)
    at createDescriptors.next (<anonymous>)
    at createPresetDescriptors (D:\桌面資料\暫存\SubTrack\node_modules\@babel\core\lib\config\config-descriptors.js:96:17)
    at createPresetDescriptors.next (<anonymous>)
    at D:\桌面資料\暫存\SubTrack\node_modules\@babel\core\lib\gensync-utils\functional.js:39:27
    at Generator.next (<anonymous>)
    at mergeChainOpts (D:\桌面資料\暫存\SubTrack\node_modules\@babel\core\lib\config\config-chain.js:350:34)
    at mergeChainOpts.next (<anonymous>)
    at chainWalker (D:\桌面資料\暫存\SubTrack\node_modules\@babel\core\lib\config\config-chain.js:316:14)
    at chainWalker.next (<anonymous>)
    at loadFileChain (D:\桌面資料\暫存\SubTrack\node_modules\@babel\core\lib\config\config-chain.js:191:24)
    at loadFileChain.next (<anonymous>)
    at buildRootChain (D:\桌面資料\暫存\SubTrack\node_modules\@babel\core\lib\config\config-chain.js:77:27)
    at buildRootChain.next (<anonymous>)
    at loadPrivatePartialConfig (D:\桌面資料\暫存\SubTrack\node_modules\@babel\core\lib\config\partial.js:72:62)
    at loadPrivatePartialConfig.next (<anonymous>)
    at loadPartialConfig (D:\桌面資料\暫存\SubTrack\node_modules\@babel\core\lib\config\partial.js:115:25)
    at loadPartialConfig.next (<anonymous>)
    at step (D:\桌面資料\暫存\SubTrack\node_modules\gensync\index.js:269:25)
    at D:\桌面資料\暫存\SubTrack\node_modules\gensync\index.js:273:13
    at async.call.result.err.err (D:\桌面資料\暫存\SubTrack\node_modules\gensync\index.js:223:11)
    at D:\桌面資料\暫存\SubTrack\node_modules\gensync\index.js:189:28
    at D:\桌面資料\暫存\SubTrack\node_modules\@babel\core\lib\gensync-utils\async.js:67:7
    at D:\桌面資料\暫存\SubTrack\node_modules\gensync\index.js:113:33
    at step (D:\桌面資料\暫存\SubTrack\node_modules\gensync\index.js:287:14)
    at D:\桌面資料\暫存\SubTrack\node_modules\gensync\index.js:273:13
    at async.call.result.err.err (D:\桌面資料\暫存\SubTrack\node_modules\gensync\index.js:223:11)
    at D:\桌面資料\暫存\SubTrack\node_modules\gensync\index.js:37:40
    at process.processTicksAndRejections (node:internal/process/task_queues:103:5)
Failed to collect coverage from D:\桌面資料\暫存\SubTrack\src\components\SubscriptionCard.tsx
ERROR: Cannot find package 'babel-preset-expo' imported from D:\桌面資料\暫存\SubTrack\babel-virtual-resolve-base.js
STACK: Error: Cannot find package 'babel-preset-expo' imported from D:\桌面資料\暫存\SubTrack\babel-virtual-resolve-base.js
    at __node_internal_ (D:\桌面資料\暫存\SubTrack\node_modules\@babel\core\lib\vendor\import-meta-resolve.js:224:9)
    at new NodeError (D:\桌面資料\暫存\SubTrack\node_modules\@babel\core\lib\vendor\import-meta-resolve.js:194:5)
    at packageResolve (D:\桌面資料\暫存\SubTrack\node_modules\@babel\core\lib\vendor\import-meta-resolve.js:898:9)
    at moduleResolve (D:\桌面資料\暫存\SubTrack\node_modules\@babel\core\lib\vendor\import-meta-resolve.js:938:18)
    at defaultResolve (D:\桌面資料\暫存\SubTrack\node_modules\@babel\core\lib\vendor\import-meta-resolve.js:1016:15)
    at resolve (D:\桌面資料\暫存\SubTrack\node_modules\@babel\core\lib\vendor\import-meta-resolve.js:1029:12)
    at tryImportMetaResolve (D:\桌面資料\暫存\SubTrack\node_modules\@babel\core\lib\config\files\plugins.js:149:45)
    at resolveStandardizedNameForImport (D:\桌面資料\暫存\SubTrack\node_modules\@babel\core\lib\config\files\plugins.js:174:19)
    at resolveStandardizedName (D:\桌面資料\暫存\SubTrack\node_modules\@babel\core\lib\config\files\plugins.js:186:22)
    at loadPreset (D:\桌面資料\暫存\SubTrack\node_modules\@babel\core\lib\config\files\plugins.js:68:7)
    at loadPreset.next (<anonymous>)
    at createDescriptor (D:\桌面資料\暫存\SubTrack\node_modules\@babel\core\lib\config\config-descriptors.js:140:16)
    at createDescriptor.next (<anonymous>)
    at step (D:\桌面資料\暫存\SubTrack\node_modules\gensync\index.js:261:32)
    at evaluateAsync (D:\桌面資料\暫存\SubTrack\node_modules\gensync\index.js:291:5)
    at D:\桌面資料\暫存\SubTrack\node_modules\gensync\index.js:44:11
    at Array.forEach (<anonymous>)
    at gensync.async (D:\桌面資料\暫存\SubTrack\node_modules\gensync\index.js:43:15)
    at gensync.all (D:\桌面資料\暫存\SubTrack\node_modules\gensync\index.js:216:13)
    at Generator.next (<anonymous>)
    at createDescriptors (D:\桌面資料\暫存\SubTrack\node_modules\@babel\core\lib\config\config-descriptors.js:102:41)
    at createDescriptors.next (<anonymous>)
    at createPresetDescriptors (D:\桌面資料\暫存\SubTrack\node_modules\@babel\core\lib\config\config-descriptors.js:96:17)
    at createPresetDescriptors.next (<anonymous>)
    at D:\桌面資料\暫存\SubTrack\node_modules\@babel\core\lib\gensync-utils\functional.js:39:27
    at Generator.next (<anonymous>)
    at mergeChainOpts (D:\桌面資料\暫存\SubTrack\node_modules\@babel\core\lib\config\config-chain.js:350:34)
    at mergeChainOpts.next (<anonymous>)
    at chainWalker (D:\桌面資料\暫存\SubTrack\node_modules\@babel\core\lib\config\config-chain.js:316:14)
    at chainWalker.next (<anonymous>)
    at loadFileChain (D:\桌面資料\暫存\SubTrack\node_modules\@babel\core\lib\config\config-chain.js:191:24)
    at loadFileChain.next (<anonymous>)
    at buildRootChain (D:\桌面資料\暫存\SubTrack\node_modules\@babel\core\lib\config\config-chain.js:77:27)
    at buildRootChain.next (<anonymous>)
    at loadPrivatePartialConfig (D:\桌面資料\暫存\SubTrack\node_modules\@babel\core\lib\config\partial.js:72:62)
    at loadPrivatePartialConfig.next (<anonymous>)
    at loadPartialConfig (D:\桌面資料\暫存\SubTrack\node_modules\@babel\core\lib\config\partial.js:115:25)
    at loadPartialConfig.next (<anonymous>)
    at step (D:\桌面資料\暫存\SubTrack\node_modules\gensync\index.js:269:25)
    at D:\桌面資料\暫存\SubTrack\node_modules\gensync\index.js:273:13
    at async.call.result.err.err (D:\桌面資料\暫存\SubTrack\node_modules\gensync\index.js:223:11)
    at D:\桌面資料\暫存\SubTrack\node_modules\gensync\index.js:189:28
    at D:\桌面資料\暫存\SubTrack\node_modules\@babel\core\lib\gensync-utils\async.js:67:7
    at D:\桌面資料\暫存\SubTrack\node_modules\gensync\index.js:113:33
    at step (D:\桌面資料\暫存\SubTrack\node_modules\gensync\index.js:287:14)
    at D:\桌面資料\暫存\SubTrack\node_modules\gensync\index.js:273:13
    at async.call.result.err.err (D:\桌面資料\暫存\SubTrack\node_modules\gensync\index.js:223:11)
    at D:\桌面資料\暫存\SubTrack\node_modules\gensync\index.js:37:40
    at process.processTicksAndRejections (node:internal/process/task_queues:103:5)
Failed to collect coverage from D:\桌面資料\暫存\SubTrack\src\components\Toast.tsx
ERROR: Cannot find package 'babel-preset-expo' imported from D:\桌面資料\暫存\SubTrack\babel-virtual-resolve-base.js
STACK: Error: Cannot find package 'babel-preset-expo' imported from D:\桌面資料\暫存\SubTrack\babel-virtual-resolve-base.js
    at __node_internal_ (D:\桌面資料\暫存\SubTrack\node_modules\@babel\core\lib\vendor\import-meta-resolve.js:224:9)
    at new NodeError (D:\桌面資料\暫存\SubTrack\node_modules\@babel\core\lib\vendor\import-meta-resolve.js:194:5)
    at packageResolve (D:\桌面資料\暫存\SubTrack\node_modules\@babel\core\lib\vendor\import-meta-resolve.js:898:9)
    at moduleResolve (D:\桌面資料\暫存\SubTrack\node_modules\@babel\core\lib\vendor\import-meta-resolve.js:938:18)
    at defaultResolve (D:\桌面資料\暫存\SubTrack\node_modules\@babel\core\lib\vendor\import-meta-resolve.js:1016:15)
    at resolve (D:\桌面資料\暫存\SubTrack\node_modules\@babel\core\lib\vendor\import-meta-resolve.js:1029:12)
    at tryImportMetaResolve (D:\桌面資料\暫存\SubTrack\node_modules\@babel\core\lib\config\files\plugins.js:149:45)
    at resolveStandardizedNameForImport (D:\桌面資料\暫存\SubTrack\node_modules\@babel\core\lib\config\files\plugins.js:174:19)
    at resolveStandardizedName (D:\桌面資料\暫存\SubTrack\node_modules\@babel\core\lib\config\files\plugins.js:186:22)
    at loadPreset (D:\桌面資料\暫存\SubTrack\node_modules\@babel\core\lib\config\files\plugins.js:68:7)
    at loadPreset.next (<anonymous>)
    at createDescriptor (D:\桌面資料\暫存\SubTrack\node_modules\@babel\core\lib\config\config-descriptors.js:140:16)
    at createDescriptor.next (<anonymous>)
    at step (D:\桌面資料\暫存\SubTrack\node_modules\gensync\index.js:261:32)
    at evaluateAsync (D:\桌面資料\暫存\SubTrack\node_modules\gensync\index.js:291:5)
    at D:\桌面資料\暫存\SubTrack\node_modules\gensync\index.js:44:11
    at Array.forEach (<anonymous>)
    at gensync.async (D:\桌面資料\暫存\SubTrack\node_modules\gensync\index.js:43:15)
    at gensync.all (D:\桌面資料\暫存\SubTrack\node_modules\gensync\index.js:216:13)
    at Generator.next (<anonymous>)
    at createDescriptors (D:\桌面資料\暫存\SubTrack\node_modules\@babel\core\lib\config\config-descriptors.js:102:41)
    at createDescriptors.next (<anonymous>)
    at createPresetDescriptors (D:\桌面資料\暫存\SubTrack\node_modules\@babel\core\lib\config\config-descriptors.js:96:17)
    at createPresetDescriptors.next (<anonymous>)
    at D:\桌面資料\暫存\SubTrack\node_modules\@babel\core\lib\gensync-utils\functional.js:39:27
    at Generator.next (<anonymous>)
    at mergeChainOpts (D:\桌面資料\暫存\SubTrack\node_modules\@babel\core\lib\config\config-chain.js:350:34)
    at mergeChainOpts.next (<anonymous>)
    at chainWalker (D:\桌面資料\暫存\SubTrack\node_modules\@babel\core\lib\config\config-chain.js:316:14)
    at chainWalker.next (<anonymous>)
    at loadFileChain (D:\桌面資料\暫存\SubTrack\node_modules\@babel\core\lib\config\config-chain.js:191:24)
    at loadFileChain.next (<anonymous>)
    at buildRootChain (D:\桌面資料\暫存\SubTrack\node_modules\@babel\core\lib\config\config-chain.js:77:27)
    at buildRootChain.next (<anonymous>)
    at loadPrivatePartialConfig (D:\桌面資料\暫存\SubTrack\node_modules\@babel\core\lib\config\partial.js:72:62)
    at loadPrivatePartialConfig.next (<anonymous>)
    at loadPartialConfig (D:\桌面資料\暫存\SubTrack\node_modules\@babel\core\lib\config\partial.js:115:25)
    at loadPartialConfig.next (<anonymous>)
    at step (D:\桌面資料\暫存\SubTrack\node_modules\gensync\index.js:269:25)
    at D:\桌面資料\暫存\SubTrack\node_modules\gensync\index.js:273:13
    at async.call.result.err.err (D:\桌面資料\暫存\SubTrack\node_modules\gensync\index.js:223:11)
    at D:\桌面資料\暫存\SubTrack\node_modules\gensync\index.js:189:28
    at D:\桌面資料\暫存\SubTrack\node_modules\@babel\core\lib\gensync-utils\async.js:67:7
    at D:\桌面資料\暫存\SubTrack\node_modules\gensync\index.js:113:33
    at step (D:\桌面資料\暫存\SubTrack\node_modules\gensync\index.js:287:14)
    at D:\桌面資料\暫存\SubTrack\node_modules\gensync\index.js:273:13
    at async.call.result.err.err (D:\桌面資料\暫存\SubTrack\node_modules\gensync\index.js:223:11)
    at D:\桌面資料\暫存\SubTrack\node_modules\gensync\index.js:37:40
    at process.processTicksAndRejections (node:internal/process/task_queues:103:5)
Failed to collect coverage from D:\桌面資料\暫存\SubTrack\src\constants\AppConfig.ts
ERROR: Cannot find package 'babel-preset-expo' imported from D:\桌面資料\暫存\SubTrack\babel-virtual-resolve-base.js
STACK: Error: Cannot find package 'babel-preset-expo' imported from D:\桌面資料\暫存\SubTrack\babel-virtual-resolve-base.js
    at __node_internal_ (D:\桌面資料\暫存\SubTrack\node_modules\@babel\core\lib\vendor\import-meta-resolve.js:224:9)
    at new NodeError (D:\桌面資料\暫存\SubTrack\node_modules\@babel\core\lib\vendor\import-meta-resolve.js:194:5)
    at packageResolve (D:\桌面資料\暫存\SubTrack\node_modules\@babel\core\lib\vendor\import-meta-resolve.js:898:9)
    at moduleResolve (D:\桌面資料\暫存\SubTrack\node_modules\@babel\core\lib\vendor\import-meta-resolve.js:938:18)
    at defaultResolve (D:\桌面資料\暫存\SubTrack\node_modules\@babel\core\lib\vendor\import-meta-resolve.js:1016:15)
    at resolve (D:\桌面資料\暫存\SubTrack\node_modules\@babel\core\lib\vendor\import-meta-resolve.js:1029:12)
    at tryImportMetaResolve (D:\桌面資料\暫存\SubTrack\node_modules\@babel\core\lib\config\files\plugins.js:149:45)
    at resolveStandardizedNameForImport (D:\桌面資料\暫存\SubTrack\node_modules\@babel\core\lib\config\files\plugins.js:174:19)
    at resolveStandardizedName (D:\桌面資料\暫存\SubTrack\node_modules\@babel\core\lib\config\files\plugins.js:186:22)
    at loadPreset (D:\桌面資料\暫存\SubTrack\node_modules\@babel\core\lib\config\files\plugins.js:68:7)
    at loadPreset.next (<anonymous>)
    at createDescriptor (D:\桌面資料\暫存\SubTrack\node_modules\@babel\core\lib\config\config-descriptors.js:140:16)
    at createDescriptor.next (<anonymous>)
    at step (D:\桌面資料\暫存\SubTrack\node_modules\gensync\index.js:261:32)
    at evaluateAsync (D:\桌面資料\暫存\SubTrack\node_modules\gensync\index.js:291:5)
    at D:\桌面資料\暫存\SubTrack\node_modules\gensync\index.js:44:11
    at Array.forEach (<anonymous>)
    at gensync.async (D:\桌面資料\暫存\SubTrack\node_modules\gensync\index.js:43:15)
    at gensync.all (D:\桌面資料\暫存\SubTrack\node_modules\gensync\index.js:216:13)
    at Generator.next (<anonymous>)
    at createDescriptors (D:\桌面資料\暫存\SubTrack\node_modules\@babel\core\lib\config\config-descriptors.js:102:41)
    at createDescriptors.next (<anonymous>)
    at createPresetDescriptors (D:\桌面資料\暫存\SubTrack\node_modules\@babel\core\lib\config\config-descriptors.js:96:17)
    at createPresetDescriptors.next (<anonymous>)
    at D:\桌面資料\暫存\SubTrack\node_modules\@babel\core\lib\gensync-utils\functional.js:39:27
    at Generator.next (<anonymous>)
    at mergeChainOpts (D:\桌面資料\暫存\SubTrack\node_modules\@babel\core\lib\config\config-chain.js:350:34)
    at mergeChainOpts.next (<anonymous>)
    at chainWalker (D:\桌面資料\暫存\SubTrack\node_modules\@babel\core\lib\config\config-chain.js:316:14)
    at chainWalker.next (<anonymous>)
    at loadFileChain (D:\桌面資料\暫存\SubTrack\node_modules\@babel\core\lib\config\config-chain.js:191:24)
    at loadFileChain.next (<anonymous>)
    at buildRootChain (D:\桌面資料\暫存\SubTrack\node_modules\@babel\core\lib\config\config-chain.js:77:27)
    at buildRootChain.next (<anonymous>)
    at loadPrivatePartialConfig (D:\桌面資料\暫存\SubTrack\node_modules\@babel\core\lib\config\partial.js:72:62)
    at loadPrivatePartialConfig.next (<anonymous>)
    at loadPartialConfig (D:\桌面資料\暫存\SubTrack\node_modules\@babel\core\lib\config\partial.js:115:25)
    at loadPartialConfig.next (<anonymous>)
    at step (D:\桌面資料\暫存\SubTrack\node_modules\gensync\index.js:269:25)
    at D:\桌面資料\暫存\SubTrack\node_modules\gensync\index.js:273:13
    at async.call.result.err.err (D:\桌面資料\暫存\SubTrack\node_modules\gensync\index.js:223:11)
    at D:\桌面資料\暫存\SubTrack\node_modules\gensync\index.js:189:28
    at D:\桌面資料\暫存\SubTrack\node_modules\@babel\core\lib\gensync-utils\async.js:67:7
    at D:\桌面資料\暫存\SubTrack\node_modules\gensync\index.js:113:33
    at step (D:\桌面資料\暫存\SubTrack\node_modules\gensync\index.js:287:14)
    at D:\桌面資料\暫存\SubTrack\node_modules\gensync\index.js:273:13
    at async.call.result.err.err (D:\桌面資料\暫存\SubTrack\node_modules\gensync\index.js:223:11)
    at D:\桌面資料\暫存\SubTrack\node_modules\gensync\index.js:37:40
    at process.processTicksAndRejections (node:internal/process/task_queues:103:5)
Failed to collect coverage from D:\桌面資料\暫存\SubTrack\src\components\WorkspaceSwitcher.tsx
ERROR: Cannot find package 'babel-preset-expo' imported from D:\桌面資料\暫存\SubTrack\babel-virtual-resolve-base.js
STACK: Error: Cannot find package 'babel-preset-expo' imported from D:\桌面資料\暫存\SubTrack\babel-virtual-resolve-base.js
    at __node_internal_ (D:\桌面資料\暫存\SubTrack\node_modules\@babel\core\lib\vendor\import-meta-resolve.js:224:9)
    at new NodeError (D:\桌面資料\暫存\SubTrack\node_modules\@babel\core\lib\vendor\import-meta-resolve.js:194:5)
    at packageResolve (D:\桌面資料\暫存\SubTrack\node_modules\@babel\core\lib\vendor\import-meta-resolve.js:898:9)
    at moduleResolve (D:\桌面資料\暫存\SubTrack\node_modules\@babel\core\lib\vendor\import-meta-resolve.js:938:18)
    at defaultResolve (D:\桌面資料\暫存\SubTrack\node_modules\@babel\core\lib\vendor\import-meta-resolve.js:1016:15)
    at resolve (D:\桌面資料\暫存\SubTrack\node_modules\@babel\core\lib\vendor\import-meta-resolve.js:1029:12)
    at tryImportMetaResolve (D:\桌面資料\暫存\SubTrack\node_modules\@babel\core\lib\config\files\plugins.js:149:45)
    at resolveStandardizedNameForImport (D:\桌面資料\暫存\SubTrack\node_modules\@babel\core\lib\config\files\plugins.js:174:19)
    at resolveStandardizedName (D:\桌面資料\暫存\SubTrack\node_modules\@babel\core\lib\config\files\plugins.js:186:22)
    at loadPreset (D:\桌面資料\暫存\SubTrack\node_modules\@babel\core\lib\config\files\plugins.js:68:7)
    at loadPreset.next (<anonymous>)
    at createDescriptor (D:\桌面資料\暫存\SubTrack\node_modules\@babel\core\lib\config\config-descriptors.js:140:16)
    at createDescriptor.next (<anonymous>)
    at step (D:\桌面資料\暫存\SubTrack\node_modules\gensync\index.js:261:32)
    at evaluateAsync (D:\桌面資料\暫存\SubTrack\node_modules\gensync\index.js:291:5)
    at D:\桌面資料\暫存\SubTrack\node_modules\gensync\index.js:44:11
    at Array.forEach (<anonymous>)
    at gensync.async (D:\桌面資料\暫存\SubTrack\node_modules\gensync\index.js:43:15)
    at gensync.all (D:\桌面資料\暫存\SubTrack\node_modules\gensync\index.js:216:13)
    at Generator.next (<anonymous>)
    at createDescriptors (D:\桌面資料\暫存\SubTrack\node_modules\@babel\core\lib\config\config-descriptors.js:102:41)
    at createDescriptors.next (<anonymous>)
    at createPresetDescriptors (D:\桌面資料\暫存\SubTrack\node_modules\@babel\core\lib\config\config-descriptors.js:96:17)
    at createPresetDescriptors.next (<anonymous>)
    at D:\桌面資料\暫存\SubTrack\node_modules\@babel\core\lib\gensync-utils\functional.js:39:27
    at Generator.next (<anonymous>)
    at mergeChainOpts (D:\桌面資料\暫存\SubTrack\node_modules\@babel\core\lib\config\config-chain.js:350:34)
    at mergeChainOpts.next (<anonymous>)
    at chainWalker (D:\桌面資料\暫存\SubTrack\node_modules\@babel\core\lib\config\config-chain.js:316:14)
    at chainWalker.next (<anonymous>)
    at loadFileChain (D:\桌面資料\暫存\SubTrack\node_modules\@babel\core\lib\config\config-chain.js:191:24)
    at loadFileChain.next (<anonymous>)
    at buildRootChain (D:\桌面資料\暫存\SubTrack\node_modules\@babel\core\lib\config\config-chain.js:77:27)
    at buildRootChain.next (<anonymous>)
    at loadPrivatePartialConfig (D:\桌面資料\暫存\SubTrack\node_modules\@babel\core\lib\config\partial.js:72:62)
    at loadPrivatePartialConfig.next (<anonymous>)
    at loadPartialConfig (D:\桌面資料\暫存\SubTrack\node_modules\@babel\core\lib\config\partial.js:115:25)
    at loadPartialConfig.next (<anonymous>)
    at step (D:\桌面資料\暫存\SubTrack\node_modules\gensync\index.js:269:25)
    at D:\桌面資料\暫存\SubTrack\node_modules\gensync\index.js:273:13
    at async.call.result.err.err (D:\桌面資料\暫存\SubTrack\node_modules\gensync\index.js:223:11)
    at D:\桌面資料\暫存\SubTrack\node_modules\gensync\index.js:189:28
    at D:\桌面資料\暫存\SubTrack\node_modules\@babel\core\lib\gensync-utils\async.js:67:7
    at D:\桌面資料\暫存\SubTrack\node_modules\gensync\index.js:113:33
    at step (D:\桌面資料\暫存\SubTrack\node_modules\gensync\index.js:287:14)
    at D:\桌面資料\暫存\SubTrack\node_modules\gensync\index.js:273:13
    at async.call.result.err.err (D:\桌面資料\暫存\SubTrack\node_modules\gensync\index.js:223:11)
    at D:\桌面資料\暫存\SubTrack\node_modules\gensync\index.js:37:40
    at process.processTicksAndRejections (node:internal/process/task_queues:103:5)
Failed to collect coverage from D:\桌面資料\暫存\SubTrack\src\constants\Colors.ts
ERROR: Cannot find package 'babel-preset-expo' imported from D:\桌面資料\暫存\SubTrack\babel-virtual-resolve-base.js
STACK: Error: Cannot find package 'babel-preset-expo' imported from D:\桌面資料\暫存\SubTrack\babel-virtual-resolve-base.js
    at __node_internal_ (D:\桌面資料\暫存\SubTrack\node_modules\@babel\core\lib\vendor\import-meta-resolve.js:224:9)
    at new NodeError (D:\桌面資料\暫存\SubTrack\node_modules\@babel\core\lib\vendor\import-meta-resolve.js:194:5)
    at packageResolve (D:\桌面資料\暫存\SubTrack\node_modules\@babel\core\lib\vendor\import-meta-resolve.js:898:9)
    at moduleResolve (D:\桌面資料\暫存\SubTrack\node_modules\@babel\core\lib\vendor\import-meta-resolve.js:938:18)
    at defaultResolve (D:\桌面資料\暫存\SubTrack\node_modules\@babel\core\lib\vendor\import-meta-resolve.js:1016:15)
    at resolve (D:\桌面資料\暫存\SubTrack\node_modules\@babel\core\lib\vendor\import-meta-resolve.js:1029:12)
    at tryImportMetaResolve (D:\桌面資料\暫存\SubTrack\node_modules\@babel\core\lib\config\files\plugins.js:149:45)
    at resolveStandardizedNameForImport (D:\桌面資料\暫存\SubTrack\node_modules\@babel\core\lib\config\files\plugins.js:174:19)
    at resolveStandardizedName (D:\桌面資料\暫存\SubTrack\node_modules\@babel\core\lib\config\files\plugins.js:186:22)
    at loadPreset (D:\桌面資料\暫存\SubTrack\node_modules\@babel\core\lib\config\files\plugins.js:68:7)
    at loadPreset.next (<anonymous>)
    at createDescriptor (D:\桌面資料\暫存\SubTrack\node_modules\@babel\core\lib\config\config-descriptors.js:140:16)
    at createDescriptor.next (<anonymous>)
    at step (D:\桌面資料\暫存\SubTrack\node_modules\gensync\index.js:261:32)
    at evaluateAsync (D:\桌面資料\暫存\SubTrack\node_modules\gensync\index.js:291:5)
    at D:\桌面資料\暫存\SubTrack\node_modules\gensync\index.js:44:11
    at Array.forEach (<anonymous>)
    at gensync.async (D:\桌面資料\暫存\SubTrack\node_modules\gensync\index.js:43:15)
    at gensync.all (D:\桌面資料\暫存\SubTrack\node_modules\gensync\index.js:216:13)
    at Generator.next (<anonymous>)
    at createDescriptors (D:\桌面資料\暫存\SubTrack\node_modules\@babel\core\lib\config\config-descriptors.js:102:41)
    at createDescriptors.next (<anonymous>)
    at createPresetDescriptors (D:\桌面資料\暫存\SubTrack\node_modules\@babel\core\lib\config\config-descriptors.js:96:17)
    at createPresetDescriptors.next (<anonymous>)
    at D:\桌面資料\暫存\SubTrack\node_modules\@babel\core\lib\gensync-utils\functional.js:39:27
    at Generator.next (<anonymous>)
    at mergeChainOpts (D:\桌面資料\暫存\SubTrack\node_modules\@babel\core\lib\config\config-chain.js:350:34)
    at mergeChainOpts.next (<anonymous>)
    at chainWalker (D:\桌面資料\暫存\SubTrack\node_modules\@babel\core\lib\config\config-chain.js:316:14)
    at chainWalker.next (<anonymous>)
    at loadFileChain (D:\桌面資料\暫存\SubTrack\node_modules\@babel\core\lib\config\config-chain.js:191:24)
    at loadFileChain.next (<anonymous>)
    at buildRootChain (D:\桌面資料\暫存\SubTrack\node_modules\@babel\core\lib\config\config-chain.js:77:27)
    at buildRootChain.next (<anonymous>)
    at loadPrivatePartialConfig (D:\桌面資料\暫存\SubTrack\node_modules\@babel\core\lib\config\partial.js:72:62)
    at loadPrivatePartialConfig.next (<anonymous>)
    at loadPartialConfig (D:\桌面資料\暫存\SubTrack\node_modules\@babel\core\lib\config\partial.js:115:25)
    at loadPartialConfig.next (<anonymous>)
    at step (D:\桌面資料\暫存\SubTrack\node_modules\gensync\index.js:269:25)
    at D:\桌面資料\暫存\SubTrack\node_modules\gensync\index.js:273:13
    at async.call.result.err.err (D:\桌面資料\暫存\SubTrack\node_modules\gensync\index.js:223:11)
    at D:\桌面資料\暫存\SubTrack\node_modules\gensync\index.js:189:28
    at D:\桌面資料\暫存\SubTrack\node_modules\@babel\core\lib\gensync-utils\async.js:67:7
    at D:\桌面資料\暫存\SubTrack\node_modules\gensync\index.js:113:33
    at step (D:\桌面資料\暫存\SubTrack\node_modules\gensync\index.js:287:14)
    at D:\桌面資料\暫存\SubTrack\node_modules\gensync\index.js:273:13
    at async.call.result.err.err (D:\桌面資料\暫存\SubTrack\node_modules\gensync\index.js:223:11)
    at D:\桌面資料\暫存\SubTrack\node_modules\gensync\index.js:37:40
    at process.processTicksAndRejections (node:internal/process/task_queues:103:5)
Failed to collect coverage from D:\桌面資料\暫存\SubTrack\src\components\CategoryBreakdown.tsx
ERROR: Cannot find package 'babel-preset-expo' imported from D:\桌面資料\暫存\SubTrack\babel-virtual-resolve-base.js
STACK: Error: Cannot find package 'babel-preset-expo' imported from D:\桌面資料\暫存\SubTrack\babel-virtual-resolve-base.js
    at __node_internal_ (D:\桌面資料\暫存\SubTrack\node_modules\@babel\core\lib\vendor\import-meta-resolve.js:224:9)
    at new NodeError (D:\桌面資料\暫存\SubTrack\node_modules\@babel\core\lib\vendor\import-meta-resolve.js:194:5)
    at packageResolve (D:\桌面資料\暫存\SubTrack\node_modules\@babel\core\lib\vendor\import-meta-resolve.js:898:9)
    at moduleResolve (D:\桌面資料\暫存\SubTrack\node_modules\@babel\core\lib\vendor\import-meta-resolve.js:938:18)
    at defaultResolve (D:\桌面資料\暫存\SubTrack\node_modules\@babel\core\lib\vendor\import-meta-resolve.js:1016:15)
    at resolve (D:\桌面資料\暫存\SubTrack\node_modules\@babel\core\lib\vendor\import-meta-resolve.js:1029:12)
    at tryImportMetaResolve (D:\桌面資料\暫存\SubTrack\node_modules\@babel\core\lib\config\files\plugins.js:149:45)
    at resolveStandardizedNameForImport (D:\桌面資料\暫存\SubTrack\node_modules\@babel\core\lib\config\files\plugins.js:174:19)
    at resolveStandardizedName (D:\桌面資料\暫存\SubTrack\node_modules\@babel\core\lib\config\files\plugins.js:186:22)
    at loadPreset (D:\桌面資料\暫存\SubTrack\node_modules\@babel\core\lib\config\files\plugins.js:68:7)
    at loadPreset.next (<anonymous>)
    at createDescriptor (D:\桌面資料\暫存\SubTrack\node_modules\@babel\core\lib\config\config-descriptors.js:140:16)
    at createDescriptor.next (<anonymous>)
    at step (D:\桌面資料\暫存\SubTrack\node_modules\gensync\index.js:261:32)
    at evaluateAsync (D:\桌面資料\暫存\SubTrack\node_modules\gensync\index.js:291:5)
    at D:\桌面資料\暫存\SubTrack\node_modules\gensync\index.js:44:11
    at Array.forEach (<anonymous>)
    at gensync.async (D:\桌面資料\暫存\SubTrack\node_modules\gensync\index.js:43:15)
    at gensync.all (D:\桌面資料\暫存\SubTrack\node_modules\gensync\index.js:216:13)
    at Generator.next (<anonymous>)
    at createDescriptors (D:\桌面資料\暫存\SubTrack\node_modules\@babel\core\lib\config\config-descriptors.js:102:41)
    at createDescriptors.next (<anonymous>)
    at createPresetDescriptors (D:\桌面資料\暫存\SubTrack\node_modules\@babel\core\lib\config\config-descriptors.js:96:17)
    at createPresetDescriptors.next (<anonymous>)
    at D:\桌面資料\暫存\SubTrack\node_modules\@babel\core\lib\gensync-utils\functional.js:39:27
    at Generator.next (<anonymous>)
    at mergeChainOpts (D:\桌面資料\暫存\SubTrack\node_modules\@babel\core\lib\config\config-chain.js:350:34)
    at mergeChainOpts.next (<anonymous>)
    at chainWalker (D:\桌面資料\暫存\SubTrack\node_modules\@babel\core\lib\config\config-chain.js:316:14)
    at chainWalker.next (<anonymous>)
    at loadFileChain (D:\桌面資料\暫存\SubTrack\node_modules\@babel\core\lib\config\config-chain.js:191:24)
    at loadFileChain.next (<anonymous>)
    at buildRootChain (D:\桌面資料\暫存\SubTrack\node_modules\@babel\core\lib\config\config-chain.js:77:27)
    at buildRootChain.next (<anonymous>)
    at loadPrivatePartialConfig (D:\桌面資料\暫存\SubTrack\node_modules\@babel\core\lib\config\partial.js:72:62)
    at loadPrivatePartialConfig.next (<anonymous>)
    at loadPartialConfig (D:\桌面資料\暫存\SubTrack\node_modules\@babel\core\lib\config\partial.js:115:25)
    at loadPartialConfig.next (<anonymous>)
    at step (D:\桌面資料\暫存\SubTrack\node_modules\gensync\index.js:269:25)
    at D:\桌面資料\暫存\SubTrack\node_modules\gensync\index.js:273:13
    at async.call.result.err.err (D:\桌面資料\暫存\SubTrack\node_modules\gensync\index.js:223:11)
    at D:\桌面資料\暫存\SubTrack\node_modules\gensync\index.js:189:28
    at D:\桌面資料\暫存\SubTrack\node_modules\@babel\core\lib\gensync-utils\async.js:67:7
    at D:\桌面資料\暫存\SubTrack\node_modules\gensync\index.js:113:33
    at step (D:\桌面資料\暫存\SubTrack\node_modules\gensync\index.js:287:14)
    at D:\桌面資料\暫存\SubTrack\node_modules\gensync\index.js:273:13
    at async.call.result.err.err (D:\桌面資料\暫存\SubTrack\node_modules\gensync\index.js:223:11)
    at D:\桌面資料\暫存\SubTrack\node_modules\gensync\index.js:37:40
    at process.processTicksAndRejections (node:internal/process/task_queues:103:5)
Failed to collect coverage from D:\桌面資料\暫存\SubTrack\src\context\AuthContext.tsx
ERROR: Cannot find package 'babel-preset-expo' imported from D:\桌面資料\暫存\SubTrack\babel-virtual-resolve-base.js
STACK: Error: Cannot find package 'babel-preset-expo' imported from D:\桌面資料\暫存\SubTrack\babel-virtual-resolve-base.js
    at __node_internal_ (D:\桌面資料\暫存\SubTrack\node_modules\@babel\core\lib\vendor\import-meta-resolve.js:224:9)
    at new NodeError (D:\桌面資料\暫存\SubTrack\node_modules\@babel\core\lib\vendor\import-meta-resolve.js:194:5)
    at packageResolve (D:\桌面資料\暫存\SubTrack\node_modules\@babel\core\lib\vendor\import-meta-resolve.js:898:9)
    at moduleResolve (D:\桌面資料\暫存\SubTrack\node_modules\@babel\core\lib\vendor\import-meta-resolve.js:938:18)
    at defaultResolve (D:\桌面資料\暫存\SubTrack\node_modules\@babel\core\lib\vendor\import-meta-resolve.js:1016:15)
    at resolve (D:\桌面資料\暫存\SubTrack\node_modules\@babel\core\lib\vendor\import-meta-resolve.js:1029:12)
    at tryImportMetaResolve (D:\桌面資料\暫存\SubTrack\node_modules\@babel\core\lib\config\files\plugins.js:149:45)
    at resolveStandardizedNameForImport (D:\桌面資料\暫存\SubTrack\node_modules\@babel\core\lib\config\files\plugins.js:174:19)
    at resolveStandardizedName (D:\桌面資料\暫存\SubTrack\node_modules\@babel\core\lib\config\files\plugins.js:186:22)
    at loadPreset (D:\桌面資料\暫存\SubTrack\node_modules\@babel\core\lib\config\files\plugins.js:68:7)
    at loadPreset.next (<anonymous>)
    at createDescriptor (D:\桌面資料\暫存\SubTrack\node_modules\@babel\core\lib\config\config-descriptors.js:140:16)
    at createDescriptor.next (<anonymous>)
    at step (D:\桌面資料\暫存\SubTrack\node_modules\gensync\index.js:261:32)
    at evaluateAsync (D:\桌面資料\暫存\SubTrack\node_modules\gensync\index.js:291:5)
    at D:\桌面資料\暫存\SubTrack\node_modules\gensync\index.js:44:11
    at Array.forEach (<anonymous>)
    at gensync.async (D:\桌面資料\暫存\SubTrack\node_modules\gensync\index.js:43:15)
    at gensync.all (D:\桌面資料\暫存\SubTrack\node_modules\gensync\index.js:216:13)
    at Generator.next (<anonymous>)
    at createDescriptors (D:\桌面資料\暫存\SubTrack\node_modules\@babel\core\lib\config\config-descriptors.js:102:41)
    at createDescriptors.next (<anonymous>)
    at createPresetDescriptors (D:\桌面資料\暫存\SubTrack\node_modules\@babel\core\lib\config\config-descriptors.js:96:17)
    at createPresetDescriptors.next (<anonymous>)
    at D:\桌面資料\暫存\SubTrack\node_modules\@babel\core\lib\gensync-utils\functional.js:39:27
    at Generator.next (<anonymous>)
    at mergeChainOpts (D:\桌面資料\暫存\SubTrack\node_modules\@babel\core\lib\config\config-chain.js:350:34)
    at mergeChainOpts.next (<anonymous>)
    at chainWalker (D:\桌面資料\暫存\SubTrack\node_modules\@babel\core\lib\config\config-chain.js:316:14)
    at chainWalker.next (<anonymous>)
    at loadFileChain (D:\桌面資料\暫存\SubTrack\node_modules\@babel\core\lib\config\config-chain.js:191:24)
    at loadFileChain.next (<anonymous>)
    at buildRootChain (D:\桌面資料\暫存\SubTrack\node_modules\@babel\core\lib\config\config-chain.js:77:27)
    at buildRootChain.next (<anonymous>)
    at loadPrivatePartialConfig (D:\桌面資料\暫存\SubTrack\node_modules\@babel\core\lib\config\partial.js:72:62)
    at loadPrivatePartialConfig.next (<anonymous>)
    at loadPartialConfig (D:\桌面資料\暫存\SubTrack\node_modules\@babel\core\lib\config\partial.js:115:25)
    at loadPartialConfig.next (<anonymous>)
    at step (D:\桌面資料\暫存\SubTrack\node_modules\gensync\index.js:269:25)
    at D:\桌面資料\暫存\SubTrack\node_modules\gensync\index.js:273:13
    at async.call.result.err.err (D:\桌面資料\暫存\SubTrack\node_modules\gensync\index.js:223:11)
    at D:\桌面資料\暫存\SubTrack\node_modules\gensync\index.js:189:28
    at D:\桌面資料\暫存\SubTrack\node_modules\@babel\core\lib\gensync-utils\async.js:67:7
    at D:\桌面資料\暫存\SubTrack\node_modules\gensync\index.js:113:33
    at step (D:\桌面資料\暫存\SubTrack\node_modules\gensync\index.js:287:14)
    at D:\桌面資料\暫存\SubTrack\node_modules\gensync\index.js:273:13
    at async.call.result.err.err (D:\桌面資料\暫存\SubTrack\node_modules\gensync\index.js:223:11)
    at D:\桌面資料\暫存\SubTrack\node_modules\gensync\index.js:37:40
    at process.processTicksAndRejections (node:internal/process/task_queues:103:5)
Failed to collect coverage from D:\桌面資料\暫存\SubTrack\src\constants\serviceCatalog.ts
ERROR: Cannot find package 'babel-preset-expo' imported from D:\桌面資料\暫存\SubTrack\babel-virtual-resolve-base.js
STACK: Error: Cannot find package 'babel-preset-expo' imported from D:\桌面資料\暫存\SubTrack\babel-virtual-resolve-base.js
    at __node_internal_ (D:\桌面資料\暫存\SubTrack\node_modules\@babel\core\lib\vendor\import-meta-resolve.js:224:9)
    at new NodeError (D:\桌面資料\暫存\SubTrack\node_modules\@babel\core\lib\vendor\import-meta-resolve.js:194:5)
    at packageResolve (D:\桌面資料\暫存\SubTrack\node_modules\@babel\core\lib\vendor\import-meta-resolve.js:898:9)
    at moduleResolve (D:\桌面資料\暫存\SubTrack\node_modules\@babel\core\lib\vendor\import-meta-resolve.js:938:18)
    at defaultResolve (D:\桌面資料\暫存\SubTrack\node_modules\@babel\core\lib\vendor\import-meta-resolve.js:1016:15)
    at resolve (D:\桌面資料\暫存\SubTrack\node_modules\@babel\core\lib\vendor\import-meta-resolve.js:1029:12)
    at tryImportMetaResolve (D:\桌面資料\暫存\SubTrack\node_modules\@babel\core\lib\config\files\plugins.js:149:45)
    at resolveStandardizedNameForImport (D:\桌面資料\暫存\SubTrack\node_modules\@babel\core\lib\config\files\plugins.js:174:19)
    at resolveStandardizedName (D:\桌面資料\暫存\SubTrack\node_modules\@babel\core\lib\config\files\plugins.js:186:22)
    at loadPreset (D:\桌面資料\暫存\SubTrack\node_modules\@babel\core\lib\config\files\plugins.js:68:7)
    at loadPreset.next (<anonymous>)
    at createDescriptor (D:\桌面資料\暫存\SubTrack\node_modules\@babel\core\lib\config\config-descriptors.js:140:16)
    at createDescriptor.next (<anonymous>)
    at step (D:\桌面資料\暫存\SubTrack\node_modules\gensync\index.js:261:32)
    at evaluateAsync (D:\桌面資料\暫存\SubTrack\node_modules\gensync\index.js:291:5)
    at D:\桌面資料\暫存\SubTrack\node_modules\gensync\index.js:44:11
    at Array.forEach (<anonymous>)
    at gensync.async (D:\桌面資料\暫存\SubTrack\node_modules\gensync\index.js:43:15)
    at gensync.all (D:\桌面資料\暫存\SubTrack\node_modules\gensync\index.js:216:13)
    at Generator.next (<anonymous>)
    at createDescriptors (D:\桌面資料\暫存\SubTrack\node_modules\@babel\core\lib\config\config-descriptors.js:102:41)
    at createDescriptors.next (<anonymous>)
    at createPresetDescriptors (D:\桌面資料\暫存\SubTrack\node_modules\@babel\core\lib\config\config-descriptors.js:96:17)
    at createPresetDescriptors.next (<anonymous>)
    at D:\桌面資料\暫存\SubTrack\node_modules\@babel\core\lib\gensync-utils\functional.js:39:27
    at Generator.next (<anonymous>)
    at mergeChainOpts (D:\桌面資料\暫存\SubTrack\node_modules\@babel\core\lib\config\config-chain.js:350:34)
    at mergeChainOpts.next (<anonymous>)
    at chainWalker (D:\桌面資料\暫存\SubTrack\node_modules\@babel\core\lib\config\config-chain.js:316:14)
    at chainWalker.next (<anonymous>)
    at loadFileChain (D:\桌面資料\暫存\SubTrack\node_modules\@babel\core\lib\config\config-chain.js:191:24)
    at loadFileChain.next (<anonymous>)
    at buildRootChain (D:\桌面資料\暫存\SubTrack\node_modules\@babel\core\lib\config\config-chain.js:77:27)
    at buildRootChain.next (<anonymous>)
    at loadPrivatePartialConfig (D:\桌面資料\暫存\SubTrack\node_modules\@babel\core\lib\config\partial.js:72:62)
    at loadPrivatePartialConfig.next (<anonymous>)
    at loadPartialConfig (D:\桌面資料\暫存\SubTrack\node_modules\@babel\core\lib\config\partial.js:115:25)
    at loadPartialConfig.next (<anonymous>)
    at step (D:\桌面資料\暫存\SubTrack\node_modules\gensync\index.js:269:25)
    at D:\桌面資料\暫存\SubTrack\node_modules\gensync\index.js:273:13
    at async.call.result.err.err (D:\桌面資料\暫存\SubTrack\node_modules\gensync\index.js:223:11)
    at D:\桌面資料\暫存\SubTrack\node_modules\gensync\index.js:189:28
    at D:\桌面資料\暫存\SubTrack\node_modules\@babel\core\lib\gensync-utils\async.js:67:7
    at D:\桌面資料\暫存\SubTrack\node_modules\gensync\index.js:113:33
    at step (D:\桌面資料\暫存\SubTrack\node_modules\gensync\index.js:287:14)
    at D:\桌面資料\暫存\SubTrack\node_modules\gensync\index.js:273:13
    at async.call.result.err.err (D:\桌面資料\暫存\SubTrack\node_modules\gensync\index.js:223:11)
    at D:\桌面資料\暫存\SubTrack\node_modules\gensync\index.js:37:40
    at process.processTicksAndRejections (node:internal/process/task_queues:103:5)
Failed to collect coverage from D:\桌面資料\暫存\SubTrack\src\context\SecurityContext.tsx
ERROR: Cannot find package 'babel-preset-expo' imported from D:\桌面資料\暫存\SubTrack\babel-virtual-resolve-base.js
STACK: Error: Cannot find package 'babel-preset-expo' imported from D:\桌面資料\暫存\SubTrack\babel-virtual-resolve-base.js
    at __node_internal_ (D:\桌面資料\暫存\SubTrack\node_modules\@babel\core\lib\vendor\import-meta-resolve.js:224:9)
    at new NodeError (D:\桌面資料\暫存\SubTrack\node_modules\@babel\core\lib\vendor\import-meta-resolve.js:194:5)
    at packageResolve (D:\桌面資料\暫存\SubTrack\node_modules\@babel\core\lib\vendor\import-meta-resolve.js:898:9)
    at moduleResolve (D:\桌面資料\暫存\SubTrack\node_modules\@babel\core\lib\vendor\import-meta-resolve.js:938:18)
    at defaultResolve (D:\桌面資料\暫存\SubTrack\node_modules\@babel\core\lib\vendor\import-meta-resolve.js:1016:15)
    at resolve (D:\桌面資料\暫存\SubTrack\node_modules\@babel\core\lib\vendor\import-meta-resolve.js:1029:12)
    at tryImportMetaResolve (D:\桌面資料\暫存\SubTrack\node_modules\@babel\core\lib\config\files\plugins.js:149:45)
    at resolveStandardizedNameForImport (D:\桌面資料\暫存\SubTrack\node_modules\@babel\core\lib\config\files\plugins.js:174:19)
    at resolveStandardizedName (D:\桌面資料\暫存\SubTrack\node_modules\@babel\core\lib\config\files\plugins.js:186:22)
    at loadPreset (D:\桌面資料\暫存\SubTrack\node_modules\@babel\core\lib\config\files\plugins.js:68:7)
    at loadPreset.next (<anonymous>)
    at createDescriptor (D:\桌面資料\暫存\SubTrack\node_modules\@babel\core\lib\config\config-descriptors.js:140:16)
    at createDescriptor.next (<anonymous>)
    at step (D:\桌面資料\暫存\SubTrack\node_modules\gensync\index.js:261:32)
    at evaluateAsync (D:\桌面資料\暫存\SubTrack\node_modules\gensync\index.js:291:5)
    at D:\桌面資料\暫存\SubTrack\node_modules\gensync\index.js:44:11
    at Array.forEach (<anonymous>)
    at gensync.async (D:\桌面資料\暫存\SubTrack\node_modules\gensync\index.js:43:15)
    at gensync.all (D:\桌面資料\暫存\SubTrack\node_modules\gensync\index.js:216:13)
    at Generator.next (<anonymous>)
    at createDescriptors (D:\桌面資料\暫存\SubTrack\node_modules\@babel\core\lib\config\config-descriptors.js:102:41)
    at createDescriptors.next (<anonymous>)
    at createPresetDescriptors (D:\桌面資料\暫存\SubTrack\node_modules\@babel\core\lib\config\config-descriptors.js:96:17)
    at createPresetDescriptors.next (<anonymous>)
    at D:\桌面資料\暫存\SubTrack\node_modules\@babel\core\lib\gensync-utils\functional.js:39:27
    at Generator.next (<anonymous>)
    at mergeChainOpts (D:\桌面資料\暫存\SubTrack\node_modules\@babel\core\lib\config\config-chain.js:350:34)
    at mergeChainOpts.next (<anonymous>)
    at chainWalker (D:\桌面資料\暫存\SubTrack\node_modules\@babel\core\lib\config\config-chain.js:316:14)
    at chainWalker.next (<anonymous>)
    at loadFileChain (D:\桌面資料\暫存\SubTrack\node_modules\@babel\core\lib\config\config-chain.js:191:24)
    at loadFileChain.next (<anonymous>)
    at buildRootChain (D:\桌面資料\暫存\SubTrack\node_modules\@babel\core\lib\config\config-chain.js:77:27)
    at buildRootChain.next (<anonymous>)
    at loadPrivatePartialConfig (D:\桌面資料\暫存\SubTrack\node_modules\@babel\core\lib\config\partial.js:72:62)
    at loadPrivatePartialConfig.next (<anonymous>)
    at loadPartialConfig (D:\桌面資料\暫存\SubTrack\node_modules\@babel\core\lib\config\partial.js:115:25)
    at loadPartialConfig.next (<anonymous>)
    at step (D:\桌面資料\暫存\SubTrack\node_modules\gensync\index.js:269:25)
    at D:\桌面資料\暫存\SubTrack\node_modules\gensync\index.js:273:13
    at async.call.result.err.err (D:\桌面資料\暫存\SubTrack\node_modules\gensync\index.js:223:11)
    at D:\桌面資料\暫存\SubTrack\node_modules\gensync\index.js:189:28
    at D:\桌面資料\暫存\SubTrack\node_modules\@babel\core\lib\gensync-utils\async.js:67:7
    at D:\桌面資料\暫存\SubTrack\node_modules\gensync\index.js:113:33
    at step (D:\桌面資料\暫存\SubTrack\node_modules\gensync\index.js:287:14)
    at D:\桌面資料\暫存\SubTrack\node_modules\gensync\index.js:273:13
    at async.call.result.err.err (D:\桌面資料\暫存\SubTrack\node_modules\gensync\index.js:223:11)
    at D:\桌面資料\暫存\SubTrack\node_modules\gensync\index.js:37:40
    at process.processTicksAndRejections (node:internal/process/task_queues:103:5)
Failed to collect coverage from D:\桌面資料\暫存\SubTrack\src\context\ThemeContext.tsx
ERROR: Cannot find package 'babel-preset-expo' imported from D:\桌面資料\暫存\SubTrack\babel-virtual-resolve-base.js
STACK: Error: Cannot find package 'babel-preset-expo' imported from D:\桌面資料\暫存\SubTrack\babel-virtual-resolve-base.js
    at __node_internal_ (D:\桌面資料\暫存\SubTrack\node_modules\@babel\core\lib\vendor\import-meta-resolve.js:224:9)
    at new NodeError (D:\桌面資料\暫存\SubTrack\node_modules\@babel\core\lib\vendor\import-meta-resolve.js:194:5)
    at packageResolve (D:\桌面資料\暫存\SubTrack\node_modules\@babel\core\lib\vendor\import-meta-resolve.js:898:9)
    at moduleResolve (D:\桌面資料\暫存\SubTrack\node_modules\@babel\core\lib\vendor\import-meta-resolve.js:938:18)
    at defaultResolve (D:\桌面資料\暫存\SubTrack\node_modules\@babel\core\lib\vendor\import-meta-resolve.js:1016:15)
    at resolve (D:\桌面資料\暫存\SubTrack\node_modules\@babel\core\lib\vendor\import-meta-resolve.js:1029:12)
    at tryImportMetaResolve (D:\桌面資料\暫存\SubTrack\node_modules\@babel\core\lib\config\files\plugins.js:149:45)
    at resolveStandardizedNameForImport (D:\桌面資料\暫存\SubTrack\node_modules\@babel\core\lib\config\files\plugins.js:174:19)
    at resolveStandardizedName (D:\桌面資料\暫存\SubTrack\node_modules\@babel\core\lib\config\files\plugins.js:186:22)
    at loadPreset (D:\桌面資料\暫存\SubTrack\node_modules\@babel\core\lib\config\files\plugins.js:68:7)
    at loadPreset.next (<anonymous>)
    at createDescriptor (D:\桌面資料\暫存\SubTrack\node_modules\@babel\core\lib\config\config-descriptors.js:140:16)
    at createDescriptor.next (<anonymous>)
    at step (D:\桌面資料\暫存\SubTrack\node_modules\gensync\index.js:261:32)
    at evaluateAsync (D:\桌面資料\暫存\SubTrack\node_modules\gensync\index.js:291:5)
    at D:\桌面資料\暫存\SubTrack\node_modules\gensync\index.js:44:11
    at Array.forEach (<anonymous>)
    at gensync.async (D:\桌面資料\暫存\SubTrack\node_modules\gensync\index.js:43:15)
    at gensync.all (D:\桌面資料\暫存\SubTrack\node_modules\gensync\index.js:216:13)
    at Generator.next (<anonymous>)
    at createDescriptors (D:\桌面資料\暫存\SubTrack\node_modules\@babel\core\lib\config\config-descriptors.js:102:41)
    at createDescriptors.next (<anonymous>)
    at createPresetDescriptors (D:\桌面資料\暫存\SubTrack\node_modules\@babel\core\lib\config\config-descriptors.js:96:17)
    at createPresetDescriptors.next (<anonymous>)
    at D:\桌面資料\暫存\SubTrack\node_modules\@babel\core\lib\gensync-utils\functional.js:39:27
    at Generator.next (<anonymous>)
    at mergeChainOpts (D:\桌面資料\暫存\SubTrack\node_modules\@babel\core\lib\config\config-chain.js:350:34)
    at mergeChainOpts.next (<anonymous>)
    at chainWalker (D:\桌面資料\暫存\SubTrack\node_modules\@babel\core\lib\config\config-chain.js:316:14)
    at chainWalker.next (<anonymous>)
    at loadFileChain (D:\桌面資料\暫存\SubTrack\node_modules\@babel\core\lib\config\config-chain.js:191:24)
    at loadFileChain.next (<anonymous>)
    at buildRootChain (D:\桌面資料\暫存\SubTrack\node_modules\@babel\core\lib\config\config-chain.js:77:27)
    at buildRootChain.next (<anonymous>)
    at loadPrivatePartialConfig (D:\桌面資料\暫存\SubTrack\node_modules\@babel\core\lib\config\partial.js:72:62)
    at loadPrivatePartialConfig.next (<anonymous>)
    at loadPartialConfig (D:\桌面資料\暫存\SubTrack\node_modules\@babel\core\lib\config\partial.js:115:25)
    at loadPartialConfig.next (<anonymous>)
    at step (D:\桌面資料\暫存\SubTrack\node_modules\gensync\index.js:269:25)
    at D:\桌面資料\暫存\SubTrack\node_modules\gensync\index.js:273:13
    at async.call.result.err.err (D:\桌面資料\暫存\SubTrack\node_modules\gensync\index.js:223:11)
    at D:\桌面資料\暫存\SubTrack\node_modules\gensync\index.js:189:28
    at D:\桌面資料\暫存\SubTrack\node_modules\@babel\core\lib\gensync-utils\async.js:67:7
    at D:\桌面資料\暫存\SubTrack\node_modules\gensync\index.js:113:33
    at step (D:\桌面資料\暫存\SubTrack\node_modules\gensync\index.js:287:14)
    at D:\桌面資料\暫存\SubTrack\node_modules\gensync\index.js:273:13
    at async.call.result.err.err (D:\桌面資料\暫存\SubTrack\node_modules\gensync\index.js:223:11)
    at D:\桌面資料\暫存\SubTrack\node_modules\gensync\index.js:37:40
    at process.processTicksAndRejections (node:internal/process/task_queues:103:5)
Failed to collect coverage from D:\桌面資料\暫存\SubTrack\src\context\ToastContext.tsx
ERROR: Cannot find package 'babel-preset-expo' imported from D:\桌面資料\暫存\SubTrack\babel-virtual-resolve-base.js
STACK: Error: Cannot find package 'babel-preset-expo' imported from D:\桌面資料\暫存\SubTrack\babel-virtual-resolve-base.js
    at __node_internal_ (D:\桌面資料\暫存\SubTrack\node_modules\@babel\core\lib\vendor\import-meta-resolve.js:224:9)
    at new NodeError (D:\桌面資料\暫存\SubTrack\node_modules\@babel\core\lib\vendor\import-meta-resolve.js:194:5)
    at packageResolve (D:\桌面資料\暫存\SubTrack\node_modules\@babel\core\lib\vendor\import-meta-resolve.js:898:9)
    at moduleResolve (D:\桌面資料\暫存\SubTrack\node_modules\@babel\core\lib\vendor\import-meta-resolve.js:938:18)
    at defaultResolve (D:\桌面資料\暫存\SubTrack\node_modules\@babel\core\lib\vendor\import-meta-resolve.js:1016:15)
    at resolve (D:\桌面資料\暫存\SubTrack\node_modules\@babel\core\lib\vendor\import-meta-resolve.js:1029:12)
    at tryImportMetaResolve (D:\桌面資料\暫存\SubTrack\node_modules\@babel\core\lib\config\files\plugins.js:149:45)
    at resolveStandardizedNameForImport (D:\桌面資料\暫存\SubTrack\node_modules\@babel\core\lib\config\files\plugins.js:174:19)
    at resolveStandardizedName (D:\桌面資料\暫存\SubTrack\node_modules\@babel\core\lib\config\files\plugins.js:186:22)
    at loadPreset (D:\桌面資料\暫存\SubTrack\node_modules\@babel\core\lib\config\files\plugins.js:68:7)
    at loadPreset.next (<anonymous>)
    at createDescriptor (D:\桌面資料\暫存\SubTrack\node_modules\@babel\core\lib\config\config-descriptors.js:140:16)
    at createDescriptor.next (<anonymous>)
    at step (D:\桌面資料\暫存\SubTrack\node_modules\gensync\index.js:261:32)
    at evaluateAsync (D:\桌面資料\暫存\SubTrack\node_modules\gensync\index.js:291:5)
    at D:\桌面資料\暫存\SubTrack\node_modules\gensync\index.js:44:11
    at Array.forEach (<anonymous>)
    at gensync.async (D:\桌面資料\暫存\SubTrack\node_modules\gensync\index.js:43:15)
    at gensync.all (D:\桌面資料\暫存\SubTrack\node_modules\gensync\index.js:216:13)
    at Generator.next (<anonymous>)
    at createDescriptors (D:\桌面資料\暫存\SubTrack\node_modules\@babel\core\lib\config\config-descriptors.js:102:41)
    at createDescriptors.next (<anonymous>)
    at createPresetDescriptors (D:\桌面資料\暫存\SubTrack\node_modules\@babel\core\lib\config\config-descriptors.js:96:17)
    at createPresetDescriptors.next (<anonymous>)
    at D:\桌面資料\暫存\SubTrack\node_modules\@babel\core\lib\gensync-utils\functional.js:39:27
    at Generator.next (<anonymous>)
    at mergeChainOpts (D:\桌面資料\暫存\SubTrack\node_modules\@babel\core\lib\config\config-chain.js:350:34)
    at mergeChainOpts.next (<anonymous>)
    at chainWalker (D:\桌面資料\暫存\SubTrack\node_modules\@babel\core\lib\config\config-chain.js:316:14)
    at chainWalker.next (<anonymous>)
    at loadFileChain (D:\桌面資料\暫存\SubTrack\node_modules\@babel\core\lib\config\config-chain.js:191:24)
    at loadFileChain.next (<anonymous>)
    at buildRootChain (D:\桌面資料\暫存\SubTrack\node_modules\@babel\core\lib\config\config-chain.js:77:27)
    at buildRootChain.next (<anonymous>)
    at loadPrivatePartialConfig (D:\桌面資料\暫存\SubTrack\node_modules\@babel\core\lib\config\partial.js:72:62)
    at loadPrivatePartialConfig.next (<anonymous>)
    at loadPartialConfig (D:\桌面資料\暫存\SubTrack\node_modules\@babel\core\lib\config\partial.js:115:25)
    at loadPartialConfig.next (<anonymous>)
    at step (D:\桌面資料\暫存\SubTrack\node_modules\gensync\index.js:269:25)
    at D:\桌面資料\暫存\SubTrack\node_modules\gensync\index.js:273:13
    at async.call.result.err.err (D:\桌面資料\暫存\SubTrack\node_modules\gensync\index.js:223:11)
    at D:\桌面資料\暫存\SubTrack\node_modules\gensync\index.js:189:28
    at D:\桌面資料\暫存\SubTrack\node_modules\@babel\core\lib\gensync-utils\async.js:67:7
    at D:\桌面資料\暫存\SubTrack\node_modules\gensync\index.js:113:33
    at step (D:\桌面資料\暫存\SubTrack\node_modules\gensync\index.js:287:14)
    at D:\桌面資料\暫存\SubTrack\node_modules\gensync\index.js:273:13
    at async.call.result.err.err (D:\桌面資料\暫存\SubTrack\node_modules\gensync\index.js:223:11)
    at D:\桌面資料\暫存\SubTrack\node_modules\gensync\index.js:37:40
    at process.processTicksAndRejections (node:internal/process/task_queues:103:5)
Failed to collect coverage from D:\桌面資料\暫存\SubTrack\src\context\DatabaseContext.tsx
ERROR: Cannot find package 'babel-preset-expo' imported from D:\桌面資料\暫存\SubTrack\babel-virtual-resolve-base.js
STACK: Error: Cannot find package 'babel-preset-expo' imported from D:\桌面資料\暫存\SubTrack\babel-virtual-resolve-base.js
    at __node_internal_ (D:\桌面資料\暫存\SubTrack\node_modules\@babel\core\lib\vendor\import-meta-resolve.js:224:9)
    at new NodeError (D:\桌面資料\暫存\SubTrack\node_modules\@babel\core\lib\vendor\import-meta-resolve.js:194:5)
    at packageResolve (D:\桌面資料\暫存\SubTrack\node_modules\@babel\core\lib\vendor\import-meta-resolve.js:898:9)
    at moduleResolve (D:\桌面資料\暫存\SubTrack\node_modules\@babel\core\lib\vendor\import-meta-resolve.js:938:18)
    at defaultResolve (D:\桌面資料\暫存\SubTrack\node_modules\@babel\core\lib\vendor\import-meta-resolve.js:1016:15)
    at resolve (D:\桌面資料\暫存\SubTrack\node_modules\@babel\core\lib\vendor\import-meta-resolve.js:1029:12)
    at tryImportMetaResolve (D:\桌面資料\暫存\SubTrack\node_modules\@babel\core\lib\config\files\plugins.js:149:45)
    at resolveStandardizedNameForImport (D:\桌面資料\暫存\SubTrack\node_modules\@babel\core\lib\config\files\plugins.js:174:19)
    at resolveStandardizedName (D:\桌面資料\暫存\SubTrack\node_modules\@babel\core\lib\config\files\plugins.js:186:22)
    at loadPreset (D:\桌面資料\暫存\SubTrack\node_modules\@babel\core\lib\config\files\plugins.js:68:7)
    at loadPreset.next (<anonymous>)
    at createDescriptor (D:\桌面資料\暫存\SubTrack\node_modules\@babel\core\lib\config\config-descriptors.js:140:16)
    at createDescriptor.next (<anonymous>)
    at step (D:\桌面資料\暫存\SubTrack\node_modules\gensync\index.js:261:32)
    at evaluateAsync (D:\桌面資料\暫存\SubTrack\node_modules\gensync\index.js:291:5)
    at D:\桌面資料\暫存\SubTrack\node_modules\gensync\index.js:44:11
    at Array.forEach (<anonymous>)
    at gensync.async (D:\桌面資料\暫存\SubTrack\node_modules\gensync\index.js:43:15)
    at gensync.all (D:\桌面資料\暫存\SubTrack\node_modules\gensync\index.js:216:13)
    at Generator.next (<anonymous>)
    at createDescriptors (D:\桌面資料\暫存\SubTrack\node_modules\@babel\core\lib\config\config-descriptors.js:102:41)
    at createDescriptors.next (<anonymous>)
    at createPresetDescriptors (D:\桌面資料\暫存\SubTrack\node_modules\@babel\core\lib\config\config-descriptors.js:96:17)
    at createPresetDescriptors.next (<anonymous>)
    at D:\桌面資料\暫存\SubTrack\node_modules\@babel\core\lib\gensync-utils\functional.js:39:27
    at Generator.next (<anonymous>)
    at mergeChainOpts (D:\桌面資料\暫存\SubTrack\node_modules\@babel\core\lib\config\config-chain.js:350:34)
    at mergeChainOpts.next (<anonymous>)
    at chainWalker (D:\桌面資料\暫存\SubTrack\node_modules\@babel\core\lib\config\config-chain.js:316:14)
    at chainWalker.next (<anonymous>)
    at loadFileChain (D:\桌面資料\暫存\SubTrack\node_modules\@babel\core\lib\config\config-chain.js:191:24)
    at loadFileChain.next (<anonymous>)
    at buildRootChain (D:\桌面資料\暫存\SubTrack\node_modules\@babel\core\lib\config\config-chain.js:77:27)
    at buildRootChain.next (<anonymous>)
    at loadPrivatePartialConfig (D:\桌面資料\暫存\SubTrack\node_modules\@babel\core\lib\config\partial.js:72:62)
    at loadPrivatePartialConfig.next (<anonymous>)
    at loadPartialConfig (D:\桌面資料\暫存\SubTrack\node_modules\@babel\core\lib\config\partial.js:115:25)
    at loadPartialConfig.next (<anonymous>)
    at step (D:\桌面資料\暫存\SubTrack\node_modules\gensync\index.js:269:25)
    at D:\桌面資料\暫存\SubTrack\node_modules\gensync\index.js:273:13
    at async.call.result.err.err (D:\桌面資料\暫存\SubTrack\node_modules\gensync\index.js:223:11)
    at D:\桌面資料\暫存\SubTrack\node_modules\gensync\index.js:189:28
    at D:\桌面資料\暫存\SubTrack\node_modules\@babel\core\lib\gensync-utils\async.js:67:7
    at D:\桌面資料\暫存\SubTrack\node_modules\gensync\index.js:113:33
    at step (D:\桌面資料\暫存\SubTrack\node_modules\gensync\index.js:287:14)
    at D:\桌面資料\暫存\SubTrack\node_modules\gensync\index.js:273:13
    at async.call.result.err.err (D:\桌面資料\暫存\SubTrack\node_modules\gensync\index.js:223:11)
    at D:\桌面資料\暫存\SubTrack\node_modules\gensync\index.js:37:40
    at process.processTicksAndRejections (node:internal/process/task_queues:103:5)
Failed to collect coverage from D:\桌面資料\暫存\SubTrack\src\hooks\useSync.ts
ERROR: Cannot find package 'babel-preset-expo' imported from D:\桌面資料\暫存\SubTrack\babel-virtual-resolve-base.js
STACK: Error: Cannot find package 'babel-preset-expo' imported from D:\桌面資料\暫存\SubTrack\babel-virtual-resolve-base.js
    at __node_internal_ (D:\桌面資料\暫存\SubTrack\node_modules\@babel\core\lib\vendor\import-meta-resolve.js:224:9)
    at new NodeError (D:\桌面資料\暫存\SubTrack\node_modules\@babel\core\lib\vendor\import-meta-resolve.js:194:5)
    at packageResolve (D:\桌面資料\暫存\SubTrack\node_modules\@babel\core\lib\vendor\import-meta-resolve.js:898:9)
    at moduleResolve (D:\桌面資料\暫存\SubTrack\node_modules\@babel\core\lib\vendor\import-meta-resolve.js:938:18)
    at defaultResolve (D:\桌面資料\暫存\SubTrack\node_modules\@babel\core\lib\vendor\import-meta-resolve.js:1016:15)
    at resolve (D:\桌面資料\暫存\SubTrack\node_modules\@babel\core\lib\vendor\import-meta-resolve.js:1029:12)
    at tryImportMetaResolve (D:\桌面資料\暫存\SubTrack\node_modules\@babel\core\lib\config\files\plugins.js:149:45)
    at resolveStandardizedNameForImport (D:\桌面資料\暫存\SubTrack\node_modules\@babel\core\lib\config\files\plugins.js:174:19)
    at resolveStandardizedName (D:\桌面資料\暫存\SubTrack\node_modules\@babel\core\lib\config\files\plugins.js:186:22)
    at loadPreset (D:\桌面資料\暫存\SubTrack\node_modules\@babel\core\lib\config\files\plugins.js:68:7)
    at loadPreset.next (<anonymous>)
    at createDescriptor (D:\桌面資料\暫存\SubTrack\node_modules\@babel\core\lib\config\config-descriptors.js:140:16)
    at createDescriptor.next (<anonymous>)
    at step (D:\桌面資料\暫存\SubTrack\node_modules\gensync\index.js:261:32)
    at evaluateAsync (D:\桌面資料\暫存\SubTrack\node_modules\gensync\index.js:291:5)
    at D:\桌面資料\暫存\SubTrack\node_modules\gensync\index.js:44:11
    at Array.forEach (<anonymous>)
    at gensync.async (D:\桌面資料\暫存\SubTrack\node_modules\gensync\index.js:43:15)
    at gensync.all (D:\桌面資料\暫存\SubTrack\node_modules\gensync\index.js:216:13)
    at Generator.next (<anonymous>)
    at createDescriptors (D:\桌面資料\暫存\SubTrack\node_modules\@babel\core\lib\config\config-descriptors.js:102:41)
    at createDescriptors.next (<anonymous>)
    at createPresetDescriptors (D:\桌面資料\暫存\SubTrack\node_modules\@babel\core\lib\config\config-descriptors.js:96:17)
    at createPresetDescriptors.next (<anonymous>)
    at D:\桌面資料\暫存\SubTrack\node_modules\@babel\core\lib\gensync-utils\functional.js:39:27
    at Generator.next (<anonymous>)
    at mergeChainOpts (D:\桌面資料\暫存\SubTrack\node_modules\@babel\core\lib\config\config-chain.js:350:34)
    at mergeChainOpts.next (<anonymous>)
    at chainWalker (D:\桌面資料\暫存\SubTrack\node_modules\@babel\core\lib\config\config-chain.js:316:14)
    at chainWalker.next (<anonymous>)
    at loadFileChain (D:\桌面資料\暫存\SubTrack\node_modules\@babel\core\lib\config\config-chain.js:191:24)
    at loadFileChain.next (<anonymous>)
    at buildRootChain (D:\桌面資料\暫存\SubTrack\node_modules\@babel\core\lib\config\config-chain.js:77:27)
    at buildRootChain.next (<anonymous>)
    at loadPrivatePartialConfig (D:\桌面資料\暫存\SubTrack\node_modules\@babel\core\lib\config\partial.js:72:62)
    at loadPrivatePartialConfig.next (<anonymous>)
    at loadPartialConfig (D:\桌面資料\暫存\SubTrack\node_modules\@babel\core\lib\config\partial.js:115:25)
    at loadPartialConfig.next (<anonymous>)
    at step (D:\桌面資料\暫存\SubTrack\node_modules\gensync\index.js:269:25)
    at D:\桌面資料\暫存\SubTrack\node_modules\gensync\index.js:273:13
    at async.call.result.err.err (D:\桌面資料\暫存\SubTrack\node_modules\gensync\index.js:223:11)
    at D:\桌面資料\暫存\SubTrack\node_modules\gensync\index.js:189:28
    at D:\桌面資料\暫存\SubTrack\node_modules\@babel\core\lib\gensync-utils\async.js:67:7
    at D:\桌面資料\暫存\SubTrack\node_modules\gensync\index.js:113:33
    at step (D:\桌面資料\暫存\SubTrack\node_modules\gensync\index.js:287:14)
    at D:\桌面資料\暫存\SubTrack\node_modules\gensync\index.js:273:13
    at async.call.result.err.err (D:\桌面資料\暫存\SubTrack\node_modules\gensync\index.js:223:11)
    at D:\桌面資料\暫存\SubTrack\node_modules\gensync\index.js:37:40
    at process.processTicksAndRejections (node:internal/process/task_queues:103:5)
Failed to collect coverage from D:\桌面資料\暫存\SubTrack\src\hooks\usePrivacy.ts
ERROR: Cannot find package 'babel-preset-expo' imported from D:\桌面資料\暫存\SubTrack\babel-virtual-resolve-base.js
STACK: Error: Cannot find package 'babel-preset-expo' imported from D:\桌面資料\暫存\SubTrack\babel-virtual-resolve-base.js
    at __node_internal_ (D:\桌面資料\暫存\SubTrack\node_modules\@babel\core\lib\vendor\import-meta-resolve.js:224:9)
    at new NodeError (D:\桌面資料\暫存\SubTrack\node_modules\@babel\core\lib\vendor\import-meta-resolve.js:194:5)
    at packageResolve (D:\桌面資料\暫存\SubTrack\node_modules\@babel\core\lib\vendor\import-meta-resolve.js:898:9)
    at moduleResolve (D:\桌面資料\暫存\SubTrack\node_modules\@babel\core\lib\vendor\import-meta-resolve.js:938:18)
    at defaultResolve (D:\桌面資料\暫存\SubTrack\node_modules\@babel\core\lib\vendor\import-meta-resolve.js:1016:15)
    at resolve (D:\桌面資料\暫存\SubTrack\node_modules\@babel\core\lib\vendor\import-meta-resolve.js:1029:12)
    at tryImportMetaResolve (D:\桌面資料\暫存\SubTrack\node_modules\@babel\core\lib\config\files\plugins.js:149:45)
    at resolveStandardizedNameForImport (D:\桌面資料\暫存\SubTrack\node_modules\@babel\core\lib\config\files\plugins.js:174:19)
    at resolveStandardizedName (D:\桌面資料\暫存\SubTrack\node_modules\@babel\core\lib\config\files\plugins.js:186:22)
    at loadPreset (D:\桌面資料\暫存\SubTrack\node_modules\@babel\core\lib\config\files\plugins.js:68:7)
    at loadPreset.next (<anonymous>)
    at createDescriptor (D:\桌面資料\暫存\SubTrack\node_modules\@babel\core\lib\config\config-descriptors.js:140:16)
    at createDescriptor.next (<anonymous>)
    at step (D:\桌面資料\暫存\SubTrack\node_modules\gensync\index.js:261:32)
    at evaluateAsync (D:\桌面資料\暫存\SubTrack\node_modules\gensync\index.js:291:5)
    at D:\桌面資料\暫存\SubTrack\node_modules\gensync\index.js:44:11
    at Array.forEach (<anonymous>)
    at gensync.async (D:\桌面資料\暫存\SubTrack\node_modules\gensync\index.js:43:15)
    at gensync.all (D:\桌面資料\暫存\SubTrack\node_modules\gensync\index.js:216:13)
    at Generator.next (<anonymous>)
    at createDescriptors (D:\桌面資料\暫存\SubTrack\node_modules\@babel\core\lib\config\config-descriptors.js:102:41)
    at createDescriptors.next (<anonymous>)
    at createPresetDescriptors (D:\桌面資料\暫存\SubTrack\node_modules\@babel\core\lib\config\config-descriptors.js:96:17)
    at createPresetDescriptors.next (<anonymous>)
    at D:\桌面資料\暫存\SubTrack\node_modules\@babel\core\lib\gensync-utils\functional.js:39:27
    at Generator.next (<anonymous>)
    at mergeChainOpts (D:\桌面資料\暫存\SubTrack\node_modules\@babel\core\lib\config\config-chain.js:350:34)
    at mergeChainOpts.next (<anonymous>)
    at chainWalker (D:\桌面資料\暫存\SubTrack\node_modules\@babel\core\lib\config\config-chain.js:316:14)
    at chainWalker.next (<anonymous>)
    at loadFileChain (D:\桌面資料\暫存\SubTrack\node_modules\@babel\core\lib\config\config-chain.js:191:24)
    at loadFileChain.next (<anonymous>)
    at buildRootChain (D:\桌面資料\暫存\SubTrack\node_modules\@babel\core\lib\config\config-chain.js:77:27)
    at buildRootChain.next (<anonymous>)
    at loadPrivatePartialConfig (D:\桌面資料\暫存\SubTrack\node_modules\@babel\core\lib\config\partial.js:72:62)
    at loadPrivatePartialConfig.next (<anonymous>)
    at loadPartialConfig (D:\桌面資料\暫存\SubTrack\node_modules\@babel\core\lib\config\partial.js:115:25)
    at loadPartialConfig.next (<anonymous>)
    at step (D:\桌面資料\暫存\SubTrack\node_modules\gensync\index.js:269:25)
    at D:\桌面資料\暫存\SubTrack\node_modules\gensync\index.js:273:13
    at async.call.result.err.err (D:\桌面資料\暫存\SubTrack\node_modules\gensync\index.js:223:11)
    at D:\桌面資料\暫存\SubTrack\node_modules\gensync\index.js:189:28
    at D:\桌面資料\暫存\SubTrack\node_modules\@babel\core\lib\gensync-utils\async.js:67:7
    at D:\桌面資料\暫存\SubTrack\node_modules\gensync\index.js:113:33
    at step (D:\桌面資料\暫存\SubTrack\node_modules\gensync\index.js:287:14)
    at D:\桌面資料\暫存\SubTrack\node_modules\gensync\index.js:273:13
    at async.call.result.err.err (D:\桌面資料\暫存\SubTrack\node_modules\gensync\index.js:223:11)
    at D:\桌面資料\暫存\SubTrack\node_modules\gensync\index.js:37:40
    at process.processTicksAndRejections (node:internal/process/task_queues:103:5)
Failed to collect coverage from D:\桌面資料\暫存\SubTrack\src\services\calendarSyncService.ts
ERROR: Cannot find package 'babel-preset-expo' imported from D:\桌面資料\暫存\SubTrack\babel-virtual-resolve-base.js
STACK: Error: Cannot find package 'babel-preset-expo' imported from D:\桌面資料\暫存\SubTrack\babel-virtual-resolve-base.js
    at __node_internal_ (D:\桌面資料\暫存\SubTrack\node_modules\@babel\core\lib\vendor\import-meta-resolve.js:224:9)
    at new NodeError (D:\桌面資料\暫存\SubTrack\node_modules\@babel\core\lib\vendor\import-meta-resolve.js:194:5)
    at packageResolve (D:\桌面資料\暫存\SubTrack\node_modules\@babel\core\lib\vendor\import-meta-resolve.js:898:9)
    at moduleResolve (D:\桌面資料\暫存\SubTrack\node_modules\@babel\core\lib\vendor\import-meta-resolve.js:938:18)
    at defaultResolve (D:\桌面資料\暫存\SubTrack\node_modules\@babel\core\lib\vendor\import-meta-resolve.js:1016:15)
    at resolve (D:\桌面資料\暫存\SubTrack\node_modules\@babel\core\lib\vendor\import-meta-resolve.js:1029:12)
    at tryImportMetaResolve (D:\桌面資料\暫存\SubTrack\node_modules\@babel\core\lib\config\files\plugins.js:149:45)
    at resolveStandardizedNameForImport (D:\桌面資料\暫存\SubTrack\node_modules\@babel\core\lib\config\files\plugins.js:174:19)
    at resolveStandardizedName (D:\桌面資料\暫存\SubTrack\node_modules\@babel\core\lib\config\files\plugins.js:186:22)
    at loadPreset (D:\桌面資料\暫存\SubTrack\node_modules\@babel\core\lib\config\files\plugins.js:68:7)
    at loadPreset.next (<anonymous>)
    at createDescriptor (D:\桌面資料\暫存\SubTrack\node_modules\@babel\core\lib\config\config-descriptors.js:140:16)
    at createDescriptor.next (<anonymous>)
    at step (D:\桌面資料\暫存\SubTrack\node_modules\gensync\index.js:261:32)
    at evaluateAsync (D:\桌面資料\暫存\SubTrack\node_modules\gensync\index.js:291:5)
    at D:\桌面資料\暫存\SubTrack\node_modules\gensync\index.js:44:11
    at Array.forEach (<anonymous>)
    at gensync.async (D:\桌面資料\暫存\SubTrack\node_modules\gensync\index.js:43:15)
    at gensync.all (D:\桌面資料\暫存\SubTrack\node_modules\gensync\index.js:216:13)
    at Generator.next (<anonymous>)
    at createDescriptors (D:\桌面資料\暫存\SubTrack\node_modules\@babel\core\lib\config\config-descriptors.js:102:41)
    at createDescriptors.next (<anonymous>)
    at createPresetDescriptors (D:\桌面資料\暫存\SubTrack\node_modules\@babel\core\lib\config\config-descriptors.js:96:17)
    at createPresetDescriptors.next (<anonymous>)
    at D:\桌面資料\暫存\SubTrack\node_modules\@babel\core\lib\gensync-utils\functional.js:39:27
    at Generator.next (<anonymous>)
    at mergeChainOpts (D:\桌面資料\暫存\SubTrack\node_modules\@babel\core\lib\config\config-chain.js:350:34)
    at mergeChainOpts.next (<anonymous>)
    at chainWalker (D:\桌面資料\暫存\SubTrack\node_modules\@babel\core\lib\config\config-chain.js:316:14)
    at chainWalker.next (<anonymous>)
    at loadFileChain (D:\桌面資料\暫存\SubTrack\node_modules\@babel\core\lib\config\config-chain.js:191:24)
    at loadFileChain.next (<anonymous>)
    at buildRootChain (D:\桌面資料\暫存\SubTrack\node_modules\@babel\core\lib\config\config-chain.js:77:27)
    at buildRootChain.next (<anonymous>)
    at loadPrivatePartialConfig (D:\桌面資料\暫存\SubTrack\node_modules\@babel\core\lib\config\partial.js:72:62)
    at loadPrivatePartialConfig.next (<anonymous>)
    at loadPartialConfig (D:\桌面資料\暫存\SubTrack\node_modules\@babel\core\lib\config\partial.js:115:25)
    at loadPartialConfig.next (<anonymous>)
    at step (D:\桌面資料\暫存\SubTrack\node_modules\gensync\index.js:269:25)
    at D:\桌面資料\暫存\SubTrack\node_modules\gensync\index.js:273:13
    at async.call.result.err.err (D:\桌面資料\暫存\SubTrack\node_modules\gensync\index.js:223:11)
    at D:\桌面資料\暫存\SubTrack\node_modules\gensync\index.js:189:28
    at D:\桌面資料\暫存\SubTrack\node_modules\@babel\core\lib\gensync-utils\async.js:67:7
    at D:\桌面資料\暫存\SubTrack\node_modules\gensync\index.js:113:33
    at step (D:\桌面資料\暫存\SubTrack\node_modules\gensync\index.js:287:14)
    at D:\桌面資料\暫存\SubTrack\node_modules\gensync\index.js:273:13
    at async.call.result.err.err (D:\桌面資料\暫存\SubTrack\node_modules\gensync\index.js:223:11)
    at D:\桌面資料\暫存\SubTrack\node_modules\gensync\index.js:37:40
    at process.processTicksAndRejections (node:internal/process/task_queues:103:5)
Failed to collect coverage from D:\桌面資料\暫存\SubTrack\src\services\authService.ts
ERROR: Cannot find package 'babel-preset-expo' imported from D:\桌面資料\暫存\SubTrack\babel-virtual-resolve-base.js
STACK: Error: Cannot find package 'babel-preset-expo' imported from D:\桌面資料\暫存\SubTrack\babel-virtual-resolve-base.js
    at __node_internal_ (D:\桌面資料\暫存\SubTrack\node_modules\@babel\core\lib\vendor\import-meta-resolve.js:224:9)
    at new NodeError (D:\桌面資料\暫存\SubTrack\node_modules\@babel\core\lib\vendor\import-meta-resolve.js:194:5)
    at packageResolve (D:\桌面資料\暫存\SubTrack\node_modules\@babel\core\lib\vendor\import-meta-resolve.js:898:9)
    at moduleResolve (D:\桌面資料\暫存\SubTrack\node_modules\@babel\core\lib\vendor\import-meta-resolve.js:938:18)
    at defaultResolve (D:\桌面資料\暫存\SubTrack\node_modules\@babel\core\lib\vendor\import-meta-resolve.js:1016:15)
    at resolve (D:\桌面資料\暫存\SubTrack\node_modules\@babel\core\lib\vendor\import-meta-resolve.js:1029:12)
    at tryImportMetaResolve (D:\桌面資料\暫存\SubTrack\node_modules\@babel\core\lib\config\files\plugins.js:149:45)
    at resolveStandardizedNameForImport (D:\桌面資料\暫存\SubTrack\node_modules\@babel\core\lib\config\files\plugins.js:174:19)
    at resolveStandardizedName (D:\桌面資料\暫存\SubTrack\node_modules\@babel\core\lib\config\files\plugins.js:186:22)
    at loadPreset (D:\桌面資料\暫存\SubTrack\node_modules\@babel\core\lib\config\files\plugins.js:68:7)
    at loadPreset.next (<anonymous>)
    at createDescriptor (D:\桌面資料\暫存\SubTrack\node_modules\@babel\core\lib\config\config-descriptors.js:140:16)
    at createDescriptor.next (<anonymous>)
    at step (D:\桌面資料\暫存\SubTrack\node_modules\gensync\index.js:261:32)
    at evaluateAsync (D:\桌面資料\暫存\SubTrack\node_modules\gensync\index.js:291:5)
    at D:\桌面資料\暫存\SubTrack\node_modules\gensync\index.js:44:11
    at Array.forEach (<anonymous>)
    at gensync.async (D:\桌面資料\暫存\SubTrack\node_modules\gensync\index.js:43:15)
    at gensync.all (D:\桌面資料\暫存\SubTrack\node_modules\gensync\index.js:216:13)
    at Generator.next (<anonymous>)
    at createDescriptors (D:\桌面資料\暫存\SubTrack\node_modules\@babel\core\lib\config\config-descriptors.js:102:41)
    at createDescriptors.next (<anonymous>)
    at createPresetDescriptors (D:\桌面資料\暫存\SubTrack\node_modules\@babel\core\lib\config\config-descriptors.js:96:17)
    at createPresetDescriptors.next (<anonymous>)
    at D:\桌面資料\暫存\SubTrack\node_modules\@babel\core\lib\gensync-utils\functional.js:39:27
    at Generator.next (<anonymous>)
    at mergeChainOpts (D:\桌面資料\暫存\SubTrack\node_modules\@babel\core\lib\config\config-chain.js:350:34)
    at mergeChainOpts.next (<anonymous>)
    at chainWalker (D:\桌面資料\暫存\SubTrack\node_modules\@babel\core\lib\config\config-chain.js:316:14)
    at chainWalker.next (<anonymous>)
    at loadFileChain (D:\桌面資料\暫存\SubTrack\node_modules\@babel\core\lib\config\config-chain.js:191:24)
    at loadFileChain.next (<anonymous>)
    at buildRootChain (D:\桌面資料\暫存\SubTrack\node_modules\@babel\core\lib\config\config-chain.js:77:27)
    at buildRootChain.next (<anonymous>)
    at loadPrivatePartialConfig (D:\桌面資料\暫存\SubTrack\node_modules\@babel\core\lib\config\partial.js:72:62)
    at loadPrivatePartialConfig.next (<anonymous>)
    at loadPartialConfig (D:\桌面資料\暫存\SubTrack\node_modules\@babel\core\lib\config\partial.js:115:25)
    at loadPartialConfig.next (<anonymous>)
    at step (D:\桌面資料\暫存\SubTrack\node_modules\gensync\index.js:269:25)
    at D:\桌面資料\暫存\SubTrack\node_modules\gensync\index.js:273:13
    at async.call.result.err.err (D:\桌面資料\暫存\SubTrack\node_modules\gensync\index.js:223:11)
    at D:\桌面資料\暫存\SubTrack\node_modules\gensync\index.js:189:28
    at D:\桌面資料\暫存\SubTrack\node_modules\@babel\core\lib\gensync-utils\async.js:67:7
    at D:\桌面資料\暫存\SubTrack\node_modules\gensync\index.js:113:33
    at step (D:\桌面資料\暫存\SubTrack\node_modules\gensync\index.js:287:14)
    at D:\桌面資料\暫存\SubTrack\node_modules\gensync\index.js:273:13
    at async.call.result.err.err (D:\桌面資料\暫存\SubTrack\node_modules\gensync\index.js:223:11)
    at D:\桌面資料\暫存\SubTrack\node_modules\gensync\index.js:37:40
    at process.processTicksAndRejections (node:internal/process/task_queues:103:5)
Failed to collect coverage from D:\桌面資料\暫存\SubTrack\src\services\database.web.ts
ERROR: Cannot find package 'babel-preset-expo' imported from D:\桌面資料\暫存\SubTrack\babel-virtual-resolve-base.js
STACK: Error: Cannot find package 'babel-preset-expo' imported from D:\桌面資料\暫存\SubTrack\babel-virtual-resolve-base.js
    at __node_internal_ (D:\桌面資料\暫存\SubTrack\node_modules\@babel\core\lib\vendor\import-meta-resolve.js:224:9)
    at new NodeError (D:\桌面資料\暫存\SubTrack\node_modules\@babel\core\lib\vendor\import-meta-resolve.js:194:5)
    at packageResolve (D:\桌面資料\暫存\SubTrack\node_modules\@babel\core\lib\vendor\import-meta-resolve.js:898:9)
    at moduleResolve (D:\桌面資料\暫存\SubTrack\node_modules\@babel\core\lib\vendor\import-meta-resolve.js:938:18)
    at defaultResolve (D:\桌面資料\暫存\SubTrack\node_modules\@babel\core\lib\vendor\import-meta-resolve.js:1016:15)
    at resolve (D:\桌面資料\暫存\SubTrack\node_modules\@babel\core\lib\vendor\import-meta-resolve.js:1029:12)
    at tryImportMetaResolve (D:\桌面資料\暫存\SubTrack\node_modules\@babel\core\lib\config\files\plugins.js:149:45)
    at resolveStandardizedNameForImport (D:\桌面資料\暫存\SubTrack\node_modules\@babel\core\lib\config\files\plugins.js:174:19)
    at resolveStandardizedName (D:\桌面資料\暫存\SubTrack\node_modules\@babel\core\lib\config\files\plugins.js:186:22)
    at loadPreset (D:\桌面資料\暫存\SubTrack\node_modules\@babel\core\lib\config\files\plugins.js:68:7)
    at loadPreset.next (<anonymous>)
    at createDescriptor (D:\桌面資料\暫存\SubTrack\node_modules\@babel\core\lib\config\config-descriptors.js:140:16)
    at createDescriptor.next (<anonymous>)
    at step (D:\桌面資料\暫存\SubTrack\node_modules\gensync\index.js:261:32)
    at evaluateAsync (D:\桌面資料\暫存\SubTrack\node_modules\gensync\index.js:291:5)
    at D:\桌面資料\暫存\SubTrack\node_modules\gensync\index.js:44:11
    at Array.forEach (<anonymous>)
    at gensync.async (D:\桌面資料\暫存\SubTrack\node_modules\gensync\index.js:43:15)
    at gensync.all (D:\桌面資料\暫存\SubTrack\node_modules\gensync\index.js:216:13)
    at Generator.next (<anonymous>)
    at createDescriptors (D:\桌面資料\暫存\SubTrack\node_modules\@babel\core\lib\config\config-descriptors.js:102:41)
    at createDescriptors.next (<anonymous>)
    at createPresetDescriptors (D:\桌面資料\暫存\SubTrack\node_modules\@babel\core\lib\config\config-descriptors.js:96:17)
    at createPresetDescriptors.next (<anonymous>)
    at D:\桌面資料\暫存\SubTrack\node_modules\@babel\core\lib\gensync-utils\functional.js:39:27
    at Generator.next (<anonymous>)
    at mergeChainOpts (D:\桌面資料\暫存\SubTrack\node_modules\@babel\core\lib\config\config-chain.js:350:34)
    at mergeChainOpts.next (<anonymous>)
    at chainWalker (D:\桌面資料\暫存\SubTrack\node_modules\@babel\core\lib\config\config-chain.js:316:14)
    at chainWalker.next (<anonymous>)
    at loadFileChain (D:\桌面資料\暫存\SubTrack\node_modules\@babel\core\lib\config\config-chain.js:191:24)
    at loadFileChain.next (<anonymous>)
    at buildRootChain (D:\桌面資料\暫存\SubTrack\node_modules\@babel\core\lib\config\config-chain.js:77:27)
    at buildRootChain.next (<anonymous>)
    at loadPrivatePartialConfig (D:\桌面資料\暫存\SubTrack\node_modules\@babel\core\lib\config\partial.js:72:62)
    at loadPrivatePartialConfig.next (<anonymous>)
    at loadPartialConfig (D:\桌面資料\暫存\SubTrack\node_modules\@babel\core\lib\config\partial.js:115:25)
    at loadPartialConfig.next (<anonymous>)
    at step (D:\桌面資料\暫存\SubTrack\node_modules\gensync\index.js:269:25)
    at D:\桌面資料\暫存\SubTrack\node_modules\gensync\index.js:273:13
    at async.call.result.err.err (D:\桌面資料\暫存\SubTrack\node_modules\gensync\index.js:223:11)
    at D:\桌面資料\暫存\SubTrack\node_modules\gensync\index.js:189:28
    at D:\桌面資料\暫存\SubTrack\node_modules\@babel\core\lib\gensync-utils\async.js:67:7
    at D:\桌面資料\暫存\SubTrack\node_modules\gensync\index.js:113:33
    at step (D:\桌面資料\暫存\SubTrack\node_modules\gensync\index.js:287:14)
    at D:\桌面資料\暫存\SubTrack\node_modules\gensync\index.js:273:13
    at async.call.result.err.err (D:\桌面資料\暫存\SubTrack\node_modules\gensync\index.js:223:11)
    at D:\桌面資料\暫存\SubTrack\node_modules\gensync\index.js:37:40
    at process.processTicksAndRejections (node:internal/process/task_queues:103:5)
Failed to collect coverage from D:\桌面資料\暫存\SubTrack\src\services\exportService.ts
ERROR: Cannot find package 'babel-preset-expo' imported from D:\桌面資料\暫存\SubTrack\babel-virtual-resolve-base.js
STACK: Error: Cannot find package 'babel-preset-expo' imported from D:\桌面資料\暫存\SubTrack\babel-virtual-resolve-base.js
    at __node_internal_ (D:\桌面資料\暫存\SubTrack\node_modules\@babel\core\lib\vendor\import-meta-resolve.js:224:9)
    at new NodeError (D:\桌面資料\暫存\SubTrack\node_modules\@babel\core\lib\vendor\import-meta-resolve.js:194:5)
    at packageResolve (D:\桌面資料\暫存\SubTrack\node_modules\@babel\core\lib\vendor\import-meta-resolve.js:898:9)
    at moduleResolve (D:\桌面資料\暫存\SubTrack\node_modules\@babel\core\lib\vendor\import-meta-resolve.js:938:18)
    at defaultResolve (D:\桌面資料\暫存\SubTrack\node_modules\@babel\core\lib\vendor\import-meta-resolve.js:1016:15)
    at resolve (D:\桌面資料\暫存\SubTrack\node_modules\@babel\core\lib\vendor\import-meta-resolve.js:1029:12)
    at tryImportMetaResolve (D:\桌面資料\暫存\SubTrack\node_modules\@babel\core\lib\config\files\plugins.js:149:45)
    at resolveStandardizedNameForImport (D:\桌面資料\暫存\SubTrack\node_modules\@babel\core\lib\config\files\plugins.js:174:19)
    at resolveStandardizedName (D:\桌面資料\暫存\SubTrack\node_modules\@babel\core\lib\config\files\plugins.js:186:22)
    at loadPreset (D:\桌面資料\暫存\SubTrack\node_modules\@babel\core\lib\config\files\plugins.js:68:7)
    at loadPreset.next (<anonymous>)
    at createDescriptor (D:\桌面資料\暫存\SubTrack\node_modules\@babel\core\lib\config\config-descriptors.js:140:16)
    at createDescriptor.next (<anonymous>)
    at step (D:\桌面資料\暫存\SubTrack\node_modules\gensync\index.js:261:32)
    at evaluateAsync (D:\桌面資料\暫存\SubTrack\node_modules\gensync\index.js:291:5)
    at D:\桌面資料\暫存\SubTrack\node_modules\gensync\index.js:44:11
    at Array.forEach (<anonymous>)
    at gensync.async (D:\桌面資料\暫存\SubTrack\node_modules\gensync\index.js:43:15)
    at gensync.all (D:\桌面資料\暫存\SubTrack\node_modules\gensync\index.js:216:13)
    at Generator.next (<anonymous>)
    at createDescriptors (D:\桌面資料\暫存\SubTrack\node_modules\@babel\core\lib\config\config-descriptors.js:102:41)
    at createDescriptors.next (<anonymous>)
    at createPresetDescriptors (D:\桌面資料\暫存\SubTrack\node_modules\@babel\core\lib\config\config-descriptors.js:96:17)
    at createPresetDescriptors.next (<anonymous>)
    at D:\桌面資料\暫存\SubTrack\node_modules\@babel\core\lib\gensync-utils\functional.js:39:27
    at Generator.next (<anonymous>)
    at mergeChainOpts (D:\桌面資料\暫存\SubTrack\node_modules\@babel\core\lib\config\config-chain.js:350:34)
    at mergeChainOpts.next (<anonymous>)
    at chainWalker (D:\桌面資料\暫存\SubTrack\node_modules\@babel\core\lib\config\config-chain.js:316:14)
    at chainWalker.next (<anonymous>)
    at loadFileChain (D:\桌面資料\暫存\SubTrack\node_modules\@babel\core\lib\config\config-chain.js:191:24)
    at loadFileChain.next (<anonymous>)
    at buildRootChain (D:\桌面資料\暫存\SubTrack\node_modules\@babel\core\lib\config\config-chain.js:77:27)
    at buildRootChain.next (<anonymous>)
    at loadPrivatePartialConfig (D:\桌面資料\暫存\SubTrack\node_modules\@babel\core\lib\config\partial.js:72:62)
    at loadPrivatePartialConfig.next (<anonymous>)
    at loadPartialConfig (D:\桌面資料\暫存\SubTrack\node_modules\@babel\core\lib\config\partial.js:115:25)
    at loadPartialConfig.next (<anonymous>)
    at step (D:\桌面資料\暫存\SubTrack\node_modules\gensync\index.js:269:25)
    at D:\桌面資料\暫存\SubTrack\node_modules\gensync\index.js:273:13
    at async.call.result.err.err (D:\桌面資料\暫存\SubTrack\node_modules\gensync\index.js:223:11)
    at D:\桌面資料\暫存\SubTrack\node_modules\gensync\index.js:189:28
    at D:\桌面資料\暫存\SubTrack\node_modules\@babel\core\lib\gensync-utils\async.js:67:7
    at D:\桌面資料\暫存\SubTrack\node_modules\gensync\index.js:113:33
    at step (D:\桌面資料\暫存\SubTrack\node_modules\gensync\index.js:287:14)
    at D:\桌面資料\暫存\SubTrack\node_modules\gensync\index.js:273:13
    at async.call.result.err.err (D:\桌面資料\暫存\SubTrack\node_modules\gensync\index.js:223:11)
    at D:\桌面資料\暫存\SubTrack\node_modules\gensync\index.js:37:40
    at process.processTicksAndRejections (node:internal/process/task_queues:103:5)
Failed to collect coverage from D:\桌面資料\暫存\SubTrack\src\services\database.ts
ERROR: Cannot find package 'babel-preset-expo' imported from D:\桌面資料\暫存\SubTrack\babel-virtual-resolve-base.js
STACK: Error: Cannot find package 'babel-preset-expo' imported from D:\桌面資料\暫存\SubTrack\babel-virtual-resolve-base.js
    at __node_internal_ (D:\桌面資料\暫存\SubTrack\node_modules\@babel\core\lib\vendor\import-meta-resolve.js:224:9)
    at new NodeError (D:\桌面資料\暫存\SubTrack\node_modules\@babel\core\lib\vendor\import-meta-resolve.js:194:5)
    at packageResolve (D:\桌面資料\暫存\SubTrack\node_modules\@babel\core\lib\vendor\import-meta-resolve.js:898:9)
    at moduleResolve (D:\桌面資料\暫存\SubTrack\node_modules\@babel\core\lib\vendor\import-meta-resolve.js:938:18)
    at defaultResolve (D:\桌面資料\暫存\SubTrack\node_modules\@babel\core\lib\vendor\import-meta-resolve.js:1016:15)
    at resolve (D:\桌面資料\暫存\SubTrack\node_modules\@babel\core\lib\vendor\import-meta-resolve.js:1029:12)
    at tryImportMetaResolve (D:\桌面資料\暫存\SubTrack\node_modules\@babel\core\lib\config\files\plugins.js:149:45)
    at resolveStandardizedNameForImport (D:\桌面資料\暫存\SubTrack\node_modules\@babel\core\lib\config\files\plugins.js:174:19)
    at resolveStandardizedName (D:\桌面資料\暫存\SubTrack\node_modules\@babel\core\lib\config\files\plugins.js:186:22)
    at loadPreset (D:\桌面資料\暫存\SubTrack\node_modules\@babel\core\lib\config\files\plugins.js:68:7)
    at loadPreset.next (<anonymous>)
    at createDescriptor (D:\桌面資料\暫存\SubTrack\node_modules\@babel\core\lib\config\config-descriptors.js:140:16)
    at createDescriptor.next (<anonymous>)
    at step (D:\桌面資料\暫存\SubTrack\node_modules\gensync\index.js:261:32)
    at evaluateAsync (D:\桌面資料\暫存\SubTrack\node_modules\gensync\index.js:291:5)
    at D:\桌面資料\暫存\SubTrack\node_modules\gensync\index.js:44:11
    at Array.forEach (<anonymous>)
    at gensync.async (D:\桌面資料\暫存\SubTrack\node_modules\gensync\index.js:43:15)
    at gensync.all (D:\桌面資料\暫存\SubTrack\node_modules\gensync\index.js:216:13)
    at Generator.next (<anonymous>)
    at createDescriptors (D:\桌面資料\暫存\SubTrack\node_modules\@babel\core\lib\config\config-descriptors.js:102:41)
    at createDescriptors.next (<anonymous>)
    at createPresetDescriptors (D:\桌面資料\暫存\SubTrack\node_modules\@babel\core\lib\config\config-descriptors.js:96:17)
    at createPresetDescriptors.next (<anonymous>)
    at D:\桌面資料\暫存\SubTrack\node_modules\@babel\core\lib\gensync-utils\functional.js:39:27
    at Generator.next (<anonymous>)
    at mergeChainOpts (D:\桌面資料\暫存\SubTrack\node_modules\@babel\core\lib\config\config-chain.js:350:34)
    at mergeChainOpts.next (<anonymous>)
    at chainWalker (D:\桌面資料\暫存\SubTrack\node_modules\@babel\core\lib\config\config-chain.js:316:14)
    at chainWalker.next (<anonymous>)
    at loadFileChain (D:\桌面資料\暫存\SubTrack\node_modules\@babel\core\lib\config\config-chain.js:191:24)
    at loadFileChain.next (<anonymous>)
    at buildRootChain (D:\桌面資料\暫存\SubTrack\node_modules\@babel\core\lib\config\config-chain.js:77:27)
    at buildRootChain.next (<anonymous>)
    at loadPrivatePartialConfig (D:\桌面資料\暫存\SubTrack\node_modules\@babel\core\lib\config\partial.js:72:62)
    at loadPrivatePartialConfig.next (<anonymous>)
    at loadPartialConfig (D:\桌面資料\暫存\SubTrack\node_modules\@babel\core\lib\config\partial.js:115:25)
    at loadPartialConfig.next (<anonymous>)
    at step (D:\桌面資料\暫存\SubTrack\node_modules\gensync\index.js:269:25)
    at D:\桌面資料\暫存\SubTrack\node_modules\gensync\index.js:273:13
    at async.call.result.err.err (D:\桌面資料\暫存\SubTrack\node_modules\gensync\index.js:223:11)
    at D:\桌面資料\暫存\SubTrack\node_modules\gensync\index.js:189:28
    at D:\桌面資料\暫存\SubTrack\node_modules\@babel\core\lib\gensync-utils\async.js:67:7
    at D:\桌面資料\暫存\SubTrack\node_modules\gensync\index.js:113:33
    at step (D:\桌面資料\暫存\SubTrack\node_modules\gensync\index.js:287:14)
    at D:\桌面資料\暫存\SubTrack\node_modules\gensync\index.js:273:13
    at async.call.result.err.err (D:\桌面資料\暫存\SubTrack\node_modules\gensync\index.js:223:11)
    at D:\桌面資料\暫存\SubTrack\node_modules\gensync\index.js:37:40
    at process.processTicksAndRejections (node:internal/process/task_queues:103:5)
Failed to collect coverage from D:\桌面資料\暫存\SubTrack\src\services\imageService.ts
ERROR: Cannot find package 'babel-preset-expo' imported from D:\桌面資料\暫存\SubTrack\babel-virtual-resolve-base.js
STACK: Error: Cannot find package 'babel-preset-expo' imported from D:\桌面資料\暫存\SubTrack\babel-virtual-resolve-base.js
    at __node_internal_ (D:\桌面資料\暫存\SubTrack\node_modules\@babel\core\lib\vendor\import-meta-resolve.js:224:9)
    at new NodeError (D:\桌面資料\暫存\SubTrack\node_modules\@babel\core\lib\vendor\import-meta-resolve.js:194:5)
    at packageResolve (D:\桌面資料\暫存\SubTrack\node_modules\@babel\core\lib\vendor\import-meta-resolve.js:898:9)
    at moduleResolve (D:\桌面資料\暫存\SubTrack\node_modules\@babel\core\lib\vendor\import-meta-resolve.js:938:18)
    at defaultResolve (D:\桌面資料\暫存\SubTrack\node_modules\@babel\core\lib\vendor\import-meta-resolve.js:1016:15)
    at resolve (D:\桌面資料\暫存\SubTrack\node_modules\@babel\core\lib\vendor\import-meta-resolve.js:1029:12)
    at tryImportMetaResolve (D:\桌面資料\暫存\SubTrack\node_modules\@babel\core\lib\config\files\plugins.js:149:45)
    at resolveStandardizedNameForImport (D:\桌面資料\暫存\SubTrack\node_modules\@babel\core\lib\config\files\plugins.js:174:19)
    at resolveStandardizedName (D:\桌面資料\暫存\SubTrack\node_modules\@babel\core\lib\config\files\plugins.js:186:22)
    at loadPreset (D:\桌面資料\暫存\SubTrack\node_modules\@babel\core\lib\config\files\plugins.js:68:7)
    at loadPreset.next (<anonymous>)
    at createDescriptor (D:\桌面資料\暫存\SubTrack\node_modules\@babel\core\lib\config\config-descriptors.js:140:16)
    at createDescriptor.next (<anonymous>)
    at step (D:\桌面資料\暫存\SubTrack\node_modules\gensync\index.js:261:32)
    at evaluateAsync (D:\桌面資料\暫存\SubTrack\node_modules\gensync\index.js:291:5)
    at D:\桌面資料\暫存\SubTrack\node_modules\gensync\index.js:44:11
    at Array.forEach (<anonymous>)
    at gensync.async (D:\桌面資料\暫存\SubTrack\node_modules\gensync\index.js:43:15)
    at gensync.all (D:\桌面資料\暫存\SubTrack\node_modules\gensync\index.js:216:13)
    at Generator.next (<anonymous>)
    at createDescriptors (D:\桌面資料\暫存\SubTrack\node_modules\@babel\core\lib\config\config-descriptors.js:102:41)
    at createDescriptors.next (<anonymous>)
    at createPresetDescriptors (D:\桌面資料\暫存\SubTrack\node_modules\@babel\core\lib\config\config-descriptors.js:96:17)
    at createPresetDescriptors.next (<anonymous>)
    at D:\桌面資料\暫存\SubTrack\node_modules\@babel\core\lib\gensync-utils\functional.js:39:27
    at Generator.next (<anonymous>)
    at mergeChainOpts (D:\桌面資料\暫存\SubTrack\node_modules\@babel\core\lib\config\config-chain.js:350:34)
    at mergeChainOpts.next (<anonymous>)
    at chainWalker (D:\桌面資料\暫存\SubTrack\node_modules\@babel\core\lib\config\config-chain.js:316:14)
    at chainWalker.next (<anonymous>)
    at loadFileChain (D:\桌面資料\暫存\SubTrack\node_modules\@babel\core\lib\config\config-chain.js:191:24)
    at loadFileChain.next (<anonymous>)
    at buildRootChain (D:\桌面資料\暫存\SubTrack\node_modules\@babel\core\lib\config\config-chain.js:77:27)
    at buildRootChain.next (<anonymous>)
    at loadPrivatePartialConfig (D:\桌面資料\暫存\SubTrack\node_modules\@babel\core\lib\config\partial.js:72:62)
    at loadPrivatePartialConfig.next (<anonymous>)
    at loadPartialConfig (D:\桌面資料\暫存\SubTrack\node_modules\@babel\core\lib\config\partial.js:115:25)
    at loadPartialConfig.next (<anonymous>)
    at step (D:\桌面資料\暫存\SubTrack\node_modules\gensync\index.js:269:25)
    at D:\桌面資料\暫存\SubTrack\node_modules\gensync\index.js:273:13
    at async.call.result.err.err (D:\桌面資料\暫存\SubTrack\node_modules\gensync\index.js:223:11)
    at D:\桌面資料\暫存\SubTrack\node_modules\gensync\index.js:189:28
    at D:\桌面資料\暫存\SubTrack\node_modules\@babel\core\lib\gensync-utils\async.js:67:7
    at D:\桌面資料\暫存\SubTrack\node_modules\gensync\index.js:113:33
    at step (D:\桌面資料\暫存\SubTrack\node_modules\gensync\index.js:287:14)
    at D:\桌面資料\暫存\SubTrack\node_modules\gensync\index.js:273:13
    at async.call.result.err.err (D:\桌面資料\暫存\SubTrack\node_modules\gensync\index.js:223:11)
    at D:\桌面資料\暫存\SubTrack\node_modules\gensync\index.js:37:40
    at process.processTicksAndRejections (node:internal/process/task_queues:103:5)
Failed to collect coverage from D:\桌面資料\暫存\SubTrack\src\services\importService.ts
ERROR: Cannot find package 'babel-preset-expo' imported from D:\桌面資料\暫存\SubTrack\babel-virtual-resolve-base.js
STACK: Error: Cannot find package 'babel-preset-expo' imported from D:\桌面資料\暫存\SubTrack\babel-virtual-resolve-base.js
    at __node_internal_ (D:\桌面資料\暫存\SubTrack\node_modules\@babel\core\lib\vendor\import-meta-resolve.js:224:9)
    at new NodeError (D:\桌面資料\暫存\SubTrack\node_modules\@babel\core\lib\vendor\import-meta-resolve.js:194:5)
    at packageResolve (D:\桌面資料\暫存\SubTrack\node_modules\@babel\core\lib\vendor\import-meta-resolve.js:898:9)
    at moduleResolve (D:\桌面資料\暫存\SubTrack\node_modules\@babel\core\lib\vendor\import-meta-resolve.js:938:18)
    at defaultResolve (D:\桌面資料\暫存\SubTrack\node_modules\@babel\core\lib\vendor\import-meta-resolve.js:1016:15)
    at resolve (D:\桌面資料\暫存\SubTrack\node_modules\@babel\core\lib\vendor\import-meta-resolve.js:1029:12)
    at tryImportMetaResolve (D:\桌面資料\暫存\SubTrack\node_modules\@babel\core\lib\config\files\plugins.js:149:45)
    at resolveStandardizedNameForImport (D:\桌面資料\暫存\SubTrack\node_modules\@babel\core\lib\config\files\plugins.js:174:19)
    at resolveStandardizedName (D:\桌面資料\暫存\SubTrack\node_modules\@babel\core\lib\config\files\plugins.js:186:22)
    at loadPreset (D:\桌面資料\暫存\SubTrack\node_modules\@babel\core\lib\config\files\plugins.js:68:7)
    at loadPreset.next (<anonymous>)
    at createDescriptor (D:\桌面資料\暫存\SubTrack\node_modules\@babel\core\lib\config\config-descriptors.js:140:16)
    at createDescriptor.next (<anonymous>)
    at step (D:\桌面資料\暫存\SubTrack\node_modules\gensync\index.js:261:32)
    at evaluateAsync (D:\桌面資料\暫存\SubTrack\node_modules\gensync\index.js:291:5)
    at D:\桌面資料\暫存\SubTrack\node_modules\gensync\index.js:44:11
    at Array.forEach (<anonymous>)
    at gensync.async (D:\桌面資料\暫存\SubTrack\node_modules\gensync\index.js:43:15)
    at gensync.all (D:\桌面資料\暫存\SubTrack\node_modules\gensync\index.js:216:13)
    at Generator.next (<anonymous>)
    at createDescriptors (D:\桌面資料\暫存\SubTrack\node_modules\@babel\core\lib\config\config-descriptors.js:102:41)
    at createDescriptors.next (<anonymous>)
    at createPresetDescriptors (D:\桌面資料\暫存\SubTrack\node_modules\@babel\core\lib\config\config-descriptors.js:96:17)
    at createPresetDescriptors.next (<anonymous>)
    at D:\桌面資料\暫存\SubTrack\node_modules\@babel\core\lib\gensync-utils\functional.js:39:27
    at Generator.next (<anonymous>)
    at mergeChainOpts (D:\桌面資料\暫存\SubTrack\node_modules\@babel\core\lib\config\config-chain.js:350:34)
    at mergeChainOpts.next (<anonymous>)
    at chainWalker (D:\桌面資料\暫存\SubTrack\node_modules\@babel\core\lib\config\config-chain.js:316:14)
    at chainWalker.next (<anonymous>)
    at loadFileChain (D:\桌面資料\暫存\SubTrack\node_modules\@babel\core\lib\config\config-chain.js:191:24)
    at loadFileChain.next (<anonymous>)
    at buildRootChain (D:\桌面資料\暫存\SubTrack\node_modules\@babel\core\lib\config\config-chain.js:77:27)
    at buildRootChain.next (<anonymous>)
    at loadPrivatePartialConfig (D:\桌面資料\暫存\SubTrack\node_modules\@babel\core\lib\config\partial.js:72:62)
    at loadPrivatePartialConfig.next (<anonymous>)
    at loadPartialConfig (D:\桌面資料\暫存\SubTrack\node_modules\@babel\core\lib\config\partial.js:115:25)
    at loadPartialConfig.next (<anonymous>)
    at step (D:\桌面資料\暫存\SubTrack\node_modules\gensync\index.js:269:25)
    at D:\桌面資料\暫存\SubTrack\node_modules\gensync\index.js:273:13
    at async.call.result.err.err (D:\桌面資料\暫存\SubTrack\node_modules\gensync\index.js:223:11)
    at D:\桌面資料\暫存\SubTrack\node_modules\gensync\index.js:189:28
    at D:\桌面資料\暫存\SubTrack\node_modules\@babel\core\lib\gensync-utils\async.js:67:7
    at D:\桌面資料\暫存\SubTrack\node_modules\gensync\index.js:113:33
    at step (D:\桌面資料\暫存\SubTrack\node_modules\gensync\index.js:287:14)
    at D:\桌面資料\暫存\SubTrack\node_modules\gensync\index.js:273:13
    at async.call.result.err.err (D:\桌面資料\暫存\SubTrack\node_modules\gensync\index.js:223:11)
    at D:\桌面資料\暫存\SubTrack\node_modules\gensync\index.js:37:40
    at process.processTicksAndRejections (node:internal/process/task_queues:103:5)
Failed to collect coverage from D:\桌面資料\暫存\SubTrack\src\services\index.ts
ERROR: Cannot find package 'babel-preset-expo' imported from D:\桌面資料\暫存\SubTrack\babel-virtual-resolve-base.js
STACK: Error: Cannot find package 'babel-preset-expo' imported from D:\桌面資料\暫存\SubTrack\babel-virtual-resolve-base.js
    at __node_internal_ (D:\桌面資料\暫存\SubTrack\node_modules\@babel\core\lib\vendor\import-meta-resolve.js:224:9)
    at new NodeError (D:\桌面資料\暫存\SubTrack\node_modules\@babel\core\lib\vendor\import-meta-resolve.js:194:5)
    at packageResolve (D:\桌面資料\暫存\SubTrack\node_modules\@babel\core\lib\vendor\import-meta-resolve.js:898:9)
    at moduleResolve (D:\桌面資料\暫存\SubTrack\node_modules\@babel\core\lib\vendor\import-meta-resolve.js:938:18)
    at defaultResolve (D:\桌面資料\暫存\SubTrack\node_modules\@babel\core\lib\vendor\import-meta-resolve.js:1016:15)
    at resolve (D:\桌面資料\暫存\SubTrack\node_modules\@babel\core\lib\vendor\import-meta-resolve.js:1029:12)
    at tryImportMetaResolve (D:\桌面資料\暫存\SubTrack\node_modules\@babel\core\lib\config\files\plugins.js:149:45)
    at resolveStandardizedNameForImport (D:\桌面資料\暫存\SubTrack\node_modules\@babel\core\lib\config\files\plugins.js:174:19)
    at resolveStandardizedName (D:\桌面資料\暫存\SubTrack\node_modules\@babel\core\lib\config\files\plugins.js:186:22)
    at loadPreset (D:\桌面資料\暫存\SubTrack\node_modules\@babel\core\lib\config\files\plugins.js:68:7)
    at loadPreset.next (<anonymous>)
    at createDescriptor (D:\桌面資料\暫存\SubTrack\node_modules\@babel\core\lib\config\config-descriptors.js:140:16)
    at createDescriptor.next (<anonymous>)
    at step (D:\桌面資料\暫存\SubTrack\node_modules\gensync\index.js:261:32)
    at evaluateAsync (D:\桌面資料\暫存\SubTrack\node_modules\gensync\index.js:291:5)
    at D:\桌面資料\暫存\SubTrack\node_modules\gensync\index.js:44:11
    at Array.forEach (<anonymous>)
    at gensync.async (D:\桌面資料\暫存\SubTrack\node_modules\gensync\index.js:43:15)
    at gensync.all (D:\桌面資料\暫存\SubTrack\node_modules\gensync\index.js:216:13)
    at Generator.next (<anonymous>)
    at createDescriptors (D:\桌面資料\暫存\SubTrack\node_modules\@babel\core\lib\config\config-descriptors.js:102:41)
    at createDescriptors.next (<anonymous>)
    at createPresetDescriptors (D:\桌面資料\暫存\SubTrack\node_modules\@babel\core\lib\config\config-descriptors.js:96:17)
    at createPresetDescriptors.next (<anonymous>)
    at D:\桌面資料\暫存\SubTrack\node_modules\@babel\core\lib\gensync-utils\functional.js:39:27
    at Generator.next (<anonymous>)
    at mergeChainOpts (D:\桌面資料\暫存\SubTrack\node_modules\@babel\core\lib\config\config-chain.js:350:34)
    at mergeChainOpts.next (<anonymous>)
    at chainWalker (D:\桌面資料\暫存\SubTrack\node_modules\@babel\core\lib\config\config-chain.js:316:14)
    at chainWalker.next (<anonymous>)
    at loadFileChain (D:\桌面資料\暫存\SubTrack\node_modules\@babel\core\lib\config\config-chain.js:191:24)
    at loadFileChain.next (<anonymous>)
    at buildRootChain (D:\桌面資料\暫存\SubTrack\node_modules\@babel\core\lib\config\config-chain.js:77:27)
    at buildRootChain.next (<anonymous>)
    at loadPrivatePartialConfig (D:\桌面資料\暫存\SubTrack\node_modules\@babel\core\lib\config\partial.js:72:62)
    at loadPrivatePartialConfig.next (<anonymous>)
    at loadPartialConfig (D:\桌面資料\暫存\SubTrack\node_modules\@babel\core\lib\config\partial.js:115:25)
    at loadPartialConfig.next (<anonymous>)
    at step (D:\桌面資料\暫存\SubTrack\node_modules\gensync\index.js:269:25)
    at D:\桌面資料\暫存\SubTrack\node_modules\gensync\index.js:273:13
    at async.call.result.err.err (D:\桌面資料\暫存\SubTrack\node_modules\gensync\index.js:223:11)
    at D:\桌面資料\暫存\SubTrack\node_modules\gensync\index.js:189:28
    at D:\桌面資料\暫存\SubTrack\node_modules\@babel\core\lib\gensync-utils\async.js:67:7
    at D:\桌面資料\暫存\SubTrack\node_modules\gensync\index.js:113:33
    at step (D:\桌面資料\暫存\SubTrack\node_modules\gensync\index.js:287:14)
    at D:\桌面資料\暫存\SubTrack\node_modules\gensync\index.js:273:13
    at async.call.result.err.err (D:\桌面資料\暫存\SubTrack\node_modules\gensync\index.js:223:11)
    at D:\桌面資料\暫存\SubTrack\node_modules\gensync\index.js:37:40
    at process.processTicksAndRejections (node:internal/process/task_queues:103:5)
Failed to collect coverage from D:\桌面資料\暫存\SubTrack\src\services\securityService.ts
ERROR: Cannot find package 'babel-preset-expo' imported from D:\桌面資料\暫存\SubTrack\babel-virtual-resolve-base.js
STACK: Error: Cannot find package 'babel-preset-expo' imported from D:\桌面資料\暫存\SubTrack\babel-virtual-resolve-base.js
    at __node_internal_ (D:\桌面資料\暫存\SubTrack\node_modules\@babel\core\lib\vendor\import-meta-resolve.js:224:9)
    at new NodeError (D:\桌面資料\暫存\SubTrack\node_modules\@babel\core\lib\vendor\import-meta-resolve.js:194:5)
    at packageResolve (D:\桌面資料\暫存\SubTrack\node_modules\@babel\core\lib\vendor\import-meta-resolve.js:898:9)
    at moduleResolve (D:\桌面資料\暫存\SubTrack\node_modules\@babel\core\lib\vendor\import-meta-resolve.js:938:18)
    at defaultResolve (D:\桌面資料\暫存\SubTrack\node_modules\@babel\core\lib\vendor\import-meta-resolve.js:1016:15)
    at resolve (D:\桌面資料\暫存\SubTrack\node_modules\@babel\core\lib\vendor\import-meta-resolve.js:1029:12)
    at tryImportMetaResolve (D:\桌面資料\暫存\SubTrack\node_modules\@babel\core\lib\config\files\plugins.js:149:45)
    at resolveStandardizedNameForImport (D:\桌面資料\暫存\SubTrack\node_modules\@babel\core\lib\config\files\plugins.js:174:19)
    at resolveStandardizedName (D:\桌面資料\暫存\SubTrack\node_modules\@babel\core\lib\config\files\plugins.js:186:22)
    at loadPreset (D:\桌面資料\暫存\SubTrack\node_modules\@babel\core\lib\config\files\plugins.js:68:7)
    at loadPreset.next (<anonymous>)
    at createDescriptor (D:\桌面資料\暫存\SubTrack\node_modules\@babel\core\lib\config\config-descriptors.js:140:16)
    at createDescriptor.next (<anonymous>)
    at step (D:\桌面資料\暫存\SubTrack\node_modules\gensync\index.js:261:32)
    at evaluateAsync (D:\桌面資料\暫存\SubTrack\node_modules\gensync\index.js:291:5)
    at D:\桌面資料\暫存\SubTrack\node_modules\gensync\index.js:44:11
    at Array.forEach (<anonymous>)
    at gensync.async (D:\桌面資料\暫存\SubTrack\node_modules\gensync\index.js:43:15)
    at gensync.all (D:\桌面資料\暫存\SubTrack\node_modules\gensync\index.js:216:13)
    at Generator.next (<anonymous>)
    at createDescriptors (D:\桌面資料\暫存\SubTrack\node_modules\@babel\core\lib\config\config-descriptors.js:102:41)
    at createDescriptors.next (<anonymous>)
    at createPresetDescriptors (D:\桌面資料\暫存\SubTrack\node_modules\@babel\core\lib\config\config-descriptors.js:96:17)
    at createPresetDescriptors.next (<anonymous>)
    at D:\桌面資料\暫存\SubTrack\node_modules\@babel\core\lib\gensync-utils\functional.js:39:27
    at Generator.next (<anonymous>)
    at mergeChainOpts (D:\桌面資料\暫存\SubTrack\node_modules\@babel\core\lib\config\config-chain.js:350:34)
    at mergeChainOpts.next (<anonymous>)
    at chainWalker (D:\桌面資料\暫存\SubTrack\node_modules\@babel\core\lib\config\config-chain.js:316:14)
    at chainWalker.next (<anonymous>)
    at loadFileChain (D:\桌面資料\暫存\SubTrack\node_modules\@babel\core\lib\config\config-chain.js:191:24)
    at loadFileChain.next (<anonymous>)
    at buildRootChain (D:\桌面資料\暫存\SubTrack\node_modules\@babel\core\lib\config\config-chain.js:77:27)
    at buildRootChain.next (<anonymous>)
    at loadPrivatePartialConfig (D:\桌面資料\暫存\SubTrack\node_modules\@babel\core\lib\config\partial.js:72:62)
    at loadPrivatePartialConfig.next (<anonymous>)
    at loadPartialConfig (D:\桌面資料\暫存\SubTrack\node_modules\@babel\core\lib\config\partial.js:115:25)
    at loadPartialConfig.next (<anonymous>)
    at step (D:\桌面資料\暫存\SubTrack\node_modules\gensync\index.js:269:25)
    at D:\桌面資料\暫存\SubTrack\node_modules\gensync\index.js:273:13
    at async.call.result.err.err (D:\桌面資料\暫存\SubTrack\node_modules\gensync\index.js:223:11)
    at D:\桌面資料\暫存\SubTrack\node_modules\gensync\index.js:189:28
    at D:\桌面資料\暫存\SubTrack\node_modules\@babel\core\lib\gensync-utils\async.js:67:7
    at D:\桌面資料\暫存\SubTrack\node_modules\gensync\index.js:113:33
    at step (D:\桌面資料\暫存\SubTrack\node_modules\gensync\index.js:287:14)
    at D:\桌面資料\暫存\SubTrack\node_modules\gensync\index.js:273:13
    at async.call.result.err.err (D:\桌面資料\暫存\SubTrack\node_modules\gensync\index.js:223:11)
    at D:\桌面資料\暫存\SubTrack\node_modules\gensync\index.js:37:40
    at process.processTicksAndRejections (node:internal/process/task_queues:103:5)
Failed to collect coverage from D:\桌面資料\暫存\SubTrack\src\services\syncService.ts
ERROR: Cannot find package 'babel-preset-expo' imported from D:\桌面資料\暫存\SubTrack\babel-virtual-resolve-base.js
STACK: Error: Cannot find package 'babel-preset-expo' imported from D:\桌面資料\暫存\SubTrack\babel-virtual-resolve-base.js
    at __node_internal_ (D:\桌面資料\暫存\SubTrack\node_modules\@babel\core\lib\vendor\import-meta-resolve.js:224:9)
    at new NodeError (D:\桌面資料\暫存\SubTrack\node_modules\@babel\core\lib\vendor\import-meta-resolve.js:194:5)
    at packageResolve (D:\桌面資料\暫存\SubTrack\node_modules\@babel\core\lib\vendor\import-meta-resolve.js:898:9)
    at moduleResolve (D:\桌面資料\暫存\SubTrack\node_modules\@babel\core\lib\vendor\import-meta-resolve.js:938:18)
    at defaultResolve (D:\桌面資料\暫存\SubTrack\node_modules\@babel\core\lib\vendor\import-meta-resolve.js:1016:15)
    at resolve (D:\桌面資料\暫存\SubTrack\node_modules\@babel\core\lib\vendor\import-meta-resolve.js:1029:12)
    at tryImportMetaResolve (D:\桌面資料\暫存\SubTrack\node_modules\@babel\core\lib\config\files\plugins.js:149:45)
    at resolveStandardizedNameForImport (D:\桌面資料\暫存\SubTrack\node_modules\@babel\core\lib\config\files\plugins.js:174:19)
    at resolveStandardizedName (D:\桌面資料\暫存\SubTrack\node_modules\@babel\core\lib\config\files\plugins.js:186:22)
    at loadPreset (D:\桌面資料\暫存\SubTrack\node_modules\@babel\core\lib\config\files\plugins.js:68:7)
    at loadPreset.next (<anonymous>)
    at createDescriptor (D:\桌面資料\暫存\SubTrack\node_modules\@babel\core\lib\config\config-descriptors.js:140:16)
    at createDescriptor.next (<anonymous>)
    at step (D:\桌面資料\暫存\SubTrack\node_modules\gensync\index.js:261:32)
    at evaluateAsync (D:\桌面資料\暫存\SubTrack\node_modules\gensync\index.js:291:5)
    at D:\桌面資料\暫存\SubTrack\node_modules\gensync\index.js:44:11
    at Array.forEach (<anonymous>)
    at gensync.async (D:\桌面資料\暫存\SubTrack\node_modules\gensync\index.js:43:15)
    at gensync.all (D:\桌面資料\暫存\SubTrack\node_modules\gensync\index.js:216:13)
    at Generator.next (<anonymous>)
    at createDescriptors (D:\桌面資料\暫存\SubTrack\node_modules\@babel\core\lib\config\config-descriptors.js:102:41)
    at createDescriptors.next (<anonymous>)
    at createPresetDescriptors (D:\桌面資料\暫存\SubTrack\node_modules\@babel\core\lib\config\config-descriptors.js:96:17)
    at createPresetDescriptors.next (<anonymous>)
    at D:\桌面資料\暫存\SubTrack\node_modules\@babel\core\lib\gensync-utils\functional.js:39:27
    at Generator.next (<anonymous>)
    at mergeChainOpts (D:\桌面資料\暫存\SubTrack\node_modules\@babel\core\lib\config\config-chain.js:350:34)
    at mergeChainOpts.next (<anonymous>)
    at chainWalker (D:\桌面資料\暫存\SubTrack\node_modules\@babel\core\lib\config\config-chain.js:316:14)
    at chainWalker.next (<anonymous>)
    at loadFileChain (D:\桌面資料\暫存\SubTrack\node_modules\@babel\core\lib\config\config-chain.js:191:24)
    at loadFileChain.next (<anonymous>)
    at buildRootChain (D:\桌面資料\暫存\SubTrack\node_modules\@babel\core\lib\config\config-chain.js:77:27)
    at buildRootChain.next (<anonymous>)
    at loadPrivatePartialConfig (D:\桌面資料\暫存\SubTrack\node_modules\@babel\core\lib\config\partial.js:72:62)
    at loadPrivatePartialConfig.next (<anonymous>)
    at loadPartialConfig (D:\桌面資料\暫存\SubTrack\node_modules\@babel\core\lib\config\partial.js:115:25)
    at loadPartialConfig.next (<anonymous>)
    at step (D:\桌面資料\暫存\SubTrack\node_modules\gensync\index.js:269:25)
    at D:\桌面資料\暫存\SubTrack\node_modules\gensync\index.js:273:13
    at async.call.result.err.err (D:\桌面資料\暫存\SubTrack\node_modules\gensync\index.js:223:11)
    at D:\桌面資料\暫存\SubTrack\node_modules\gensync\index.js:189:28
    at D:\桌面資料\暫存\SubTrack\node_modules\@babel\core\lib\gensync-utils\async.js:67:7
    at D:\桌面資料\暫存\SubTrack\node_modules\gensync\index.js:113:33
    at step (D:\桌面資料\暫存\SubTrack\node_modules\gensync\index.js:287:14)
    at D:\桌面資料\暫存\SubTrack\node_modules\gensync\index.js:273:13
    at async.call.result.err.err (D:\桌面資料\暫存\SubTrack\node_modules\gensync\index.js:223:11)
    at D:\桌面資料\暫存\SubTrack\node_modules\gensync\index.js:37:40
    at process.processTicksAndRejections (node:internal/process/task_queues:103:5)
Failed to collect coverage from D:\桌面資料\暫存\SubTrack\src\services\workerService.ts
ERROR: Cannot find package 'babel-preset-expo' imported from D:\桌面資料\暫存\SubTrack\babel-virtual-resolve-base.js
STACK: Error: Cannot find package 'babel-preset-expo' imported from D:\桌面資料\暫存\SubTrack\babel-virtual-resolve-base.js
    at __node_internal_ (D:\桌面資料\暫存\SubTrack\node_modules\@babel\core\lib\vendor\import-meta-resolve.js:224:9)
    at new NodeError (D:\桌面資料\暫存\SubTrack\node_modules\@babel\core\lib\vendor\import-meta-resolve.js:194:5)
    at packageResolve (D:\桌面資料\暫存\SubTrack\node_modules\@babel\core\lib\vendor\import-meta-resolve.js:898:9)
    at moduleResolve (D:\桌面資料\暫存\SubTrack\node_modules\@babel\core\lib\vendor\import-meta-resolve.js:938:18)
    at defaultResolve (D:\桌面資料\暫存\SubTrack\node_modules\@babel\core\lib\vendor\import-meta-resolve.js:1016:15)
    at resolve (D:\桌面資料\暫存\SubTrack\node_modules\@babel\core\lib\vendor\import-meta-resolve.js:1029:12)
    at tryImportMetaResolve (D:\桌面資料\暫存\SubTrack\node_modules\@babel\core\lib\config\files\plugins.js:149:45)
    at resolveStandardizedNameForImport (D:\桌面資料\暫存\SubTrack\node_modules\@babel\core\lib\config\files\plugins.js:174:19)
    at resolveStandardizedName (D:\桌面資料\暫存\SubTrack\node_modules\@babel\core\lib\config\files\plugins.js:186:22)
    at loadPreset (D:\桌面資料\暫存\SubTrack\node_modules\@babel\core\lib\config\files\plugins.js:68:7)
    at loadPreset.next (<anonymous>)
    at createDescriptor (D:\桌面資料\暫存\SubTrack\node_modules\@babel\core\lib\config\config-descriptors.js:140:16)
    at createDescriptor.next (<anonymous>)
    at step (D:\桌面資料\暫存\SubTrack\node_modules\gensync\index.js:261:32)
    at evaluateAsync (D:\桌面資料\暫存\SubTrack\node_modules\gensync\index.js:291:5)
    at D:\桌面資料\暫存\SubTrack\node_modules\gensync\index.js:44:11
    at Array.forEach (<anonymous>)
    at gensync.async (D:\桌面資料\暫存\SubTrack\node_modules\gensync\index.js:43:15)
    at gensync.all (D:\桌面資料\暫存\SubTrack\node_modules\gensync\index.js:216:13)
    at Generator.next (<anonymous>)
    at createDescriptors (D:\桌面資料\暫存\SubTrack\node_modules\@babel\core\lib\config\config-descriptors.js:102:41)
    at createDescriptors.next (<anonymous>)
    at createPresetDescriptors (D:\桌面資料\暫存\SubTrack\node_modules\@babel\core\lib\config\config-descriptors.js:96:17)
    at createPresetDescriptors.next (<anonymous>)
    at D:\桌面資料\暫存\SubTrack\node_modules\@babel\core\lib\gensync-utils\functional.js:39:27
    at Generator.next (<anonymous>)
    at mergeChainOpts (D:\桌面資料\暫存\SubTrack\node_modules\@babel\core\lib\config\config-chain.js:350:34)
    at mergeChainOpts.next (<anonymous>)
    at chainWalker (D:\桌面資料\暫存\SubTrack\node_modules\@babel\core\lib\config\config-chain.js:316:14)
    at chainWalker.next (<anonymous>)
    at loadFileChain (D:\桌面資料\暫存\SubTrack\node_modules\@babel\core\lib\config\config-chain.js:191:24)
    at loadFileChain.next (<anonymous>)
    at buildRootChain (D:\桌面資料\暫存\SubTrack\node_modules\@babel\core\lib\config\config-chain.js:77:27)
    at buildRootChain.next (<anonymous>)
    at loadPrivatePartialConfig (D:\桌面資料\暫存\SubTrack\node_modules\@babel\core\lib\config\partial.js:72:62)
    at loadPrivatePartialConfig.next (<anonymous>)
    at loadPartialConfig (D:\桌面資料\暫存\SubTrack\node_modules\@babel\core\lib\config\partial.js:115:25)
    at loadPartialConfig.next (<anonymous>)
    at step (D:\桌面資料\暫存\SubTrack\node_modules\gensync\index.js:269:25)
    at D:\桌面資料\暫存\SubTrack\node_modules\gensync\index.js:273:13
    at async.call.result.err.err (D:\桌面資料\暫存\SubTrack\node_modules\gensync\index.js:223:11)
    at D:\桌面資料\暫存\SubTrack\node_modules\gensync\index.js:189:28
    at D:\桌面資料\暫存\SubTrack\node_modules\@babel\core\lib\gensync-utils\async.js:67:7
    at D:\桌面資料\暫存\SubTrack\node_modules\gensync\index.js:113:33
    at step (D:\桌面資料\暫存\SubTrack\node_modules\gensync\index.js:287:14)
    at D:\桌面資料\暫存\SubTrack\node_modules\gensync\index.js:273:13
    at async.call.result.err.err (D:\桌面資料\暫存\SubTrack\node_modules\gensync\index.js:223:11)
    at D:\桌面資料\暫存\SubTrack\node_modules\gensync\index.js:37:40
    at process.processTicksAndRejections (node:internal/process/task_queues:103:5)
Failed to collect coverage from D:\桌面資料\暫存\SubTrack\src\i18n\en.ts
ERROR: Cannot find package 'babel-preset-expo' imported from D:\桌面資料\暫存\SubTrack\babel-virtual-resolve-base.js
STACK: Error: Cannot find package 'babel-preset-expo' imported from D:\桌面資料\暫存\SubTrack\babel-virtual-resolve-base.js
    at __node_internal_ (D:\桌面資料\暫存\SubTrack\node_modules\@babel\core\lib\vendor\import-meta-resolve.js:224:9)
    at new NodeError (D:\桌面資料\暫存\SubTrack\node_modules\@babel\core\lib\vendor\import-meta-resolve.js:194:5)
    at packageResolve (D:\桌面資料\暫存\SubTrack\node_modules\@babel\core\lib\vendor\import-meta-resolve.js:898:9)
    at moduleResolve (D:\桌面資料\暫存\SubTrack\node_modules\@babel\core\lib\vendor\import-meta-resolve.js:938:18)
    at defaultResolve (D:\桌面資料\暫存\SubTrack\node_modules\@babel\core\lib\vendor\import-meta-resolve.js:1016:15)
    at resolve (D:\桌面資料\暫存\SubTrack\node_modules\@babel\core\lib\vendor\import-meta-resolve.js:1029:12)
    at tryImportMetaResolve (D:\桌面資料\暫存\SubTrack\node_modules\@babel\core\lib\config\files\plugins.js:149:45)
    at resolveStandardizedNameForImport (D:\桌面資料\暫存\SubTrack\node_modules\@babel\core\lib\config\files\plugins.js:174:19)
    at resolveStandardizedName (D:\桌面資料\暫存\SubTrack\node_modules\@babel\core\lib\config\files\plugins.js:186:22)
    at loadPreset (D:\桌面資料\暫存\SubTrack\node_modules\@babel\core\lib\config\files\plugins.js:68:7)
    at loadPreset.next (<anonymous>)
    at createDescriptor (D:\桌面資料\暫存\SubTrack\node_modules\@babel\core\lib\config\config-descriptors.js:140:16)
    at createDescriptor.next (<anonymous>)
    at step (D:\桌面資料\暫存\SubTrack\node_modules\gensync\index.js:261:32)
    at evaluateAsync (D:\桌面資料\暫存\SubTrack\node_modules\gensync\index.js:291:5)
    at D:\桌面資料\暫存\SubTrack\node_modules\gensync\index.js:44:11
    at Array.forEach (<anonymous>)
    at gensync.async (D:\桌面資料\暫存\SubTrack\node_modules\gensync\index.js:43:15)
    at gensync.all (D:\桌面資料\暫存\SubTrack\node_modules\gensync\index.js:216:13)
    at Generator.next (<anonymous>)
    at createDescriptors (D:\桌面資料\暫存\SubTrack\node_modules\@babel\core\lib\config\config-descriptors.js:102:41)
    at createDescriptors.next (<anonymous>)
    at createPresetDescriptors (D:\桌面資料\暫存\SubTrack\node_modules\@babel\core\lib\config\config-descriptors.js:96:17)
    at createPresetDescriptors.next (<anonymous>)
    at D:\桌面資料\暫存\SubTrack\node_modules\@babel\core\lib\gensync-utils\functional.js:39:27
    at Generator.next (<anonymous>)
    at mergeChainOpts (D:\桌面資料\暫存\SubTrack\node_modules\@babel\core\lib\config\config-chain.js:350:34)
    at mergeChainOpts.next (<anonymous>)
    at chainWalker (D:\桌面資料\暫存\SubTrack\node_modules\@babel\core\lib\config\config-chain.js:316:14)
    at chainWalker.next (<anonymous>)
    at loadFileChain (D:\桌面資料\暫存\SubTrack\node_modules\@babel\core\lib\config\config-chain.js:191:24)
    at loadFileChain.next (<anonymous>)
    at buildRootChain (D:\桌面資料\暫存\SubTrack\node_modules\@babel\core\lib\config\config-chain.js:77:27)
    at buildRootChain.next (<anonymous>)
    at loadPrivatePartialConfig (D:\桌面資料\暫存\SubTrack\node_modules\@babel\core\lib\config\partial.js:72:62)
    at loadPrivatePartialConfig.next (<anonymous>)
    at loadPartialConfig (D:\桌面資料\暫存\SubTrack\node_modules\@babel\core\lib\config\partial.js:115:25)
    at loadPartialConfig.next (<anonymous>)
    at step (D:\桌面資料\暫存\SubTrack\node_modules\gensync\index.js:269:25)
    at D:\桌面資料\暫存\SubTrack\node_modules\gensync\index.js:273:13
    at async.call.result.err.err (D:\桌面資料\暫存\SubTrack\node_modules\gensync\index.js:223:11)
    at D:\桌面資料\暫存\SubTrack\node_modules\gensync\index.js:189:28
    at D:\桌面資料\暫存\SubTrack\node_modules\@babel\core\lib\gensync-utils\async.js:67:7
    at D:\桌面資料\暫存\SubTrack\node_modules\gensync\index.js:113:33
    at step (D:\桌面資料\暫存\SubTrack\node_modules\gensync\index.js:287:14)
    at D:\桌面資料\暫存\SubTrack\node_modules\gensync\index.js:273:13
    at async.call.result.err.err (D:\桌面資料\暫存\SubTrack\node_modules\gensync\index.js:223:11)
    at D:\桌面資料\暫存\SubTrack\node_modules\gensync\index.js:37:40
    at process.processTicksAndRejections (node:internal/process/task_queues:103:5)
Failed to collect coverage from D:\桌面資料\暫存\SubTrack\src\i18n\index.ts
ERROR: Cannot find package 'babel-preset-expo' imported from D:\桌面資料\暫存\SubTrack\babel-virtual-resolve-base.js
STACK: Error: Cannot find package 'babel-preset-expo' imported from D:\桌面資料\暫存\SubTrack\babel-virtual-resolve-base.js
    at __node_internal_ (D:\桌面資料\暫存\SubTrack\node_modules\@babel\core\lib\vendor\import-meta-resolve.js:224:9)
    at new NodeError (D:\桌面資料\暫存\SubTrack\node_modules\@babel\core\lib\vendor\import-meta-resolve.js:194:5)
    at packageResolve (D:\桌面資料\暫存\SubTrack\node_modules\@babel\core\lib\vendor\import-meta-resolve.js:898:9)
    at moduleResolve (D:\桌面資料\暫存\SubTrack\node_modules\@babel\core\lib\vendor\import-meta-resolve.js:938:18)
    at defaultResolve (D:\桌面資料\暫存\SubTrack\node_modules\@babel\core\lib\vendor\import-meta-resolve.js:1016:15)
    at resolve (D:\桌面資料\暫存\SubTrack\node_modules\@babel\core\lib\vendor\import-meta-resolve.js:1029:12)
    at tryImportMetaResolve (D:\桌面資料\暫存\SubTrack\node_modules\@babel\core\lib\config\files\plugins.js:149:45)
    at resolveStandardizedNameForImport (D:\桌面資料\暫存\SubTrack\node_modules\@babel\core\lib\config\files\plugins.js:174:19)
    at resolveStandardizedName (D:\桌面資料\暫存\SubTrack\node_modules\@babel\core\lib\config\files\plugins.js:186:22)
    at loadPreset (D:\桌面資料\暫存\SubTrack\node_modules\@babel\core\lib\config\files\plugins.js:68:7)
    at loadPreset.next (<anonymous>)
    at createDescriptor (D:\桌面資料\暫存\SubTrack\node_modules\@babel\core\lib\config\config-descriptors.js:140:16)
    at createDescriptor.next (<anonymous>)
    at step (D:\桌面資料\暫存\SubTrack\node_modules\gensync\index.js:261:32)
    at evaluateAsync (D:\桌面資料\暫存\SubTrack\node_modules\gensync\index.js:291:5)
    at D:\桌面資料\暫存\SubTrack\node_modules\gensync\index.js:44:11
    at Array.forEach (<anonymous>)
    at gensync.async (D:\桌面資料\暫存\SubTrack\node_modules\gensync\index.js:43:15)
    at gensync.all (D:\桌面資料\暫存\SubTrack\node_modules\gensync\index.js:216:13)
    at Generator.next (<anonymous>)
    at createDescriptors (D:\桌面資料\暫存\SubTrack\node_modules\@babel\core\lib\config\config-descriptors.js:102:41)
    at createDescriptors.next (<anonymous>)
    at createPresetDescriptors (D:\桌面資料\暫存\SubTrack\node_modules\@babel\core\lib\config\config-descriptors.js:96:17)
    at createPresetDescriptors.next (<anonymous>)
    at D:\桌面資料\暫存\SubTrack\node_modules\@babel\core\lib\gensync-utils\functional.js:39:27
    at Generator.next (<anonymous>)
    at mergeChainOpts (D:\桌面資料\暫存\SubTrack\node_modules\@babel\core\lib\config\config-chain.js:350:34)
    at mergeChainOpts.next (<anonymous>)
    at chainWalker (D:\桌面資料\暫存\SubTrack\node_modules\@babel\core\lib\config\config-chain.js:316:14)
    at chainWalker.next (<anonymous>)
    at loadFileChain (D:\桌面資料\暫存\SubTrack\node_modules\@babel\core\lib\config\config-chain.js:191:24)
    at loadFileChain.next (<anonymous>)
    at buildRootChain (D:\桌面資料\暫存\SubTrack\node_modules\@babel\core\lib\config\config-chain.js:77:27)
    at buildRootChain.next (<anonymous>)
    at loadPrivatePartialConfig (D:\桌面資料\暫存\SubTrack\node_modules\@babel\core\lib\config\partial.js:72:62)
    at loadPrivatePartialConfig.next (<anonymous>)
    at loadPartialConfig (D:\桌面資料\暫存\SubTrack\node_modules\@babel\core\lib\config\partial.js:115:25)
    at loadPartialConfig.next (<anonymous>)
    at step (D:\桌面資料\暫存\SubTrack\node_modules\gensync\index.js:269:25)
    at D:\桌面資料\暫存\SubTrack\node_modules\gensync\index.js:273:13
    at async.call.result.err.err (D:\桌面資料\暫存\SubTrack\node_modules\gensync\index.js:223:11)
    at D:\桌面資料\暫存\SubTrack\node_modules\gensync\index.js:189:28
    at D:\桌面資料\暫存\SubTrack\node_modules\@babel\core\lib\gensync-utils\async.js:67:7
    at D:\桌面資料\暫存\SubTrack\node_modules\gensync\index.js:113:33
    at step (D:\桌面資料\暫存\SubTrack\node_modules\gensync\index.js:287:14)
    at D:\桌面資料\暫存\SubTrack\node_modules\gensync\index.js:273:13
    at async.call.result.err.err (D:\桌面資料\暫存\SubTrack\node_modules\gensync\index.js:223:11)
    at D:\桌面資料\暫存\SubTrack\node_modules\gensync\index.js:37:40
    at process.processTicksAndRejections (node:internal/process/task_queues:103:5)
Failed to collect coverage from D:\桌面資料\暫存\SubTrack\src\i18n\zh.ts
ERROR: Cannot find package 'babel-preset-expo' imported from D:\桌面資料\暫存\SubTrack\babel-virtual-resolve-base.js
STACK: Error: Cannot find package 'babel-preset-expo' imported from D:\桌面資料\暫存\SubTrack\babel-virtual-resolve-base.js
    at __node_internal_ (D:\桌面資料\暫存\SubTrack\node_modules\@babel\core\lib\vendor\import-meta-resolve.js:224:9)
    at new NodeError (D:\桌面資料\暫存\SubTrack\node_modules\@babel\core\lib\vendor\import-meta-resolve.js:194:5)
    at packageResolve (D:\桌面資料\暫存\SubTrack\node_modules\@babel\core\lib\vendor\import-meta-resolve.js:898:9)
    at moduleResolve (D:\桌面資料\暫存\SubTrack\node_modules\@babel\core\lib\vendor\import-meta-resolve.js:938:18)
    at defaultResolve (D:\桌面資料\暫存\SubTrack\node_modules\@babel\core\lib\vendor\import-meta-resolve.js:1016:15)
    at resolve (D:\桌面資料\暫存\SubTrack\node_modules\@babel\core\lib\vendor\import-meta-resolve.js:1029:12)
    at tryImportMetaResolve (D:\桌面資料\暫存\SubTrack\node_modules\@babel\core\lib\config\files\plugins.js:149:45)
    at resolveStandardizedNameForImport (D:\桌面資料\暫存\SubTrack\node_modules\@babel\core\lib\config\files\plugins.js:174:19)
    at resolveStandardizedName (D:\桌面資料\暫存\SubTrack\node_modules\@babel\core\lib\config\files\plugins.js:186:22)
    at loadPreset (D:\桌面資料\暫存\SubTrack\node_modules\@babel\core\lib\config\files\plugins.js:68:7)
    at loadPreset.next (<anonymous>)
    at createDescriptor (D:\桌面資料\暫存\SubTrack\node_modules\@babel\core\lib\config\config-descriptors.js:140:16)
    at createDescriptor.next (<anonymous>)
    at step (D:\桌面資料\暫存\SubTrack\node_modules\gensync\index.js:261:32)
    at evaluateAsync (D:\桌面資料\暫存\SubTrack\node_modules\gensync\index.js:291:5)
    at D:\桌面資料\暫存\SubTrack\node_modules\gensync\index.js:44:11
    at Array.forEach (<anonymous>)
    at gensync.async (D:\桌面資料\暫存\SubTrack\node_modules\gensync\index.js:43:15)
    at gensync.all (D:\桌面資料\暫存\SubTrack\node_modules\gensync\index.js:216:13)
    at Generator.next (<anonymous>)
    at createDescriptors (D:\桌面資料\暫存\SubTrack\node_modules\@babel\core\lib\config\config-descriptors.js:102:41)
    at createDescriptors.next (<anonymous>)
    at createPresetDescriptors (D:\桌面資料\暫存\SubTrack\node_modules\@babel\core\lib\config\config-descriptors.js:96:17)
    at createPresetDescriptors.next (<anonymous>)
    at D:\桌面資料\暫存\SubTrack\node_modules\@babel\core\lib\gensync-utils\functional.js:39:27
    at Generator.next (<anonymous>)
    at mergeChainOpts (D:\桌面資料\暫存\SubTrack\node_modules\@babel\core\lib\config\config-chain.js:350:34)
    at mergeChainOpts.next (<anonymous>)
    at chainWalker (D:\桌面資料\暫存\SubTrack\node_modules\@babel\core\lib\config\config-chain.js:316:14)
    at chainWalker.next (<anonymous>)
    at loadFileChain (D:\桌面資料\暫存\SubTrack\node_modules\@babel\core\lib\config\config-chain.js:191:24)
    at loadFileChain.next (<anonymous>)
    at buildRootChain (D:\桌面資料\暫存\SubTrack\node_modules\@babel\core\lib\config\config-chain.js:77:27)
    at buildRootChain.next (<anonymous>)
    at loadPrivatePartialConfig (D:\桌面資料\暫存\SubTrack\node_modules\@babel\core\lib\config\partial.js:72:62)
    at loadPrivatePartialConfig.next (<anonymous>)
    at loadPartialConfig (D:\桌面資料\暫存\SubTrack\node_modules\@babel\core\lib\config\partial.js:115:25)
    at loadPartialConfig.next (<anonymous>)
    at step (D:\桌面資料\暫存\SubTrack\node_modules\gensync\index.js:269:25)
    at D:\桌面資料\暫存\SubTrack\node_modules\gensync\index.js:273:13
    at async.call.result.err.err (D:\桌面資料\暫存\SubTrack\node_modules\gensync\index.js:223:11)
    at D:\桌面資料\暫存\SubTrack\node_modules\gensync\index.js:189:28
    at D:\桌面資料\暫存\SubTrack\node_modules\@babel\core\lib\gensync-utils\async.js:67:7
    at D:\桌面資料\暫存\SubTrack\node_modules\gensync\index.js:113:33
    at step (D:\桌面資料\暫存\SubTrack\node_modules\gensync\index.js:287:14)
    at D:\桌面資料\暫存\SubTrack\node_modules\gensync\index.js:273:13
    at async.call.result.err.err (D:\桌面資料\暫存\SubTrack\node_modules\gensync\index.js:223:11)
    at D:\桌面資料\暫存\SubTrack\node_modules\gensync\index.js:37:40
    at process.processTicksAndRejections (node:internal/process/task_queues:103:5)
Failed to collect coverage from D:\桌面資料\暫存\SubTrack\src\utils\archDetection.ts
ERROR: Cannot find package 'babel-preset-expo' imported from D:\桌面資料\暫存\SubTrack\babel-virtual-resolve-base.js
STACK: Error: Cannot find package 'babel-preset-expo' imported from D:\桌面資料\暫存\SubTrack\babel-virtual-resolve-base.js
    at __node_internal_ (D:\桌面資料\暫存\SubTrack\node_modules\@babel\core\lib\vendor\import-meta-resolve.js:224:9)
    at new NodeError (D:\桌面資料\暫存\SubTrack\node_modules\@babel\core\lib\vendor\import-meta-resolve.js:194:5)
    at packageResolve (D:\桌面資料\暫存\SubTrack\node_modules\@babel\core\lib\vendor\import-meta-resolve.js:898:9)
    at moduleResolve (D:\桌面資料\暫存\SubTrack\node_modules\@babel\core\lib\vendor\import-meta-resolve.js:938:18)
    at defaultResolve (D:\桌面資料\暫存\SubTrack\node_modules\@babel\core\lib\vendor\import-meta-resolve.js:1016:15)
    at resolve (D:\桌面資料\暫存\SubTrack\node_modules\@babel\core\lib\vendor\import-meta-resolve.js:1029:12)
    at tryImportMetaResolve (D:\桌面資料\暫存\SubTrack\node_modules\@babel\core\lib\config\files\plugins.js:149:45)
    at resolveStandardizedNameForImport (D:\桌面資料\暫存\SubTrack\node_modules\@babel\core\lib\config\files\plugins.js:174:19)
    at resolveStandardizedName (D:\桌面資料\暫存\SubTrack\node_modules\@babel\core\lib\config\files\plugins.js:186:22)
    at loadPreset (D:\桌面資料\暫存\SubTrack\node_modules\@babel\core\lib\config\files\plugins.js:68:7)
    at loadPreset.next (<anonymous>)
    at createDescriptor (D:\桌面資料\暫存\SubTrack\node_modules\@babel\core\lib\config\config-descriptors.js:140:16)
    at createDescriptor.next (<anonymous>)
    at step (D:\桌面資料\暫存\SubTrack\node_modules\gensync\index.js:261:32)
    at evaluateAsync (D:\桌面資料\暫存\SubTrack\node_modules\gensync\index.js:291:5)
    at D:\桌面資料\暫存\SubTrack\node_modules\gensync\index.js:44:11
    at Array.forEach (<anonymous>)
    at gensync.async (D:\桌面資料\暫存\SubTrack\node_modules\gensync\index.js:43:15)
    at gensync.all (D:\桌面資料\暫存\SubTrack\node_modules\gensync\index.js:216:13)
    at Generator.next (<anonymous>)
    at createDescriptors (D:\桌面資料\暫存\SubTrack\node_modules\@babel\core\lib\config\config-descriptors.js:102:41)
    at createDescriptors.next (<anonymous>)
    at createPresetDescriptors (D:\桌面資料\暫存\SubTrack\node_modules\@babel\core\lib\config\config-descriptors.js:96:17)
    at createPresetDescriptors.next (<anonymous>)
    at D:\桌面資料\暫存\SubTrack\node_modules\@babel\core\lib\gensync-utils\functional.js:39:27
    at Generator.next (<anonymous>)
    at mergeChainOpts (D:\桌面資料\暫存\SubTrack\node_modules\@babel\core\lib\config\config-chain.js:350:34)
    at mergeChainOpts.next (<anonymous>)
    at chainWalker (D:\桌面資料\暫存\SubTrack\node_modules\@babel\core\lib\config\config-chain.js:316:14)
    at chainWalker.next (<anonymous>)
    at loadFileChain (D:\桌面資料\暫存\SubTrack\node_modules\@babel\core\lib\config\config-chain.js:191:24)
    at loadFileChain.next (<anonymous>)
    at buildRootChain (D:\桌面資料\暫存\SubTrack\node_modules\@babel\core\lib\config\config-chain.js:77:27)
    at buildRootChain.next (<anonymous>)
    at loadPrivatePartialConfig (D:\桌面資料\暫存\SubTrack\node_modules\@babel\core\lib\config\partial.js:72:62)
    at loadPrivatePartialConfig.next (<anonymous>)
    at loadPartialConfig (D:\桌面資料\暫存\SubTrack\node_modules\@babel\core\lib\config\partial.js:115:25)
    at loadPartialConfig.next (<anonymous>)
    at step (D:\桌面資料\暫存\SubTrack\node_modules\gensync\index.js:269:25)
    at D:\桌面資料\暫存\SubTrack\node_modules\gensync\index.js:273:13
    at async.call.result.err.err (D:\桌面資料\暫存\SubTrack\node_modules\gensync\index.js:223:11)
    at D:\桌面資料\暫存\SubTrack\node_modules\gensync\index.js:189:28
    at D:\桌面資料\暫存\SubTrack\node_modules\@babel\core\lib\gensync-utils\async.js:67:7
    at D:\桌面資料\暫存\SubTrack\node_modules\gensync\index.js:113:33
    at step (D:\桌面資料\暫存\SubTrack\node_modules\gensync\index.js:287:14)
    at D:\桌面資料\暫存\SubTrack\node_modules\gensync\index.js:273:13
    at async.call.result.err.err (D:\桌面資料\暫存\SubTrack\node_modules\gensync\index.js:223:11)
    at D:\桌面資料\暫存\SubTrack\node_modules\gensync\index.js:37:40
    at process.processTicksAndRejections (node:internal/process/task_queues:103:5)
Failed to collect coverage from D:\桌面資料\暫存\SubTrack\src\utils\calendarHelper.ts
ERROR: Cannot find package 'babel-preset-expo' imported from D:\桌面資料\暫存\SubTrack\babel-virtual-resolve-base.js
STACK: Error: Cannot find package 'babel-preset-expo' imported from D:\桌面資料\暫存\SubTrack\babel-virtual-resolve-base.js
    at __node_internal_ (D:\桌面資料\暫存\SubTrack\node_modules\@babel\core\lib\vendor\import-meta-resolve.js:224:9)
    at new NodeError (D:\桌面資料\暫存\SubTrack\node_modules\@babel\core\lib\vendor\import-meta-resolve.js:194:5)
    at packageResolve (D:\桌面資料\暫存\SubTrack\node_modules\@babel\core\lib\vendor\import-meta-resolve.js:898:9)
    at moduleResolve (D:\桌面資料\暫存\SubTrack\node_modules\@babel\core\lib\vendor\import-meta-resolve.js:938:18)
    at defaultResolve (D:\桌面資料\暫存\SubTrack\node_modules\@babel\core\lib\vendor\import-meta-resolve.js:1016:15)
    at resolve (D:\桌面資料\暫存\SubTrack\node_modules\@babel\core\lib\vendor\import-meta-resolve.js:1029:12)
    at tryImportMetaResolve (D:\桌面資料\暫存\SubTrack\node_modules\@babel\core\lib\config\files\plugins.js:149:45)
    at resolveStandardizedNameForImport (D:\桌面資料\暫存\SubTrack\node_modules\@babel\core\lib\config\files\plugins.js:174:19)
    at resolveStandardizedName (D:\桌面資料\暫存\SubTrack\node_modules\@babel\core\lib\config\files\plugins.js:186:22)
    at loadPreset (D:\桌面資料\暫存\SubTrack\node_modules\@babel\core\lib\config\files\plugins.js:68:7)
    at loadPreset.next (<anonymous>)
    at createDescriptor (D:\桌面資料\暫存\SubTrack\node_modules\@babel\core\lib\config\config-descriptors.js:140:16)
    at createDescriptor.next (<anonymous>)
    at step (D:\桌面資料\暫存\SubTrack\node_modules\gensync\index.js:261:32)
    at evaluateAsync (D:\桌面資料\暫存\SubTrack\node_modules\gensync\index.js:291:5)
    at D:\桌面資料\暫存\SubTrack\node_modules\gensync\index.js:44:11
    at Array.forEach (<anonymous>)
    at gensync.async (D:\桌面資料\暫存\SubTrack\node_modules\gensync\index.js:43:15)
    at gensync.all (D:\桌面資料\暫存\SubTrack\node_modules\gensync\index.js:216:13)
    at Generator.next (<anonymous>)
    at createDescriptors (D:\桌面資料\暫存\SubTrack\node_modules\@babel\core\lib\config\config-descriptors.js:102:41)
    at createDescriptors.next (<anonymous>)
    at createPresetDescriptors (D:\桌面資料\暫存\SubTrack\node_modules\@babel\core\lib\config\config-descriptors.js:96:17)
    at createPresetDescriptors.next (<anonymous>)
    at D:\桌面資料\暫存\SubTrack\node_modules\@babel\core\lib\gensync-utils\functional.js:39:27
    at Generator.next (<anonymous>)
    at mergeChainOpts (D:\桌面資料\暫存\SubTrack\node_modules\@babel\core\lib\config\config-chain.js:350:34)
    at mergeChainOpts.next (<anonymous>)
    at chainWalker (D:\桌面資料\暫存\SubTrack\node_modules\@babel\core\lib\config\config-chain.js:316:14)
    at chainWalker.next (<anonymous>)
    at loadFileChain (D:\桌面資料\暫存\SubTrack\node_modules\@babel\core\lib\config\config-chain.js:191:24)
    at loadFileChain.next (<anonymous>)
    at buildRootChain (D:\桌面資料\暫存\SubTrack\node_modules\@babel\core\lib\config\config-chain.js:77:27)
    at buildRootChain.next (<anonymous>)
    at loadPrivatePartialConfig (D:\桌面資料\暫存\SubTrack\node_modules\@babel\core\lib\config\partial.js:72:62)
    at loadPrivatePartialConfig.next (<anonymous>)
    at loadPartialConfig (D:\桌面資料\暫存\SubTrack\node_modules\@babel\core\lib\config\partial.js:115:25)
    at loadPartialConfig.next (<anonymous>)
    at step (D:\桌面資料\暫存\SubTrack\node_modules\gensync\index.js:269:25)
    at D:\桌面資料\暫存\SubTrack\node_modules\gensync\index.js:273:13
    at async.call.result.err.err (D:\桌面資料\暫存\SubTrack\node_modules\gensync\index.js:223:11)
    at D:\桌面資料\暫存\SubTrack\node_modules\gensync\index.js:189:28
    at D:\桌面資料\暫存\SubTrack\node_modules\@babel\core\lib\gensync-utils\async.js:67:7
    at D:\桌面資料\暫存\SubTrack\node_modules\gensync\index.js:113:33
    at step (D:\桌面資料\暫存\SubTrack\node_modules\gensync\index.js:287:14)
    at D:\桌面資料\暫存\SubTrack\node_modules\gensync\index.js:273:13
    at async.call.result.err.err (D:\桌面資料\暫存\SubTrack\node_modules\gensync\index.js:223:11)
    at D:\桌面資料\暫存\SubTrack\node_modules\gensync\index.js:37:40
    at process.processTicksAndRejections (node:internal/process/task_queues:103:5)
Failed to collect coverage from D:\桌面資料\暫存\SubTrack\src\utils\chartHelper.ts
ERROR: Cannot find package 'babel-preset-expo' imported from D:\桌面資料\暫存\SubTrack\babel-virtual-resolve-base.js
STACK: Error: Cannot find package 'babel-preset-expo' imported from D:\桌面資料\暫存\SubTrack\babel-virtual-resolve-base.js
    at __node_internal_ (D:\桌面資料\暫存\SubTrack\node_modules\@babel\core\lib\vendor\import-meta-resolve.js:224:9)
    at new NodeError (D:\桌面資料\暫存\SubTrack\node_modules\@babel\core\lib\vendor\import-meta-resolve.js:194:5)
    at packageResolve (D:\桌面資料\暫存\SubTrack\node_modules\@babel\core\lib\vendor\import-meta-resolve.js:898:9)
    at moduleResolve (D:\桌面資料\暫存\SubTrack\node_modules\@babel\core\lib\vendor\import-meta-resolve.js:938:18)
    at defaultResolve (D:\桌面資料\暫存\SubTrack\node_modules\@babel\core\lib\vendor\import-meta-resolve.js:1016:15)
    at resolve (D:\桌面資料\暫存\SubTrack\node_modules\@babel\core\lib\vendor\import-meta-resolve.js:1029:12)
    at tryImportMetaResolve (D:\桌面資料\暫存\SubTrack\node_modules\@babel\core\lib\config\files\plugins.js:149:45)
    at resolveStandardizedNameForImport (D:\桌面資料\暫存\SubTrack\node_modules\@babel\core\lib\config\files\plugins.js:174:19)
    at resolveStandardizedName (D:\桌面資料\暫存\SubTrack\node_modules\@babel\core\lib\config\files\plugins.js:186:22)
    at loadPreset (D:\桌面資料\暫存\SubTrack\node_modules\@babel\core\lib\config\files\plugins.js:68:7)
    at loadPreset.next (<anonymous>)
    at createDescriptor (D:\桌面資料\暫存\SubTrack\node_modules\@babel\core\lib\config\config-descriptors.js:140:16)
    at createDescriptor.next (<anonymous>)
    at step (D:\桌面資料\暫存\SubTrack\node_modules\gensync\index.js:261:32)
    at evaluateAsync (D:\桌面資料\暫存\SubTrack\node_modules\gensync\index.js:291:5)
    at D:\桌面資料\暫存\SubTrack\node_modules\gensync\index.js:44:11
    at Array.forEach (<anonymous>)
    at gensync.async (D:\桌面資料\暫存\SubTrack\node_modules\gensync\index.js:43:15)
    at gensync.all (D:\桌面資料\暫存\SubTrack\node_modules\gensync\index.js:216:13)
    at Generator.next (<anonymous>)
    at createDescriptors (D:\桌面資料\暫存\SubTrack\node_modules\@babel\core\lib\config\config-descriptors.js:102:41)
    at createDescriptors.next (<anonymous>)
    at createPresetDescriptors (D:\桌面資料\暫存\SubTrack\node_modules\@babel\core\lib\config\config-descriptors.js:96:17)
    at createPresetDescriptors.next (<anonymous>)
    at D:\桌面資料\暫存\SubTrack\node_modules\@babel\core\lib\gensync-utils\functional.js:39:27
    at Generator.next (<anonymous>)
    at mergeChainOpts (D:\桌面資料\暫存\SubTrack\node_modules\@babel\core\lib\config\config-chain.js:350:34)
    at mergeChainOpts.next (<anonymous>)
    at chainWalker (D:\桌面資料\暫存\SubTrack\node_modules\@babel\core\lib\config\config-chain.js:316:14)
    at chainWalker.next (<anonymous>)
    at loadFileChain (D:\桌面資料\暫存\SubTrack\node_modules\@babel\core\lib\config\config-chain.js:191:24)
    at loadFileChain.next (<anonymous>)
    at buildRootChain (D:\桌面資料\暫存\SubTrack\node_modules\@babel\core\lib\config\config-chain.js:77:27)
    at buildRootChain.next (<anonymous>)
    at loadPrivatePartialConfig (D:\桌面資料\暫存\SubTrack\node_modules\@babel\core\lib\config\partial.js:72:62)
    at loadPrivatePartialConfig.next (<anonymous>)
    at loadPartialConfig (D:\桌面資料\暫存\SubTrack\node_modules\@babel\core\lib\config\partial.js:115:25)
    at loadPartialConfig.next (<anonymous>)
    at step (D:\桌面資料\暫存\SubTrack\node_modules\gensync\index.js:269:25)
    at D:\桌面資料\暫存\SubTrack\node_modules\gensync\index.js:273:13
    at async.call.result.err.err (D:\桌面資料\暫存\SubTrack\node_modules\gensync\index.js:223:11)
    at D:\桌面資料\暫存\SubTrack\node_modules\gensync\index.js:189:28
    at D:\桌面資料\暫存\SubTrack\node_modules\@babel\core\lib\gensync-utils\async.js:67:7
    at D:\桌面資料\暫存\SubTrack\node_modules\gensync\index.js:113:33
    at step (D:\桌面資料\暫存\SubTrack\node_modules\gensync\index.js:287:14)
    at D:\桌面資料\暫存\SubTrack\node_modules\gensync\index.js:273:13
    at async.call.result.err.err (D:\桌面資料\暫存\SubTrack\node_modules\gensync\index.js:223:11)
    at D:\桌面資料\暫存\SubTrack\node_modules\gensync\index.js:37:40
    at process.processTicksAndRejections (node:internal/process/task_queues:103:5)
Failed to collect coverage from D:\桌面資料\暫存\SubTrack\src\utils\currencyHelper.ts
ERROR: Cannot find package 'babel-preset-expo' imported from D:\桌面資料\暫存\SubTrack\babel-virtual-resolve-base.js
STACK: Error: Cannot find package 'babel-preset-expo' imported from D:\桌面資料\暫存\SubTrack\babel-virtual-resolve-base.js
    at __node_internal_ (D:\桌面資料\暫存\SubTrack\node_modules\@babel\core\lib\vendor\import-meta-resolve.js:224:9)
    at new NodeError (D:\桌面資料\暫存\SubTrack\node_modules\@babel\core\lib\vendor\import-meta-resolve.js:194:5)
    at packageResolve (D:\桌面資料\暫存\SubTrack\node_modules\@babel\core\lib\vendor\import-meta-resolve.js:898:9)
    at moduleResolve (D:\桌面資料\暫存\SubTrack\node_modules\@babel\core\lib\vendor\import-meta-resolve.js:938:18)
    at defaultResolve (D:\桌面資料\暫存\SubTrack\node_modules\@babel\core\lib\vendor\import-meta-resolve.js:1016:15)
    at resolve (D:\桌面資料\暫存\SubTrack\node_modules\@babel\core\lib\vendor\import-meta-resolve.js:1029:12)
    at tryImportMetaResolve (D:\桌面資料\暫存\SubTrack\node_modules\@babel\core\lib\config\files\plugins.js:149:45)
    at resolveStandardizedNameForImport (D:\桌面資料\暫存\SubTrack\node_modules\@babel\core\lib\config\files\plugins.js:174:19)
    at resolveStandardizedName (D:\桌面資料\暫存\SubTrack\node_modules\@babel\core\lib\config\files\plugins.js:186:22)
    at loadPreset (D:\桌面資料\暫存\SubTrack\node_modules\@babel\core\lib\config\files\plugins.js:68:7)
    at loadPreset.next (<anonymous>)
    at createDescriptor (D:\桌面資料\暫存\SubTrack\node_modules\@babel\core\lib\config\config-descriptors.js:140:16)
    at createDescriptor.next (<anonymous>)
    at step (D:\桌面資料\暫存\SubTrack\node_modules\gensync\index.js:261:32)
    at evaluateAsync (D:\桌面資料\暫存\SubTrack\node_modules\gensync\index.js:291:5)
    at D:\桌面資料\暫存\SubTrack\node_modules\gensync\index.js:44:11
    at Array.forEach (<anonymous>)
    at gensync.async (D:\桌面資料\暫存\SubTrack\node_modules\gensync\index.js:43:15)
    at gensync.all (D:\桌面資料\暫存\SubTrack\node_modules\gensync\index.js:216:13)
    at Generator.next (<anonymous>)
    at createDescriptors (D:\桌面資料\暫存\SubTrack\node_modules\@babel\core\lib\config\config-descriptors.js:102:41)
    at createDescriptors.next (<anonymous>)
    at createPresetDescriptors (D:\桌面資料\暫存\SubTrack\node_modules\@babel\core\lib\config\config-descriptors.js:96:17)
    at createPresetDescriptors.next (<anonymous>)
    at D:\桌面資料\暫存\SubTrack\node_modules\@babel\core\lib\gensync-utils\functional.js:39:27
    at Generator.next (<anonymous>)
    at mergeChainOpts (D:\桌面資料\暫存\SubTrack\node_modules\@babel\core\lib\config\config-chain.js:350:34)
    at mergeChainOpts.next (<anonymous>)
    at chainWalker (D:\桌面資料\暫存\SubTrack\node_modules\@babel\core\lib\config\config-chain.js:316:14)
    at chainWalker.next (<anonymous>)
    at loadFileChain (D:\桌面資料\暫存\SubTrack\node_modules\@babel\core\lib\config\config-chain.js:191:24)
    at loadFileChain.next (<anonymous>)
    at buildRootChain (D:\桌面資料\暫存\SubTrack\node_modules\@babel\core\lib\config\config-chain.js:77:27)
    at buildRootChain.next (<anonymous>)
    at loadPrivatePartialConfig (D:\桌面資料\暫存\SubTrack\node_modules\@babel\core\lib\config\partial.js:72:62)
    at loadPrivatePartialConfig.next (<anonymous>)
    at loadPartialConfig (D:\桌面資料\暫存\SubTrack\node_modules\@babel\core\lib\config\partial.js:115:25)
    at loadPartialConfig.next (<anonymous>)
    at step (D:\桌面資料\暫存\SubTrack\node_modules\gensync\index.js:269:25)
    at D:\桌面資料\暫存\SubTrack\node_modules\gensync\index.js:273:13
    at async.call.result.err.err (D:\桌面資料\暫存\SubTrack\node_modules\gensync\index.js:223:11)
    at D:\桌面資料\暫存\SubTrack\node_modules\gensync\index.js:189:28
    at D:\桌面資料\暫存\SubTrack\node_modules\@babel\core\lib\gensync-utils\async.js:67:7
    at D:\桌面資料\暫存\SubTrack\node_modules\gensync\index.js:113:33
    at step (D:\桌面資料\暫存\SubTrack\node_modules\gensync\index.js:287:14)
    at D:\桌面資料\暫存\SubTrack\node_modules\gensync\index.js:273:13
    at async.call.result.err.err (D:\桌面資料\暫存\SubTrack\node_modules\gensync\index.js:223:11)
    at D:\桌面資料\暫存\SubTrack\node_modules\gensync\index.js:37:40
    at process.processTicksAndRejections (node:internal/process/task_queues:103:5)
Failed to collect coverage from D:\桌面資料\暫存\SubTrack\src\utils\index.ts
ERROR: Cannot find package 'babel-preset-expo' imported from D:\桌面資料\暫存\SubTrack\babel-virtual-resolve-base.js
STACK: Error: Cannot find package 'babel-preset-expo' imported from D:\桌面資料\暫存\SubTrack\babel-virtual-resolve-base.js
    at __node_internal_ (D:\桌面資料\暫存\SubTrack\node_modules\@babel\core\lib\vendor\import-meta-resolve.js:224:9)
    at new NodeError (D:\桌面資料\暫存\SubTrack\node_modules\@babel\core\lib\vendor\import-meta-resolve.js:194:5)
    at packageResolve (D:\桌面資料\暫存\SubTrack\node_modules\@babel\core\lib\vendor\import-meta-resolve.js:898:9)
    at moduleResolve (D:\桌面資料\暫存\SubTrack\node_modules\@babel\core\lib\vendor\import-meta-resolve.js:938:18)
    at defaultResolve (D:\桌面資料\暫存\SubTrack\node_modules\@babel\core\lib\vendor\import-meta-resolve.js:1016:15)
    at resolve (D:\桌面資料\暫存\SubTrack\node_modules\@babel\core\lib\vendor\import-meta-resolve.js:1029:12)
    at tryImportMetaResolve (D:\桌面資料\暫存\SubTrack\node_modules\@babel\core\lib\config\files\plugins.js:149:45)
    at resolveStandardizedNameForImport (D:\桌面資料\暫存\SubTrack\node_modules\@babel\core\lib\config\files\plugins.js:174:19)
    at resolveStandardizedName (D:\桌面資料\暫存\SubTrack\node_modules\@babel\core\lib\config\files\plugins.js:186:22)
    at loadPreset (D:\桌面資料\暫存\SubTrack\node_modules\@babel\core\lib\config\files\plugins.js:68:7)
    at loadPreset.next (<anonymous>)
    at createDescriptor (D:\桌面資料\暫存\SubTrack\node_modules\@babel\core\lib\config\config-descriptors.js:140:16)
    at createDescriptor.next (<anonymous>)
    at step (D:\桌面資料\暫存\SubTrack\node_modules\gensync\index.js:261:32)
    at evaluateAsync (D:\桌面資料\暫存\SubTrack\node_modules\gensync\index.js:291:5)
    at D:\桌面資料\暫存\SubTrack\node_modules\gensync\index.js:44:11
    at Array.forEach (<anonymous>)
    at gensync.async (D:\桌面資料\暫存\SubTrack\node_modules\gensync\index.js:43:15)
    at gensync.all (D:\桌面資料\暫存\SubTrack\node_modules\gensync\index.js:216:13)
    at Generator.next (<anonymous>)
    at createDescriptors (D:\桌面資料\暫存\SubTrack\node_modules\@babel\core\lib\config\config-descriptors.js:102:41)
    at createDescriptors.next (<anonymous>)
    at createPresetDescriptors (D:\桌面資料\暫存\SubTrack\node_modules\@babel\core\lib\config\config-descriptors.js:96:17)
    at createPresetDescriptors.next (<anonymous>)
    at D:\桌面資料\暫存\SubTrack\node_modules\@babel\core\lib\gensync-utils\functional.js:39:27
    at Generator.next (<anonymous>)
    at mergeChainOpts (D:\桌面資料\暫存\SubTrack\node_modules\@babel\core\lib\config\config-chain.js:350:34)
    at mergeChainOpts.next (<anonymous>)
    at chainWalker (D:\桌面資料\暫存\SubTrack\node_modules\@babel\core\lib\config\config-chain.js:316:14)
    at chainWalker.next (<anonymous>)
    at loadFileChain (D:\桌面資料\暫存\SubTrack\node_modules\@babel\core\lib\config\config-chain.js:191:24)
    at loadFileChain.next (<anonymous>)
    at buildRootChain (D:\桌面資料\暫存\SubTrack\node_modules\@babel\core\lib\config\config-chain.js:77:27)
    at buildRootChain.next (<anonymous>)
    at loadPrivatePartialConfig (D:\桌面資料\暫存\SubTrack\node_modules\@babel\core\lib\config\partial.js:72:62)
    at loadPrivatePartialConfig.next (<anonymous>)
    at loadPartialConfig (D:\桌面資料\暫存\SubTrack\node_modules\@babel\core\lib\config\partial.js:115:25)
    at loadPartialConfig.next (<anonymous>)
    at step (D:\桌面資料\暫存\SubTrack\node_modules\gensync\index.js:269:25)
    at D:\桌面資料\暫存\SubTrack\node_modules\gensync\index.js:273:13
    at async.call.result.err.err (D:\桌面資料\暫存\SubTrack\node_modules\gensync\index.js:223:11)
    at D:\桌面資料\暫存\SubTrack\node_modules\gensync\index.js:189:28
    at D:\桌面資料\暫存\SubTrack\node_modules\@babel\core\lib\gensync-utils\async.js:67:7
    at D:\桌面資料\暫存\SubTrack\node_modules\gensync\index.js:113:33
    at step (D:\桌面資料\暫存\SubTrack\node_modules\gensync\index.js:287:14)
    at D:\桌面資料\暫存\SubTrack\node_modules\gensync\index.js:273:13
    at async.call.result.err.err (D:\桌面資料\暫存\SubTrack\node_modules\gensync\index.js:223:11)
    at D:\桌面資料\暫存\SubTrack\node_modules\gensync\index.js:37:40
    at process.processTicksAndRejections (node:internal/process/task_queues:103:5)
Failed to collect coverage from D:\桌面資料\暫存\SubTrack\src\components\index.ts
ERROR: Cannot find package 'babel-preset-expo' imported from D:\桌面資料\暫存\SubTrack\babel-virtual-resolve-base.js
STACK: Error: Cannot find package 'babel-preset-expo' imported from D:\桌面資料\暫存\SubTrack\babel-virtual-resolve-base.js
    at __node_internal_ (D:\桌面資料\暫存\SubTrack\node_modules\@babel\core\lib\vendor\import-meta-resolve.js:224:9)
    at new NodeError (D:\桌面資料\暫存\SubTrack\node_modules\@babel\core\lib\vendor\import-meta-resolve.js:194:5)
    at packageResolve (D:\桌面資料\暫存\SubTrack\node_modules\@babel\core\lib\vendor\import-meta-resolve.js:898:9)
    at moduleResolve (D:\桌面資料\暫存\SubTrack\node_modules\@babel\core\lib\vendor\import-meta-resolve.js:938:18)
    at defaultResolve (D:\桌面資料\暫存\SubTrack\node_modules\@babel\core\lib\vendor\import-meta-resolve.js:1016:15)
    at resolve (D:\桌面資料\暫存\SubTrack\node_modules\@babel\core\lib\vendor\import-meta-resolve.js:1029:12)
    at tryImportMetaResolve (D:\桌面資料\暫存\SubTrack\node_modules\@babel\core\lib\config\files\plugins.js:149:45)
    at resolveStandardizedNameForImport (D:\桌面資料\暫存\SubTrack\node_modules\@babel\core\lib\config\files\plugins.js:174:19)
    at resolveStandardizedName (D:\桌面資料\暫存\SubTrack\node_modules\@babel\core\lib\config\files\plugins.js:186:22)
    at loadPreset (D:\桌面資料\暫存\SubTrack\node_modules\@babel\core\lib\config\files\plugins.js:68:7)
    at loadPreset.next (<anonymous>)
    at createDescriptor (D:\桌面資料\暫存\SubTrack\node_modules\@babel\core\lib\config\config-descriptors.js:140:16)
    at createDescriptor.next (<anonymous>)
    at step (D:\桌面資料\暫存\SubTrack\node_modules\gensync\index.js:261:32)
    at evaluateAsync (D:\桌面資料\暫存\SubTrack\node_modules\gensync\index.js:291:5)
    at D:\桌面資料\暫存\SubTrack\node_modules\gensync\index.js:44:11
    at Array.forEach (<anonymous>)
    at gensync.async (D:\桌面資料\暫存\SubTrack\node_modules\gensync\index.js:43:15)
    at gensync.all (D:\桌面資料\暫存\SubTrack\node_modules\gensync\index.js:216:13)
    at Generator.next (<anonymous>)
    at createDescriptors (D:\桌面資料\暫存\SubTrack\node_modules\@babel\core\lib\config\config-descriptors.js:102:41)
    at createDescriptors.next (<anonymous>)
    at createPresetDescriptors (D:\桌面資料\暫存\SubTrack\node_modules\@babel\core\lib\config\config-descriptors.js:96:17)
    at createPresetDescriptors.next (<anonymous>)
    at D:\桌面資料\暫存\SubTrack\node_modules\@babel\core\lib\gensync-utils\functional.js:39:27
    at Generator.next (<anonymous>)
    at mergeChainOpts (D:\桌面資料\暫存\SubTrack\node_modules\@babel\core\lib\config\config-chain.js:350:34)
    at mergeChainOpts.next (<anonymous>)
    at chainWalker (D:\桌面資料\暫存\SubTrack\node_modules\@babel\core\lib\config\config-chain.js:316:14)
    at chainWalker.next (<anonymous>)
    at loadFileChain (D:\桌面資料\暫存\SubTrack\node_modules\@babel\core\lib\config\config-chain.js:191:24)
    at loadFileChain.next (<anonymous>)
    at buildRootChain (D:\桌面資料\暫存\SubTrack\node_modules\@babel\core\lib\config\config-chain.js:77:27)
    at buildRootChain.next (<anonymous>)
    at loadPrivatePartialConfig (D:\桌面資料\暫存\SubTrack\node_modules\@babel\core\lib\config\partial.js:72:62)
    at loadPrivatePartialConfig.next (<anonymous>)
    at loadPartialConfig (D:\桌面資料\暫存\SubTrack\node_modules\@babel\core\lib\config\partial.js:115:25)
    at loadPartialConfig.next (<anonymous>)
    at step (D:\桌面資料\暫存\SubTrack\node_modules\gensync\index.js:269:25)
    at D:\桌面資料\暫存\SubTrack\node_modules\gensync\index.js:273:13
    at async.call.result.err.err (D:\桌面資料\暫存\SubTrack\node_modules\gensync\index.js:223:11)
    at D:\桌面資料\暫存\SubTrack\node_modules\gensync\index.js:189:28
    at D:\桌面資料\暫存\SubTrack\node_modules\@babel\core\lib\gensync-utils\async.js:67:7
    at D:\桌面資料\暫存\SubTrack\node_modules\gensync\index.js:113:33
    at step (D:\桌面資料\暫存\SubTrack\node_modules\gensync\index.js:287:14)
    at D:\桌面資料\暫存\SubTrack\node_modules\gensync\index.js:273:13
    at async.call.result.err.err (D:\桌面資料\暫存\SubTrack\node_modules\gensync\index.js:223:11)
    at D:\桌面資料\暫存\SubTrack\node_modules\gensync\index.js:37:40
    at process.processTicksAndRejections (node:internal/process/task_queues:103:5)
Failed to collect coverage from D:\桌面資料\暫存\SubTrack\src\utils\dateHelper.ts
ERROR: Cannot find package 'babel-preset-expo' imported from D:\桌面資料\暫存\SubTrack\babel-virtual-resolve-base.js
STACK: Error: Cannot find package 'babel-preset-expo' imported from D:\桌面資料\暫存\SubTrack\babel-virtual-resolve-base.js
    at __node_internal_ (D:\桌面資料\暫存\SubTrack\node_modules\@babel\core\lib\vendor\import-meta-resolve.js:224:9)
    at new NodeError (D:\桌面資料\暫存\SubTrack\node_modules\@babel\core\lib\vendor\import-meta-resolve.js:194:5)
    at packageResolve (D:\桌面資料\暫存\SubTrack\node_modules\@babel\core\lib\vendor\import-meta-resolve.js:898:9)
    at moduleResolve (D:\桌面資料\暫存\SubTrack\node_modules\@babel\core\lib\vendor\import-meta-resolve.js:938:18)
    at defaultResolve (D:\桌面資料\暫存\SubTrack\node_modules\@babel\core\lib\vendor\import-meta-resolve.js:1016:15)
    at resolve (D:\桌面資料\暫存\SubTrack\node_modules\@babel\core\lib\vendor\import-meta-resolve.js:1029:12)
    at tryImportMetaResolve (D:\桌面資料\暫存\SubTrack\node_modules\@babel\core\lib\config\files\plugins.js:149:45)
    at resolveStandardizedNameForImport (D:\桌面資料\暫存\SubTrack\node_modules\@babel\core\lib\config\files\plugins.js:174:19)
    at resolveStandardizedName (D:\桌面資料\暫存\SubTrack\node_modules\@babel\core\lib\config\files\plugins.js:186:22)
    at loadPreset (D:\桌面資料\暫存\SubTrack\node_modules\@babel\core\lib\config\files\plugins.js:68:7)
    at loadPreset.next (<anonymous>)
    at createDescriptor (D:\桌面資料\暫存\SubTrack\node_modules\@babel\core\lib\config\config-descriptors.js:140:16)
    at createDescriptor.next (<anonymous>)
    at step (D:\桌面資料\暫存\SubTrack\node_modules\gensync\index.js:261:32)
    at evaluateAsync (D:\桌面資料\暫存\SubTrack\node_modules\gensync\index.js:291:5)
    at D:\桌面資料\暫存\SubTrack\node_modules\gensync\index.js:44:11
    at Array.forEach (<anonymous>)
    at gensync.async (D:\桌面資料\暫存\SubTrack\node_modules\gensync\index.js:43:15)
    at gensync.all (D:\桌面資料\暫存\SubTrack\node_modules\gensync\index.js:216:13)
    at Generator.next (<anonymous>)
    at createDescriptors (D:\桌面資料\暫存\SubTrack\node_modules\@babel\core\lib\config\config-descriptors.js:102:41)
    at createDescriptors.next (<anonymous>)
    at createPresetDescriptors (D:\桌面資料\暫存\SubTrack\node_modules\@babel\core\lib\config\config-descriptors.js:96:17)
    at createPresetDescriptors.next (<anonymous>)
    at D:\桌面資料\暫存\SubTrack\node_modules\@babel\core\lib\gensync-utils\functional.js:39:27
    at Generator.next (<anonymous>)
    at mergeChainOpts (D:\桌面資料\暫存\SubTrack\node_modules\@babel\core\lib\config\config-chain.js:350:34)
    at mergeChainOpts.next (<anonymous>)
    at chainWalker (D:\桌面資料\暫存\SubTrack\node_modules\@babel\core\lib\config\config-chain.js:316:14)
    at chainWalker.next (<anonymous>)
    at loadFileChain (D:\桌面資料\暫存\SubTrack\node_modules\@babel\core\lib\config\config-chain.js:191:24)
    at loadFileChain.next (<anonymous>)
    at buildRootChain (D:\桌面資料\暫存\SubTrack\node_modules\@babel\core\lib\config\config-chain.js:77:27)
    at buildRootChain.next (<anonymous>)
    at loadPrivatePartialConfig (D:\桌面資料\暫存\SubTrack\node_modules\@babel\core\lib\config\partial.js:72:62)
    at loadPrivatePartialConfig.next (<anonymous>)
    at loadPartialConfig (D:\桌面資料\暫存\SubTrack\node_modules\@babel\core\lib\config\partial.js:115:25)
    at loadPartialConfig.next (<anonymous>)
    at step (D:\桌面資料\暫存\SubTrack\node_modules\gensync\index.js:269:25)
    at D:\桌面資料\暫存\SubTrack\node_modules\gensync\index.js:273:13
    at async.call.result.err.err (D:\桌面資料\暫存\SubTrack\node_modules\gensync\index.js:223:11)
    at D:\桌面資料\暫存\SubTrack\node_modules\gensync\index.js:189:28
    at D:\桌面資料\暫存\SubTrack\node_modules\@babel\core\lib\gensync-utils\async.js:67:7
    at D:\桌面資料\暫存\SubTrack\node_modules\gensync\index.js:113:33
    at step (D:\桌面資料\暫存\SubTrack\node_modules\gensync\index.js:287:14)
    at D:\桌面資料\暫存\SubTrack\node_modules\gensync\index.js:273:13
    at async.call.result.err.err (D:\桌面資料\暫存\SubTrack\node_modules\gensync\index.js:223:11)
    at D:\桌面資料\暫存\SubTrack\node_modules\gensync\index.js:37:40
    at process.processTicksAndRejections (node:internal/process/task_queues:103:5)
Failed to collect coverage from D:\桌面資料\暫存\SubTrack\src\components\AlertCard.tsx
ERROR: Cannot find package 'babel-preset-expo' imported from D:\桌面資料\暫存\SubTrack\babel-virtual-resolve-base.js
STACK: Error: Cannot find package 'babel-preset-expo' imported from D:\桌面資料\暫存\SubTrack\babel-virtual-resolve-base.js
    at __node_internal_ (D:\桌面資料\暫存\SubTrack\node_modules\@babel\core\lib\vendor\import-meta-resolve.js:224:9)
    at new NodeError (D:\桌面資料\暫存\SubTrack\node_modules\@babel\core\lib\vendor\import-meta-resolve.js:194:5)
    at packageResolve (D:\桌面資料\暫存\SubTrack\node_modules\@babel\core\lib\vendor\import-meta-resolve.js:898:9)
    at moduleResolve (D:\桌面資料\暫存\SubTrack\node_modules\@babel\core\lib\vendor\import-meta-resolve.js:938:18)
    at defaultResolve (D:\桌面資料\暫存\SubTrack\node_modules\@babel\core\lib\vendor\import-meta-resolve.js:1016:15)
    at resolve (D:\桌面資料\暫存\SubTrack\node_modules\@babel\core\lib\vendor\import-meta-resolve.js:1029:12)
    at tryImportMetaResolve (D:\桌面資料\暫存\SubTrack\node_modules\@babel\core\lib\config\files\plugins.js:149:45)
    at resolveStandardizedNameForImport (D:\桌面資料\暫存\SubTrack\node_modules\@babel\core\lib\config\files\plugins.js:174:19)
    at resolveStandardizedName (D:\桌面資料\暫存\SubTrack\node_modules\@babel\core\lib\config\files\plugins.js:186:22)
    at loadPreset (D:\桌面資料\暫存\SubTrack\node_modules\@babel\core\lib\config\files\plugins.js:68:7)
    at loadPreset.next (<anonymous>)
    at createDescriptor (D:\桌面資料\暫存\SubTrack\node_modules\@babel\core\lib\config\config-descriptors.js:140:16)
    at createDescriptor.next (<anonymous>)
    at step (D:\桌面資料\暫存\SubTrack\node_modules\gensync\index.js:261:32)
    at evaluateAsync (D:\桌面資料\暫存\SubTrack\node_modules\gensync\index.js:291:5)
    at D:\桌面資料\暫存\SubTrack\node_modules\gensync\index.js:44:11
    at Array.forEach (<anonymous>)
    at gensync.async (D:\桌面資料\暫存\SubTrack\node_modules\gensync\index.js:43:15)
    at gensync.all (D:\桌面資料\暫存\SubTrack\node_modules\gensync\index.js:216:13)
    at Generator.next (<anonymous>)
    at createDescriptors (D:\桌面資料\暫存\SubTrack\node_modules\@babel\core\lib\config\config-descriptors.js:102:41)
    at createDescriptors.next (<anonymous>)
    at createPresetDescriptors (D:\桌面資料\暫存\SubTrack\node_modules\@babel\core\lib\config\config-descriptors.js:96:17)
    at createPresetDescriptors.next (<anonymous>)
    at D:\桌面資料\暫存\SubTrack\node_modules\@babel\core\lib\gensync-utils\functional.js:39:27
    at Generator.next (<anonymous>)
    at mergeChainOpts (D:\桌面資料\暫存\SubTrack\node_modules\@babel\core\lib\config\config-chain.js:350:34)
    at mergeChainOpts.next (<anonymous>)
    at chainWalker (D:\桌面資料\暫存\SubTrack\node_modules\@babel\core\lib\config\config-chain.js:316:14)
    at chainWalker.next (<anonymous>)
    at loadFileChain (D:\桌面資料\暫存\SubTrack\node_modules\@babel\core\lib\config\config-chain.js:191:24)
    at loadFileChain.next (<anonymous>)
    at buildRootChain (D:\桌面資料\暫存\SubTrack\node_modules\@babel\core\lib\config\config-chain.js:77:27)
    at buildRootChain.next (<anonymous>)
    at loadPrivatePartialConfig (D:\桌面資料\暫存\SubTrack\node_modules\@babel\core\lib\config\partial.js:72:62)
    at loadPrivatePartialConfig.next (<anonymous>)
    at loadPartialConfig (D:\桌面資料\暫存\SubTrack\node_modules\@babel\core\lib\config\partial.js:115:25)
    at loadPartialConfig.next (<anonymous>)
    at step (D:\桌面資料\暫存\SubTrack\node_modules\gensync\index.js:269:25)
    at D:\桌面資料\暫存\SubTrack\node_modules\gensync\index.js:273:13
    at async.call.result.err.err (D:\桌面資料\暫存\SubTrack\node_modules\gensync\index.js:223:11)
    at D:\桌面資料\暫存\SubTrack\node_modules\gensync\index.js:189:28
    at D:\桌面資料\暫存\SubTrack\node_modules\@babel\core\lib\gensync-utils\async.js:67:7
    at D:\桌面資料\暫存\SubTrack\node_modules\gensync\index.js:113:33
    at step (D:\桌面資料\暫存\SubTrack\node_modules\gensync\index.js:287:14)
    at D:\桌面資料\暫存\SubTrack\node_modules\gensync\index.js:273:13
    at async.call.result.err.err (D:\桌面資料\暫存\SubTrack\node_modules\gensync\index.js:223:11)
    at D:\桌面資料\暫存\SubTrack\node_modules\gensync\index.js:37:40
    at process.processTicksAndRejections (node:internal/process/task_queues:103:5)
Failed to collect coverage from D:\桌面資料\暫存\SubTrack\src\utils\haptics.ts
ERROR: Cannot find package 'babel-preset-expo' imported from D:\桌面資料\暫存\SubTrack\babel-virtual-resolve-base.js
STACK: Error: Cannot find package 'babel-preset-expo' imported from D:\桌面資料\暫存\SubTrack\babel-virtual-resolve-base.js
    at __node_internal_ (D:\桌面資料\暫存\SubTrack\node_modules\@babel\core\lib\vendor\import-meta-resolve.js:224:9)
    at new NodeError (D:\桌面資料\暫存\SubTrack\node_modules\@babel\core\lib\vendor\import-meta-resolve.js:194:5)
    at packageResolve (D:\桌面資料\暫存\SubTrack\node_modules\@babel\core\lib\vendor\import-meta-resolve.js:898:9)
    at moduleResolve (D:\桌面資料\暫存\SubTrack\node_modules\@babel\core\lib\vendor\import-meta-resolve.js:938:18)
    at defaultResolve (D:\桌面資料\暫存\SubTrack\node_modules\@babel\core\lib\vendor\import-meta-resolve.js:1016:15)
    at resolve (D:\桌面資料\暫存\SubTrack\node_modules\@babel\core\lib\vendor\import-meta-resolve.js:1029:12)
    at tryImportMetaResolve (D:\桌面資料\暫存\SubTrack\node_modules\@babel\core\lib\config\files\plugins.js:149:45)
    at resolveStandardizedNameForImport (D:\桌面資料\暫存\SubTrack\node_modules\@babel\core\lib\config\files\plugins.js:174:19)
    at resolveStandardizedName (D:\桌面資料\暫存\SubTrack\node_modules\@babel\core\lib\config\files\plugins.js:186:22)
    at loadPreset (D:\桌面資料\暫存\SubTrack\node_modules\@babel\core\lib\config\files\plugins.js:68:7)
    at loadPreset.next (<anonymous>)
    at createDescriptor (D:\桌面資料\暫存\SubTrack\node_modules\@babel\core\lib\config\config-descriptors.js:140:16)
    at createDescriptor.next (<anonymous>)
    at step (D:\桌面資料\暫存\SubTrack\node_modules\gensync\index.js:261:32)
    at evaluateAsync (D:\桌面資料\暫存\SubTrack\node_modules\gensync\index.js:291:5)
    at D:\桌面資料\暫存\SubTrack\node_modules\gensync\index.js:44:11
    at Array.forEach (<anonymous>)
    at gensync.async (D:\桌面資料\暫存\SubTrack\node_modules\gensync\index.js:43:15)
    at gensync.all (D:\桌面資料\暫存\SubTrack\node_modules\gensync\index.js:216:13)
    at Generator.next (<anonymous>)
    at createDescriptors (D:\桌面資料\暫存\SubTrack\node_modules\@babel\core\lib\config\config-descriptors.js:102:41)
    at createDescriptors.next (<anonymous>)
    at createPresetDescriptors (D:\桌面資料\暫存\SubTrack\node_modules\@babel\core\lib\config\config-descriptors.js:96:17)
    at createPresetDescriptors.next (<anonymous>)
    at D:\桌面資料\暫存\SubTrack\node_modules\@babel\core\lib\gensync-utils\functional.js:39:27
    at Generator.next (<anonymous>)
    at mergeChainOpts (D:\桌面資料\暫存\SubTrack\node_modules\@babel\core\lib\config\config-chain.js:350:34)
    at mergeChainOpts.next (<anonymous>)
    at chainWalker (D:\桌面資料\暫存\SubTrack\node_modules\@babel\core\lib\config\config-chain.js:316:14)
    at chainWalker.next (<anonymous>)
    at loadFileChain (D:\桌面資料\暫存\SubTrack\node_modules\@babel\core\lib\config\config-chain.js:191:24)
    at loadFileChain.next (<anonymous>)
    at buildRootChain (D:\桌面資料\暫存\SubTrack\node_modules\@babel\core\lib\config\config-chain.js:77:27)
    at buildRootChain.next (<anonymous>)
    at loadPrivatePartialConfig (D:\桌面資料\暫存\SubTrack\node_modules\@babel\core\lib\config\partial.js:72:62)
    at loadPrivatePartialConfig.next (<anonymous>)
    at loadPartialConfig (D:\桌面資料\暫存\SubTrack\node_modules\@babel\core\lib\config\partial.js:115:25)
    at loadPartialConfig.next (<anonymous>)
    at step (D:\桌面資料\暫存\SubTrack\node_modules\gensync\index.js:269:25)
    at D:\桌面資料\暫存\SubTrack\node_modules\gensync\index.js:273:13
    at async.call.result.err.err (D:\桌面資料\暫存\SubTrack\node_modules\gensync\index.js:223:11)
    at D:\桌面資料\暫存\SubTrack\node_modules\gensync\index.js:189:28
    at D:\桌面資料\暫存\SubTrack\node_modules\@babel\core\lib\gensync-utils\async.js:67:7
    at D:\桌面資料\暫存\SubTrack\node_modules\gensync\index.js:113:33
    at step (D:\桌面資料\暫存\SubTrack\node_modules\gensync\index.js:287:14)
    at D:\桌面資料\暫存\SubTrack\node_modules\gensync\index.js:273:13
    at async.call.result.err.err (D:\桌面資料\暫存\SubTrack\node_modules\gensync\index.js:223:11)
    at D:\桌面資料\暫存\SubTrack\node_modules\gensync\index.js:37:40
    at process.processTicksAndRejections (node:internal/process/task_queues:103:5)
Failed to collect coverage from D:\桌面資料\暫存\SubTrack\src\utils\notificationHelper.ts
ERROR: Cannot find package 'babel-preset-expo' imported from D:\桌面資料\暫存\SubTrack\babel-virtual-resolve-base.js
STACK: Error: Cannot find package 'babel-preset-expo' imported from D:\桌面資料\暫存\SubTrack\babel-virtual-resolve-base.js
    at __node_internal_ (D:\桌面資料\暫存\SubTrack\node_modules\@babel\core\lib\vendor\import-meta-resolve.js:224:9)
    at new NodeError (D:\桌面資料\暫存\SubTrack\node_modules\@babel\core\lib\vendor\import-meta-resolve.js:194:5)
    at packageResolve (D:\桌面資料\暫存\SubTrack\node_modules\@babel\core\lib\vendor\import-meta-resolve.js:898:9)
    at moduleResolve (D:\桌面資料\暫存\SubTrack\node_modules\@babel\core\lib\vendor\import-meta-resolve.js:938:18)
    at defaultResolve (D:\桌面資料\暫存\SubTrack\node_modules\@babel\core\lib\vendor\import-meta-resolve.js:1016:15)
    at resolve (D:\桌面資料\暫存\SubTrack\node_modules\@babel\core\lib\vendor\import-meta-resolve.js:1029:12)
    at tryImportMetaResolve (D:\桌面資料\暫存\SubTrack\node_modules\@babel\core\lib\config\files\plugins.js:149:45)
    at resolveStandardizedNameForImport (D:\桌面資料\暫存\SubTrack\node_modules\@babel\core\lib\config\files\plugins.js:174:19)
    at resolveStandardizedName (D:\桌面資料\暫存\SubTrack\node_modules\@babel\core\lib\config\files\plugins.js:186:22)
    at loadPreset (D:\桌面資料\暫存\SubTrack\node_modules\@babel\core\lib\config\files\plugins.js:68:7)
    at loadPreset.next (<anonymous>)
    at createDescriptor (D:\桌面資料\暫存\SubTrack\node_modules\@babel\core\lib\config\config-descriptors.js:140:16)
    at createDescriptor.next (<anonymous>)
    at step (D:\桌面資料\暫存\SubTrack\node_modules\gensync\index.js:261:32)
    at evaluateAsync (D:\桌面資料\暫存\SubTrack\node_modules\gensync\index.js:291:5)
    at D:\桌面資料\暫存\SubTrack\node_modules\gensync\index.js:44:11
    at Array.forEach (<anonymous>)
    at gensync.async (D:\桌面資料\暫存\SubTrack\node_modules\gensync\index.js:43:15)
    at gensync.all (D:\桌面資料\暫存\SubTrack\node_modules\gensync\index.js:216:13)
    at Generator.next (<anonymous>)
    at createDescriptors (D:\桌面資料\暫存\SubTrack\node_modules\@babel\core\lib\config\config-descriptors.js:102:41)
    at createDescriptors.next (<anonymous>)
    at createPresetDescriptors (D:\桌面資料\暫存\SubTrack\node_modules\@babel\core\lib\config\config-descriptors.js:96:17)
    at createPresetDescriptors.next (<anonymous>)
    at D:\桌面資料\暫存\SubTrack\node_modules\@babel\core\lib\gensync-utils\functional.js:39:27
    at Generator.next (<anonymous>)
    at mergeChainOpts (D:\桌面資料\暫存\SubTrack\node_modules\@babel\core\lib\config\config-chain.js:350:34)
    at mergeChainOpts.next (<anonymous>)
    at chainWalker (D:\桌面資料\暫存\SubTrack\node_modules\@babel\core\lib\config\config-chain.js:316:14)
    at chainWalker.next (<anonymous>)
    at loadFileChain (D:\桌面資料\暫存\SubTrack\node_modules\@babel\core\lib\config\config-chain.js:191:24)
    at loadFileChain.next (<anonymous>)
    at buildRootChain (D:\桌面資料\暫存\SubTrack\node_modules\@babel\core\lib\config\config-chain.js:77:27)
    at buildRootChain.next (<anonymous>)
    at loadPrivatePartialConfig (D:\桌面資料\暫存\SubTrack\node_modules\@babel\core\lib\config\partial.js:72:62)
    at loadPrivatePartialConfig.next (<anonymous>)
    at loadPartialConfig (D:\桌面資料\暫存\SubTrack\node_modules\@babel\core\lib\config\partial.js:115:25)
    at loadPartialConfig.next (<anonymous>)
    at step (D:\桌面資料\暫存\SubTrack\node_modules\gensync\index.js:269:25)
    at D:\桌面資料\暫存\SubTrack\node_modules\gensync\index.js:273:13
    at async.call.result.err.err (D:\桌面資料\暫存\SubTrack\node_modules\gensync\index.js:223:11)
    at D:\桌面資料\暫存\SubTrack\node_modules\gensync\index.js:189:28
    at D:\桌面資料\暫存\SubTrack\node_modules\@babel\core\lib\gensync-utils\async.js:67:7
    at D:\桌面資料\暫存\SubTrack\node_modules\gensync\index.js:113:33
    at step (D:\桌面資料\暫存\SubTrack\node_modules\gensync\index.js:287:14)
    at D:\桌面資料\暫存\SubTrack\node_modules\gensync\index.js:273:13
    at async.call.result.err.err (D:\桌面資料\暫存\SubTrack\node_modules\gensync\index.js:223:11)
    at D:\桌面資料\暫存\SubTrack\node_modules\gensync\index.js:37:40
    at process.processTicksAndRejections (node:internal/process/task_queues:103:5)
Failed to collect coverage from D:\桌面資料\暫存\SubTrack\src\components\charts\GenericChart.tsx
ERROR: Cannot find package 'babel-preset-expo' imported from D:\桌面資料\暫存\SubTrack\babel-virtual-resolve-base.js
STACK: Error: Cannot find package 'babel-preset-expo' imported from D:\桌面資料\暫存\SubTrack\babel-virtual-resolve-base.js
    at __node_internal_ (D:\桌面資料\暫存\SubTrack\node_modules\@babel\core\lib\vendor\import-meta-resolve.js:224:9)
    at new NodeError (D:\桌面資料\暫存\SubTrack\node_modules\@babel\core\lib\vendor\import-meta-resolve.js:194:5)
    at packageResolve (D:\桌面資料\暫存\SubTrack\node_modules\@babel\core\lib\vendor\import-meta-resolve.js:898:9)
    at moduleResolve (D:\桌面資料\暫存\SubTrack\node_modules\@babel\core\lib\vendor\import-meta-resolve.js:938:18)
    at defaultResolve (D:\桌面資料\暫存\SubTrack\node_modules\@babel\core\lib\vendor\import-meta-resolve.js:1016:15)
    at resolve (D:\桌面資料\暫存\SubTrack\node_modules\@babel\core\lib\vendor\import-meta-resolve.js:1029:12)
    at tryImportMetaResolve (D:\桌面資料\暫存\SubTrack\node_modules\@babel\core\lib\config\files\plugins.js:149:45)
    at resolveStandardizedNameForImport (D:\桌面資料\暫存\SubTrack\node_modules\@babel\core\lib\config\files\plugins.js:174:19)
    at resolveStandardizedName (D:\桌面資料\暫存\SubTrack\node_modules\@babel\core\lib\config\files\plugins.js:186:22)
    at loadPreset (D:\桌面資料\暫存\SubTrack\node_modules\@babel\core\lib\config\files\plugins.js:68:7)
    at loadPreset.next (<anonymous>)
    at createDescriptor (D:\桌面資料\暫存\SubTrack\node_modules\@babel\core\lib\config\config-descriptors.js:140:16)
    at createDescriptor.next (<anonymous>)
    at step (D:\桌面資料\暫存\SubTrack\node_modules\gensync\index.js:261:32)
    at evaluateAsync (D:\桌面資料\暫存\SubTrack\node_modules\gensync\index.js:291:5)
    at D:\桌面資料\暫存\SubTrack\node_modules\gensync\index.js:44:11
    at Array.forEach (<anonymous>)
    at gensync.async (D:\桌面資料\暫存\SubTrack\node_modules\gensync\index.js:43:15)
    at gensync.all (D:\桌面資料\暫存\SubTrack\node_modules\gensync\index.js:216:13)
    at Generator.next (<anonymous>)
    at createDescriptors (D:\桌面資料\暫存\SubTrack\node_modules\@babel\core\lib\config\config-descriptors.js:102:41)
    at createDescriptors.next (<anonymous>)
    at createPresetDescriptors (D:\桌面資料\暫存\SubTrack\node_modules\@babel\core\lib\config\config-descriptors.js:96:17)
    at createPresetDescriptors.next (<anonymous>)
    at D:\桌面資料\暫存\SubTrack\node_modules\@babel\core\lib\gensync-utils\functional.js:39:27
    at Generator.next (<anonymous>)
    at mergeChainOpts (D:\桌面資料\暫存\SubTrack\node_modules\@babel\core\lib\config\config-chain.js:350:34)
    at mergeChainOpts.next (<anonymous>)
    at chainWalker (D:\桌面資料\暫存\SubTrack\node_modules\@babel\core\lib\config\config-chain.js:316:14)
    at chainWalker.next (<anonymous>)
    at loadFileChain (D:\桌面資料\暫存\SubTrack\node_modules\@babel\core\lib\config\config-chain.js:191:24)
    at loadFileChain.next (<anonymous>)
    at buildRootChain (D:\桌面資料\暫存\SubTrack\node_modules\@babel\core\lib\config\config-chain.js:77:27)
    at buildRootChain.next (<anonymous>)
    at loadPrivatePartialConfig (D:\桌面資料\暫存\SubTrack\node_modules\@babel\core\lib\config\partial.js:72:62)
    at loadPrivatePartialConfig.next (<anonymous>)
    at loadPartialConfig (D:\桌面資料\暫存\SubTrack\node_modules\@babel\core\lib\config\partial.js:115:25)
    at loadPartialConfig.next (<anonymous>)
    at step (D:\桌面資料\暫存\SubTrack\node_modules\gensync\index.js:269:25)
    at D:\桌面資料\暫存\SubTrack\node_modules\gensync\index.js:273:13
    at async.call.result.err.err (D:\桌面資料\暫存\SubTrack\node_modules\gensync\index.js:223:11)
    at D:\桌面資料\暫存\SubTrack\node_modules\gensync\index.js:189:28
    at D:\桌面資料\暫存\SubTrack\node_modules\@babel\core\lib\gensync-utils\async.js:67:7
    at D:\桌面資料\暫存\SubTrack\node_modules\gensync\index.js:113:33
    at step (D:\桌面資料\暫存\SubTrack\node_modules\gensync\index.js:287:14)
    at D:\桌面資料\暫存\SubTrack\node_modules\gensync\index.js:273:13
    at async.call.result.err.err (D:\桌面資料\暫存\SubTrack\node_modules\gensync\index.js:223:11)
    at D:\桌面資料\暫存\SubTrack\node_modules\gensync\index.js:37:40
    at process.processTicksAndRejections (node:internal/process/task_queues:103:5)
Failed to collect coverage from D:\桌面資料\暫存\SubTrack\src\components\charts\SkiaPieChart.tsx
ERROR: Cannot find package 'babel-preset-expo' imported from D:\桌面資料\暫存\SubTrack\babel-virtual-resolve-base.js
STACK: Error: Cannot find package 'babel-preset-expo' imported from D:\桌面資料\暫存\SubTrack\babel-virtual-resolve-base.js
    at __node_internal_ (D:\桌面資料\暫存\SubTrack\node_modules\@babel\core\lib\vendor\import-meta-resolve.js:224:9)
    at new NodeError (D:\桌面資料\暫存\SubTrack\node_modules\@babel\core\lib\vendor\import-meta-resolve.js:194:5)
    at packageResolve (D:\桌面資料\暫存\SubTrack\node_modules\@babel\core\lib\vendor\import-meta-resolve.js:898:9)
    at moduleResolve (D:\桌面資料\暫存\SubTrack\node_modules\@babel\core\lib\vendor\import-meta-resolve.js:938:18)
    at defaultResolve (D:\桌面資料\暫存\SubTrack\node_modules\@babel\core\lib\vendor\import-meta-resolve.js:1016:15)
    at resolve (D:\桌面資料\暫存\SubTrack\node_modules\@babel\core\lib\vendor\import-meta-resolve.js:1029:12)
    at tryImportMetaResolve (D:\桌面資料\暫存\SubTrack\node_modules\@babel\core\lib\config\files\plugins.js:149:45)
    at resolveStandardizedNameForImport (D:\桌面資料\暫存\SubTrack\node_modules\@babel\core\lib\config\files\plugins.js:174:19)
    at resolveStandardizedName (D:\桌面資料\暫存\SubTrack\node_modules\@babel\core\lib\config\files\plugins.js:186:22)
    at loadPreset (D:\桌面資料\暫存\SubTrack\node_modules\@babel\core\lib\config\files\plugins.js:68:7)
    at loadPreset.next (<anonymous>)
    at createDescriptor (D:\桌面資料\暫存\SubTrack\node_modules\@babel\core\lib\config\config-descriptors.js:140:16)
    at createDescriptor.next (<anonymous>)
    at step (D:\桌面資料\暫存\SubTrack\node_modules\gensync\index.js:261:32)
    at evaluateAsync (D:\桌面資料\暫存\SubTrack\node_modules\gensync\index.js:291:5)
    at D:\桌面資料\暫存\SubTrack\node_modules\gensync\index.js:44:11
    at Array.forEach (<anonymous>)
    at gensync.async (D:\桌面資料\暫存\SubTrack\node_modules\gensync\index.js:43:15)
    at gensync.all (D:\桌面資料\暫存\SubTrack\node_modules\gensync\index.js:216:13)
    at Generator.next (<anonymous>)
    at createDescriptors (D:\桌面資料\暫存\SubTrack\node_modules\@babel\core\lib\config\config-descriptors.js:102:41)
    at createDescriptors.next (<anonymous>)
    at createPresetDescriptors (D:\桌面資料\暫存\SubTrack\node_modules\@babel\core\lib\config\config-descriptors.js:96:17)
    at createPresetDescriptors.next (<anonymous>)
    at D:\桌面資料\暫存\SubTrack\node_modules\@babel\core\lib\gensync-utils\functional.js:39:27
    at Generator.next (<anonymous>)
    at mergeChainOpts (D:\桌面資料\暫存\SubTrack\node_modules\@babel\core\lib\config\config-chain.js:350:34)
    at mergeChainOpts.next (<anonymous>)
    at chainWalker (D:\桌面資料\暫存\SubTrack\node_modules\@babel\core\lib\config\config-chain.js:316:14)
    at chainWalker.next (<anonymous>)
    at loadFileChain (D:\桌面資料\暫存\SubTrack\node_modules\@babel\core\lib\config\config-chain.js:191:24)
    at loadFileChain.next (<anonymous>)
    at buildRootChain (D:\桌面資料\暫存\SubTrack\node_modules\@babel\core\lib\config\config-chain.js:77:27)
    at buildRootChain.next (<anonymous>)
    at loadPrivatePartialConfig (D:\桌面資料\暫存\SubTrack\node_modules\@babel\core\lib\config\partial.js:72:62)
    at loadPrivatePartialConfig.next (<anonymous>)
    at loadPartialConfig (D:\桌面資料\暫存\SubTrack\node_modules\@babel\core\lib\config\partial.js:115:25)
    at loadPartialConfig.next (<anonymous>)
    at step (D:\桌面資料\暫存\SubTrack\node_modules\gensync\index.js:269:25)
    at D:\桌面資料\暫存\SubTrack\node_modules\gensync\index.js:273:13
    at async.call.result.err.err (D:\桌面資料\暫存\SubTrack\node_modules\gensync\index.js:223:11)
    at D:\桌面資料\暫存\SubTrack\node_modules\gensync\index.js:189:28
    at D:\桌面資料\暫存\SubTrack\node_modules\@babel\core\lib\gensync-utils\async.js:67:7
    at D:\桌面資料\暫存\SubTrack\node_modules\gensync\index.js:113:33
    at step (D:\桌面資料\暫存\SubTrack\node_modules\gensync\index.js:287:14)
    at D:\桌面資料\暫存\SubTrack\node_modules\gensync\index.js:273:13
    at async.call.result.err.err (D:\桌面資料\暫存\SubTrack\node_modules\gensync\index.js:223:11)
    at D:\桌面資料\暫存\SubTrack\node_modules\gensync\index.js:37:40
    at process.processTicksAndRejections (node:internal/process/task_queues:103:5)
Failed to collect coverage from D:\桌面資料\暫存\SubTrack\src\components\common\CachedImage.tsx
ERROR: Cannot find package 'babel-preset-expo' imported from D:\桌面資料\暫存\SubTrack\babel-virtual-resolve-base.js
STACK: Error: Cannot find package 'babel-preset-expo' imported from D:\桌面資料\暫存\SubTrack\babel-virtual-resolve-base.js
    at __node_internal_ (D:\桌面資料\暫存\SubTrack\node_modules\@babel\core\lib\vendor\import-meta-resolve.js:224:9)
    at new NodeError (D:\桌面資料\暫存\SubTrack\node_modules\@babel\core\lib\vendor\import-meta-resolve.js:194:5)
    at packageResolve (D:\桌面資料\暫存\SubTrack\node_modules\@babel\core\lib\vendor\import-meta-resolve.js:898:9)
    at moduleResolve (D:\桌面資料\暫存\SubTrack\node_modules\@babel\core\lib\vendor\import-meta-resolve.js:938:18)
    at defaultResolve (D:\桌面資料\暫存\SubTrack\node_modules\@babel\core\lib\vendor\import-meta-resolve.js:1016:15)
    at resolve (D:\桌面資料\暫存\SubTrack\node_modules\@babel\core\lib\vendor\import-meta-resolve.js:1029:12)
    at tryImportMetaResolve (D:\桌面資料\暫存\SubTrack\node_modules\@babel\core\lib\config\files\plugins.js:149:45)
    at resolveStandardizedNameForImport (D:\桌面資料\暫存\SubTrack\node_modules\@babel\core\lib\config\files\plugins.js:174:19)
    at resolveStandardizedName (D:\桌面資料\暫存\SubTrack\node_modules\@babel\core\lib\config\files\plugins.js:186:22)
    at loadPreset (D:\桌面資料\暫存\SubTrack\node_modules\@babel\core\lib\config\files\plugins.js:68:7)
    at loadPreset.next (<anonymous>)
    at createDescriptor (D:\桌面資料\暫存\SubTrack\node_modules\@babel\core\lib\config\config-descriptors.js:140:16)
    at createDescriptor.next (<anonymous>)
    at step (D:\桌面資料\暫存\SubTrack\node_modules\gensync\index.js:261:32)
    at evaluateAsync (D:\桌面資料\暫存\SubTrack\node_modules\gensync\index.js:291:5)
    at D:\桌面資料\暫存\SubTrack\node_modules\gensync\index.js:44:11
    at Array.forEach (<anonymous>)
    at gensync.async (D:\桌面資料\暫存\SubTrack\node_modules\gensync\index.js:43:15)
    at gensync.all (D:\桌面資料\暫存\SubTrack\node_modules\gensync\index.js:216:13)
    at Generator.next (<anonymous>)
    at createDescriptors (D:\桌面資料\暫存\SubTrack\node_modules\@babel\core\lib\config\config-descriptors.js:102:41)
    at createDescriptors.next (<anonymous>)
    at createPresetDescriptors (D:\桌面資料\暫存\SubTrack\node_modules\@babel\core\lib\config\config-descriptors.js:96:17)
    at createPresetDescriptors.next (<anonymous>)
    at D:\桌面資料\暫存\SubTrack\node_modules\@babel\core\lib\gensync-utils\functional.js:39:27
    at Generator.next (<anonymous>)
    at mergeChainOpts (D:\桌面資料\暫存\SubTrack\node_modules\@babel\core\lib\config\config-chain.js:350:34)
    at mergeChainOpts.next (<anonymous>)
    at chainWalker (D:\桌面資料\暫存\SubTrack\node_modules\@babel\core\lib\config\config-chain.js:316:14)
    at chainWalker.next (<anonymous>)
    at loadFileChain (D:\桌面資料\暫存\SubTrack\node_modules\@babel\core\lib\config\config-chain.js:191:24)
    at loadFileChain.next (<anonymous>)
    at buildRootChain (D:\桌面資料\暫存\SubTrack\node_modules\@babel\core\lib\config\config-chain.js:77:27)
    at buildRootChain.next (<anonymous>)
    at loadPrivatePartialConfig (D:\桌面資料\暫存\SubTrack\node_modules\@babel\core\lib\config\partial.js:72:62)
    at loadPrivatePartialConfig.next (<anonymous>)
    at loadPartialConfig (D:\桌面資料\暫存\SubTrack\node_modules\@babel\core\lib\config\partial.js:115:25)
    at loadPartialConfig.next (<anonymous>)
    at step (D:\桌面資料\暫存\SubTrack\node_modules\gensync\index.js:269:25)
    at D:\桌面資料\暫存\SubTrack\node_modules\gensync\index.js:273:13
    at async.call.result.err.err (D:\桌面資料\暫存\SubTrack\node_modules\gensync\index.js:223:11)
    at D:\桌面資料\暫存\SubTrack\node_modules\gensync\index.js:189:28
    at D:\桌面資料\暫存\SubTrack\node_modules\@babel\core\lib\gensync-utils\async.js:67:7
    at D:\桌面資料\暫存\SubTrack\node_modules\gensync\index.js:113:33
    at step (D:\桌面資料\暫存\SubTrack\node_modules\gensync\index.js:287:14)
    at D:\桌面資料\暫存\SubTrack\node_modules\gensync\index.js:273:13
    at async.call.result.err.err (D:\桌面資料\暫存\SubTrack\node_modules\gensync\index.js:223:11)
    at D:\桌面資料\暫存\SubTrack\node_modules\gensync\index.js:37:40
    at process.processTicksAndRejections (node:internal/process/task_queues:103:5)
Failed to collect coverage from D:\桌面資料\暫存\SubTrack\src\components\reports\ReportBuilderModal.tsx
ERROR: Cannot find package 'babel-preset-expo' imported from D:\桌面資料\暫存\SubTrack\babel-virtual-resolve-base.js
STACK: Error: Cannot find package 'babel-preset-expo' imported from D:\桌面資料\暫存\SubTrack\babel-virtual-resolve-base.js
    at __node_internal_ (D:\桌面資料\暫存\SubTrack\node_modules\@babel\core\lib\vendor\import-meta-resolve.js:224:9)
    at new NodeError (D:\桌面資料\暫存\SubTrack\node_modules\@babel\core\lib\vendor\import-meta-resolve.js:194:5)
    at packageResolve (D:\桌面資料\暫存\SubTrack\node_modules\@babel\core\lib\vendor\import-meta-resolve.js:898:9)
    at moduleResolve (D:\桌面資料\暫存\SubTrack\node_modules\@babel\core\lib\vendor\import-meta-resolve.js:938:18)
    at defaultResolve (D:\桌面資料\暫存\SubTrack\node_modules\@babel\core\lib\vendor\import-meta-resolve.js:1016:15)
    at resolve (D:\桌面資料\暫存\SubTrack\node_modules\@babel\core\lib\vendor\import-meta-resolve.js:1029:12)
    at tryImportMetaResolve (D:\桌面資料\暫存\SubTrack\node_modules\@babel\core\lib\config\files\plugins.js:149:45)
    at resolveStandardizedNameForImport (D:\桌面資料\暫存\SubTrack\node_modules\@babel\core\lib\config\files\plugins.js:174:19)
    at resolveStandardizedName (D:\桌面資料\暫存\SubTrack\node_modules\@babel\core\lib\config\files\plugins.js:186:22)
    at loadPreset (D:\桌面資料\暫存\SubTrack\node_modules\@babel\core\lib\config\files\plugins.js:68:7)
    at loadPreset.next (<anonymous>)
    at createDescriptor (D:\桌面資料\暫存\SubTrack\node_modules\@babel\core\lib\config\config-descriptors.js:140:16)
    at createDescriptor.next (<anonymous>)
    at step (D:\桌面資料\暫存\SubTrack\node_modules\gensync\index.js:261:32)
    at evaluateAsync (D:\桌面資料\暫存\SubTrack\node_modules\gensync\index.js:291:5)
    at D:\桌面資料\暫存\SubTrack\node_modules\gensync\index.js:44:11
    at Array.forEach (<anonymous>)
    at gensync.async (D:\桌面資料\暫存\SubTrack\node_modules\gensync\index.js:43:15)
    at gensync.all (D:\桌面資料\暫存\SubTrack\node_modules\gensync\index.js:216:13)
    at Generator.next (<anonymous>)
    at createDescriptors (D:\桌面資料\暫存\SubTrack\node_modules\@babel\core\lib\config\config-descriptors.js:102:41)
    at createDescriptors.next (<anonymous>)
    at createPresetDescriptors (D:\桌面資料\暫存\SubTrack\node_modules\@babel\core\lib\config\config-descriptors.js:96:17)
    at createPresetDescriptors.next (<anonymous>)
    at D:\桌面資料\暫存\SubTrack\node_modules\@babel\core\lib\gensync-utils\functional.js:39:27
    at Generator.next (<anonymous>)
    at mergeChainOpts (D:\桌面資料\暫存\SubTrack\node_modules\@babel\core\lib\config\config-chain.js:350:34)
    at mergeChainOpts.next (<anonymous>)
    at chainWalker (D:\桌面資料\暫存\SubTrack\node_modules\@babel\core\lib\config\config-chain.js:316:14)
    at chainWalker.next (<anonymous>)
    at loadFileChain (D:\桌面資料\暫存\SubTrack\node_modules\@babel\core\lib\config\config-chain.js:191:24)
    at loadFileChain.next (<anonymous>)
    at buildRootChain (D:\桌面資料\暫存\SubTrack\node_modules\@babel\core\lib\config\config-chain.js:77:27)
    at buildRootChain.next (<anonymous>)
    at loadPrivatePartialConfig (D:\桌面資料\暫存\SubTrack\node_modules\@babel\core\lib\config\partial.js:72:62)
    at loadPrivatePartialConfig.next (<anonymous>)
    at loadPartialConfig (D:\桌面資料\暫存\SubTrack\node_modules\@babel\core\lib\config\partial.js:115:25)
    at loadPartialConfig.next (<anonymous>)
    at step (D:\桌面資料\暫存\SubTrack\node_modules\gensync\index.js:269:25)
    at D:\桌面資料\暫存\SubTrack\node_modules\gensync\index.js:273:13
    at async.call.result.err.err (D:\桌面資料\暫存\SubTrack\node_modules\gensync\index.js:223:11)
    at D:\桌面資料\暫存\SubTrack\node_modules\gensync\index.js:189:28
    at D:\桌面資料\暫存\SubTrack\node_modules\@babel\core\lib\gensync-utils\async.js:67:7
    at D:\桌面資料\暫存\SubTrack\node_modules\gensync\index.js:113:33
    at step (D:\桌面資料\暫存\SubTrack\node_modules\gensync\index.js:287:14)
    at D:\桌面資料\暫存\SubTrack\node_modules\gensync\index.js:273:13
    at async.call.result.err.err (D:\桌面資料\暫存\SubTrack\node_modules\gensync\index.js:223:11)
    at D:\桌面資料\暫存\SubTrack\node_modules\gensync\index.js:37:40
    at process.processTicksAndRejections (node:internal/process/task_queues:103:5)
Failed to collect coverage from D:\桌面資料\暫存\SubTrack\src\components\search\SearchScreen.tsx
ERROR: Cannot find package 'babel-preset-expo' imported from D:\桌面資料\暫存\SubTrack\babel-virtual-resolve-base.js
STACK: Error: Cannot find package 'babel-preset-expo' imported from D:\桌面資料\暫存\SubTrack\babel-virtual-resolve-base.js
    at __node_internal_ (D:\桌面資料\暫存\SubTrack\node_modules\@babel\core\lib\vendor\import-meta-resolve.js:224:9)
    at new NodeError (D:\桌面資料\暫存\SubTrack\node_modules\@babel\core\lib\vendor\import-meta-resolve.js:194:5)
    at packageResolve (D:\桌面資料\暫存\SubTrack\node_modules\@babel\core\lib\vendor\import-meta-resolve.js:898:9)
    at moduleResolve (D:\桌面資料\暫存\SubTrack\node_modules\@babel\core\lib\vendor\import-meta-resolve.js:938:18)
    at defaultResolve (D:\桌面資料\暫存\SubTrack\node_modules\@babel\core\lib\vendor\import-meta-resolve.js:1016:15)
    at resolve (D:\桌面資料\暫存\SubTrack\node_modules\@babel\core\lib\vendor\import-meta-resolve.js:1029:12)
    at tryImportMetaResolve (D:\桌面資料\暫存\SubTrack\node_modules\@babel\core\lib\config\files\plugins.js:149:45)
    at resolveStandardizedNameForImport (D:\桌面資料\暫存\SubTrack\node_modules\@babel\core\lib\config\files\plugins.js:174:19)
    at resolveStandardizedName (D:\桌面資料\暫存\SubTrack\node_modules\@babel\core\lib\config\files\plugins.js:186:22)
    at loadPreset (D:\桌面資料\暫存\SubTrack\node_modules\@babel\core\lib\config\files\plugins.js:68:7)
    at loadPreset.next (<anonymous>)
    at createDescriptor (D:\桌面資料\暫存\SubTrack\node_modules\@babel\core\lib\config\config-descriptors.js:140:16)
    at createDescriptor.next (<anonymous>)
    at step (D:\桌面資料\暫存\SubTrack\node_modules\gensync\index.js:261:32)
    at evaluateAsync (D:\桌面資料\暫存\SubTrack\node_modules\gensync\index.js:291:5)
    at D:\桌面資料\暫存\SubTrack\node_modules\gensync\index.js:44:11
    at Array.forEach (<anonymous>)
    at gensync.async (D:\桌面資料\暫存\SubTrack\node_modules\gensync\index.js:43:15)
    at gensync.all (D:\桌面資料\暫存\SubTrack\node_modules\gensync\index.js:216:13)
    at Generator.next (<anonymous>)
    at createDescriptors (D:\桌面資料\暫存\SubTrack\node_modules\@babel\core\lib\config\config-descriptors.js:102:41)
    at createDescriptors.next (<anonymous>)
    at createPresetDescriptors (D:\桌面資料\暫存\SubTrack\node_modules\@babel\core\lib\config\config-descriptors.js:96:17)
    at createPresetDescriptors.next (<anonymous>)
    at D:\桌面資料\暫存\SubTrack\node_modules\@babel\core\lib\gensync-utils\functional.js:39:27
    at Generator.next (<anonymous>)
    at mergeChainOpts (D:\桌面資料\暫存\SubTrack\node_modules\@babel\core\lib\config\config-chain.js:350:34)
    at mergeChainOpts.next (<anonymous>)
    at chainWalker (D:\桌面資料\暫存\SubTrack\node_modules\@babel\core\lib\config\config-chain.js:316:14)
    at chainWalker.next (<anonymous>)
    at loadFileChain (D:\桌面資料\暫存\SubTrack\node_modules\@babel\core\lib\config\config-chain.js:191:24)
    at loadFileChain.next (<anonymous>)
    at buildRootChain (D:\桌面資料\暫存\SubTrack\node_modules\@babel\core\lib\config\config-chain.js:77:27)
    at buildRootChain.next (<anonymous>)
    at loadPrivatePartialConfig (D:\桌面資料\暫存\SubTrack\node_modules\@babel\core\lib\config\partial.js:72:62)
    at loadPrivatePartialConfig.next (<anonymous>)
    at loadPartialConfig (D:\桌面資料\暫存\SubTrack\node_modules\@babel\core\lib\config\partial.js:115:25)
    at loadPartialConfig.next (<anonymous>)
    at step (D:\桌面資料\暫存\SubTrack\node_modules\gensync\index.js:269:25)
    at D:\桌面資料\暫存\SubTrack\node_modules\gensync\index.js:273:13
    at async.call.result.err.err (D:\桌面資料\暫存\SubTrack\node_modules\gensync\index.js:223:11)
    at D:\桌面資料\暫存\SubTrack\node_modules\gensync\index.js:189:28
    at D:\桌面資料\暫存\SubTrack\node_modules\@babel\core\lib\gensync-utils\async.js:67:7
    at D:\桌面資料\暫存\SubTrack\node_modules\gensync\index.js:113:33
    at step (D:\桌面資料\暫存\SubTrack\node_modules\gensync\index.js:287:14)
    at D:\桌面資料\暫存\SubTrack\node_modules\gensync\index.js:273:13
    at async.call.result.err.err (D:\桌面資料\暫存\SubTrack\node_modules\gensync\index.js:223:11)
    at D:\桌面資料\暫存\SubTrack\node_modules\gensync\index.js:37:40
    at process.processTicksAndRejections (node:internal/process/task_queues:103:5)
Failed to collect coverage from D:\桌面資料\暫存\SubTrack\src\components\ImportPreviewModal.tsx
ERROR: Cannot find package 'babel-preset-expo' imported from D:\桌面資料\暫存\SubTrack\babel-virtual-resolve-base.js
STACK: Error: Cannot find package 'babel-preset-expo' imported from D:\桌面資料\暫存\SubTrack\babel-virtual-resolve-base.js
    at __node_internal_ (D:\桌面資料\暫存\SubTrack\node_modules\@babel\core\lib\vendor\import-meta-resolve.js:224:9)
    at new NodeError (D:\桌面資料\暫存\SubTrack\node_modules\@babel\core\lib\vendor\import-meta-resolve.js:194:5)
    at packageResolve (D:\桌面資料\暫存\SubTrack\node_modules\@babel\core\lib\vendor\import-meta-resolve.js:898:9)
    at moduleResolve (D:\桌面資料\暫存\SubTrack\node_modules\@babel\core\lib\vendor\import-meta-resolve.js:938:18)
    at defaultResolve (D:\桌面資料\暫存\SubTrack\node_modules\@babel\core\lib\vendor\import-meta-resolve.js:1016:15)
    at resolve (D:\桌面資料\暫存\SubTrack\node_modules\@babel\core\lib\vendor\import-meta-resolve.js:1029:12)
    at tryImportMetaResolve (D:\桌面資料\暫存\SubTrack\node_modules\@babel\core\lib\config\files\plugins.js:149:45)
    at resolveStandardizedNameForImport (D:\桌面資料\暫存\SubTrack\node_modules\@babel\core\lib\config\files\plugins.js:174:19)
    at resolveStandardizedName (D:\桌面資料\暫存\SubTrack\node_modules\@babel\core\lib\config\files\plugins.js:186:22)
    at loadPreset (D:\桌面資料\暫存\SubTrack\node_modules\@babel\core\lib\config\files\plugins.js:68:7)
    at loadPreset.next (<anonymous>)
    at createDescriptor (D:\桌面資料\暫存\SubTrack\node_modules\@babel\core\lib\config\config-descriptors.js:140:16)
    at createDescriptor.next (<anonymous>)
    at step (D:\桌面資料\暫存\SubTrack\node_modules\gensync\index.js:261:32)
    at evaluateAsync (D:\桌面資料\暫存\SubTrack\node_modules\gensync\index.js:291:5)
    at D:\桌面資料\暫存\SubTrack\node_modules\gensync\index.js:44:11
    at Array.forEach (<anonymous>)
    at gensync.async (D:\桌面資料\暫存\SubTrack\node_modules\gensync\index.js:43:15)
    at gensync.all (D:\桌面資料\暫存\SubTrack\node_modules\gensync\index.js:216:13)
    at Generator.next (<anonymous>)
    at createDescriptors (D:\桌面資料\暫存\SubTrack\node_modules\@babel\core\lib\config\config-descriptors.js:102:41)
    at createDescriptors.next (<anonymous>)
    at createPresetDescriptors (D:\桌面資料\暫存\SubTrack\node_modules\@babel\core\lib\config\config-descriptors.js:96:17)
    at createPresetDescriptors.next (<anonymous>)
    at D:\桌面資料\暫存\SubTrack\node_modules\@babel\core\lib\gensync-utils\functional.js:39:27
    at Generator.next (<anonymous>)
    at mergeChainOpts (D:\桌面資料\暫存\SubTrack\node_modules\@babel\core\lib\config\config-chain.js:350:34)
    at mergeChainOpts.next (<anonymous>)
    at chainWalker (D:\桌面資料\暫存\SubTrack\node_modules\@babel\core\lib\config\config-chain.js:316:14)
    at chainWalker.next (<anonymous>)
    at loadFileChain (D:\桌面資料\暫存\SubTrack\node_modules\@babel\core\lib\config\config-chain.js:191:24)
    at loadFileChain.next (<anonymous>)
    at buildRootChain (D:\桌面資料\暫存\SubTrack\node_modules\@babel\core\lib\config\config-chain.js:77:27)
    at buildRootChain.next (<anonymous>)
    at loadPrivatePartialConfig (D:\桌面資料\暫存\SubTrack\node_modules\@babel\core\lib\config\partial.js:72:62)
    at loadPrivatePartialConfig.next (<anonymous>)
    at loadPartialConfig (D:\桌面資料\暫存\SubTrack\node_modules\@babel\core\lib\config\partial.js:115:25)
    at loadPartialConfig.next (<anonymous>)
    at step (D:\桌面資料\暫存\SubTrack\node_modules\gensync\index.js:269:25)
    at D:\桌面資料\暫存\SubTrack\node_modules\gensync\index.js:273:13
    at async.call.result.err.err (D:\桌面資料\暫存\SubTrack\node_modules\gensync\index.js:223:11)
    at D:\桌面資料\暫存\SubTrack\node_modules\gensync\index.js:189:28
    at D:\桌面資料\暫存\SubTrack\node_modules\@babel\core\lib\gensync-utils\async.js:67:7
    at D:\桌面資料\暫存\SubTrack\node_modules\gensync\index.js:113:33
    at step (D:\桌面資料\暫存\SubTrack\node_modules\gensync\index.js:287:14)
    at D:\桌面資料\暫存\SubTrack\node_modules\gensync\index.js:273:13
    at async.call.result.err.err (D:\桌面資料\暫存\SubTrack\node_modules\gensync\index.js:223:11)
    at D:\桌面資料\暫存\SubTrack\node_modules\gensync\index.js:37:40
    at process.processTicksAndRejections (node:internal/process/task_queues:103:5)
Failed to collect coverage from D:\桌面資料\暫存\SubTrack\src\components\subscription\BasicInfo.tsx
ERROR: Cannot find package 'babel-preset-expo' imported from D:\桌面資料\暫存\SubTrack\babel-virtual-resolve-base.js
STACK: Error: Cannot find package 'babel-preset-expo' imported from D:\桌面資料\暫存\SubTrack\babel-virtual-resolve-base.js
    at __node_internal_ (D:\桌面資料\暫存\SubTrack\node_modules\@babel\core\lib\vendor\import-meta-resolve.js:224:9)
    at new NodeError (D:\桌面資料\暫存\SubTrack\node_modules\@babel\core\lib\vendor\import-meta-resolve.js:194:5)
    at packageResolve (D:\桌面資料\暫存\SubTrack\node_modules\@babel\core\lib\vendor\import-meta-resolve.js:898:9)
    at moduleResolve (D:\桌面資料\暫存\SubTrack\node_modules\@babel\core\lib\vendor\import-meta-resolve.js:938:18)
    at defaultResolve (D:\桌面資料\暫存\SubTrack\node_modules\@babel\core\lib\vendor\import-meta-resolve.js:1016:15)
    at resolve (D:\桌面資料\暫存\SubTrack\node_modules\@babel\core\lib\vendor\import-meta-resolve.js:1029:12)
    at tryImportMetaResolve (D:\桌面資料\暫存\SubTrack\node_modules\@babel\core\lib\config\files\plugins.js:149:45)
    at resolveStandardizedNameForImport (D:\桌面資料\暫存\SubTrack\node_modules\@babel\core\lib\config\files\plugins.js:174:19)
    at resolveStandardizedName (D:\桌面資料\暫存\SubTrack\node_modules\@babel\core\lib\config\files\plugins.js:186:22)
    at loadPreset (D:\桌面資料\暫存\SubTrack\node_modules\@babel\core\lib\config\files\plugins.js:68:7)
    at loadPreset.next (<anonymous>)
    at createDescriptor (D:\桌面資料\暫存\SubTrack\node_modules\@babel\core\lib\config\config-descriptors.js:140:16)
    at createDescriptor.next (<anonymous>)
    at step (D:\桌面資料\暫存\SubTrack\node_modules\gensync\index.js:261:32)
    at evaluateAsync (D:\桌面資料\暫存\SubTrack\node_modules\gensync\index.js:291:5)
    at D:\桌面資料\暫存\SubTrack\node_modules\gensync\index.js:44:11
    at Array.forEach (<anonymous>)
    at gensync.async (D:\桌面資料\暫存\SubTrack\node_modules\gensync\index.js:43:15)
    at gensync.all (D:\桌面資料\暫存\SubTrack\node_modules\gensync\index.js:216:13)
    at Generator.next (<anonymous>)
    at createDescriptors (D:\桌面資料\暫存\SubTrack\node_modules\@babel\core\lib\config\config-descriptors.js:102:41)
    at createDescriptors.next (<anonymous>)
    at createPresetDescriptors (D:\桌面資料\暫存\SubTrack\node_modules\@babel\core\lib\config\config-descriptors.js:96:17)
    at createPresetDescriptors.next (<anonymous>)
    at D:\桌面資料\暫存\SubTrack\node_modules\@babel\core\lib\gensync-utils\functional.js:39:27
    at Generator.next (<anonymous>)
    at mergeChainOpts (D:\桌面資料\暫存\SubTrack\node_modules\@babel\core\lib\config\config-chain.js:350:34)
    at mergeChainOpts.next (<anonymous>)
    at chainWalker (D:\桌面資料\暫存\SubTrack\node_modules\@babel\core\lib\config\config-chain.js:316:14)
    at chainWalker.next (<anonymous>)
    at loadFileChain (D:\桌面資料\暫存\SubTrack\node_modules\@babel\core\lib\config\config-chain.js:191:24)
    at loadFileChain.next (<anonymous>)
    at buildRootChain (D:\桌面資料\暫存\SubTrack\node_modules\@babel\core\lib\config\config-chain.js:77:27)
    at buildRootChain.next (<anonymous>)
    at loadPrivatePartialConfig (D:\桌面資料\暫存\SubTrack\node_modules\@babel\core\lib\config\partial.js:72:62)
    at loadPrivatePartialConfig.next (<anonymous>)
    at loadPartialConfig (D:\桌面資料\暫存\SubTrack\node_modules\@babel\core\lib\config\partial.js:115:25)
    at loadPartialConfig.next (<anonymous>)
    at step (D:\桌面資料\暫存\SubTrack\node_modules\gensync\index.js:269:25)
    at D:\桌面資料\暫存\SubTrack\node_modules\gensync\index.js:273:13
    at async.call.result.err.err (D:\桌面資料\暫存\SubTrack\node_modules\gensync\index.js:223:11)
    at D:\桌面資料\暫存\SubTrack\node_modules\gensync\index.js:189:28
    at D:\桌面資料\暫存\SubTrack\node_modules\@babel\core\lib\gensync-utils\async.js:67:7
    at D:\桌面資料\暫存\SubTrack\node_modules\gensync\index.js:113:33
    at step (D:\桌面資料\暫存\SubTrack\node_modules\gensync\index.js:287:14)
    at D:\桌面資料\暫存\SubTrack\node_modules\gensync\index.js:273:13
    at async.call.result.err.err (D:\桌面資料\暫存\SubTrack\node_modules\gensync\index.js:223:11)
    at D:\桌面資料\暫存\SubTrack\node_modules\gensync\index.js:37:40
    at process.processTicksAndRejections (node:internal/process/task_queues:103:5)
Failed to collect coverage from D:\桌面資料\暫存\SubTrack\src\utils\valueConverter.ts
ERROR: Cannot find package 'babel-preset-expo' imported from D:\桌面資料\暫存\SubTrack\babel-virtual-resolve-base.js
STACK: Error: Cannot find package 'babel-preset-expo' imported from D:\桌面資料\暫存\SubTrack\babel-virtual-resolve-base.js
    at __node_internal_ (D:\桌面資料\暫存\SubTrack\node_modules\@babel\core\lib\vendor\import-meta-resolve.js:224:9)
    at new NodeError (D:\桌面資料\暫存\SubTrack\node_modules\@babel\core\lib\vendor\import-meta-resolve.js:194:5)
    at packageResolve (D:\桌面資料\暫存\SubTrack\node_modules\@babel\core\lib\vendor\import-meta-resolve.js:898:9)
    at moduleResolve (D:\桌面資料\暫存\SubTrack\node_modules\@babel\core\lib\vendor\import-meta-resolve.js:938:18)
    at defaultResolve (D:\桌面資料\暫存\SubTrack\node_modules\@babel\core\lib\vendor\import-meta-resolve.js:1016:15)
    at resolve (D:\桌面資料\暫存\SubTrack\node_modules\@babel\core\lib\vendor\import-meta-resolve.js:1029:12)
    at tryImportMetaResolve (D:\桌面資料\暫存\SubTrack\node_modules\@babel\core\lib\config\files\plugins.js:149:45)
    at resolveStandardizedNameForImport (D:\桌面資料\暫存\SubTrack\node_modules\@babel\core\lib\config\files\plugins.js:174:19)
    at resolveStandardizedName (D:\桌面資料\暫存\SubTrack\node_modules\@babel\core\lib\config\files\plugins.js:186:22)
    at loadPreset (D:\桌面資料\暫存\SubTrack\node_modules\@babel\core\lib\config\files\plugins.js:68:7)
    at loadPreset.next (<anonymous>)
    at createDescriptor (D:\桌面資料\暫存\SubTrack\node_modules\@babel\core\lib\config\config-descriptors.js:140:16)
    at createDescriptor.next (<anonymous>)
    at step (D:\桌面資料\暫存\SubTrack\node_modules\gensync\index.js:261:32)
    at evaluateAsync (D:\桌面資料\暫存\SubTrack\node_modules\gensync\index.js:291:5)
    at D:\桌面資料\暫存\SubTrack\node_modules\gensync\index.js:44:11
    at Array.forEach (<anonymous>)
    at gensync.async (D:\桌面資料\暫存\SubTrack\node_modules\gensync\index.js:43:15)
    at gensync.all (D:\桌面資料\暫存\SubTrack\node_modules\gensync\index.js:216:13)
    at Generator.next (<anonymous>)
    at createDescriptors (D:\桌面資料\暫存\SubTrack\node_modules\@babel\core\lib\config\config-descriptors.js:102:41)
    at createDescriptors.next (<anonymous>)
    at createPresetDescriptors (D:\桌面資料\暫存\SubTrack\node_modules\@babel\core\lib\config\config-descriptors.js:96:17)
    at createPresetDescriptors.next (<anonymous>)
    at D:\桌面資料\暫存\SubTrack\node_modules\@babel\core\lib\gensync-utils\functional.js:39:27
    at Generator.next (<anonymous>)
    at mergeChainOpts (D:\桌面資料\暫存\SubTrack\node_modules\@babel\core\lib\config\config-chain.js:350:34)
    at mergeChainOpts.next (<anonymous>)
    at chainWalker (D:\桌面資料\暫存\SubTrack\node_modules\@babel\core\lib\config\config-chain.js:316:14)
    at chainWalker.next (<anonymous>)
    at loadFileChain (D:\桌面資料\暫存\SubTrack\node_modules\@babel\core\lib\config\config-chain.js:191:24)
    at loadFileChain.next (<anonymous>)
    at buildRootChain (D:\桌面資料\暫存\SubTrack\node_modules\@babel\core\lib\config\config-chain.js:77:27)
    at buildRootChain.next (<anonymous>)
    at loadPrivatePartialConfig (D:\桌面資料\暫存\SubTrack\node_modules\@babel\core\lib\config\partial.js:72:62)
    at loadPrivatePartialConfig.next (<anonymous>)
    at loadPartialConfig (D:\桌面資料\暫存\SubTrack\node_modules\@babel\core\lib\config\partial.js:115:25)
    at loadPartialConfig.next (<anonymous>)
    at step (D:\桌面資料\暫存\SubTrack\node_modules\gensync\index.js:269:25)
    at D:\桌面資料\暫存\SubTrack\node_modules\gensync\index.js:273:13
    at async.call.result.err.err (D:\桌面資料\暫存\SubTrack\node_modules\gensync\index.js:223:11)
    at D:\桌面資料\暫存\SubTrack\node_modules\gensync\index.js:189:28
    at D:\桌面資料\暫存\SubTrack\node_modules\@babel\core\lib\gensync-utils\async.js:67:7
    at D:\桌面資料\暫存\SubTrack\node_modules\gensync\index.js:113:33
    at step (D:\桌面資料\暫存\SubTrack\node_modules\gensync\index.js:287:14)
    at D:\桌面資料\暫存\SubTrack\node_modules\gensync\index.js:273:13
    at async.call.result.err.err (D:\桌面資料\暫存\SubTrack\node_modules\gensync\index.js:223:11)
    at D:\桌面資料\暫存\SubTrack\node_modules\gensync\index.js:37:40
    at process.processTicksAndRejections (node:internal/process/task_queues:103:5)
Failed to collect coverage from D:\桌面資料\暫存\SubTrack\src\components\subscription\ReminderSettings.tsx
ERROR: Cannot find package 'babel-preset-expo' imported from D:\桌面資料\暫存\SubTrack\babel-virtual-resolve-base.js
STACK: Error: Cannot find package 'babel-preset-expo' imported from D:\桌面資料\暫存\SubTrack\babel-virtual-resolve-base.js
    at __node_internal_ (D:\桌面資料\暫存\SubTrack\node_modules\@babel\core\lib\vendor\import-meta-resolve.js:224:9)
    at new NodeError (D:\桌面資料\暫存\SubTrack\node_modules\@babel\core\lib\vendor\import-meta-resolve.js:194:5)
    at packageResolve (D:\桌面資料\暫存\SubTrack\node_modules\@babel\core\lib\vendor\import-meta-resolve.js:898:9)
    at moduleResolve (D:\桌面資料\暫存\SubTrack\node_modules\@babel\core\lib\vendor\import-meta-resolve.js:938:18)
    at defaultResolve (D:\桌面資料\暫存\SubTrack\node_modules\@babel\core\lib\vendor\import-meta-resolve.js:1016:15)
    at resolve (D:\桌面資料\暫存\SubTrack\node_modules\@babel\core\lib\vendor\import-meta-resolve.js:1029:12)
    at tryImportMetaResolve (D:\桌面資料\暫存\SubTrack\node_modules\@babel\core\lib\config\files\plugins.js:149:45)
    at resolveStandardizedNameForImport (D:\桌面資料\暫存\SubTrack\node_modules\@babel\core\lib\config\files\plugins.js:174:19)
    at resolveStandardizedName (D:\桌面資料\暫存\SubTrack\node_modules\@babel\core\lib\config\files\plugins.js:186:22)
    at loadPreset (D:\桌面資料\暫存\SubTrack\node_modules\@babel\core\lib\config\files\plugins.js:68:7)
    at loadPreset.next (<anonymous>)
    at createDescriptor (D:\桌面資料\暫存\SubTrack\node_modules\@babel\core\lib\config\config-descriptors.js:140:16)
    at createDescriptor.next (<anonymous>)
    at step (D:\桌面資料\暫存\SubTrack\node_modules\gensync\index.js:261:32)
    at evaluateAsync (D:\桌面資料\暫存\SubTrack\node_modules\gensync\index.js:291:5)
    at D:\桌面資料\暫存\SubTrack\node_modules\gensync\index.js:44:11
    at Array.forEach (<anonymous>)
    at gensync.async (D:\桌面資料\暫存\SubTrack\node_modules\gensync\index.js:43:15)
    at gensync.all (D:\桌面資料\暫存\SubTrack\node_modules\gensync\index.js:216:13)
    at Generator.next (<anonymous>)
    at createDescriptors (D:\桌面資料\暫存\SubTrack\node_modules\@babel\core\lib\config\config-descriptors.js:102:41)
    at createDescriptors.next (<anonymous>)
    at createPresetDescriptors (D:\桌面資料\暫存\SubTrack\node_modules\@babel\core\lib\config\config-descriptors.js:96:17)
    at createPresetDescriptors.next (<anonymous>)
    at D:\桌面資料\暫存\SubTrack\node_modules\@babel\core\lib\gensync-utils\functional.js:39:27
    at Generator.next (<anonymous>)
    at mergeChainOpts (D:\桌面資料\暫存\SubTrack\node_modules\@babel\core\lib\config\config-chain.js:350:34)
    at mergeChainOpts.next (<anonymous>)
    at chainWalker (D:\桌面資料\暫存\SubTrack\node_modules\@babel\core\lib\config\config-chain.js:316:14)
    at chainWalker.next (<anonymous>)
    at loadFileChain (D:\桌面資料\暫存\SubTrack\node_modules\@babel\core\lib\config\config-chain.js:191:24)
    at loadFileChain.next (<anonymous>)
    at buildRootChain (D:\桌面資料\暫存\SubTrack\node_modules\@babel\core\lib\config\config-chain.js:77:27)
    at buildRootChain.next (<anonymous>)
    at loadPrivatePartialConfig (D:\桌面資料\暫存\SubTrack\node_modules\@babel\core\lib\config\partial.js:72:62)
    at loadPrivatePartialConfig.next (<anonymous>)
    at loadPartialConfig (D:\桌面資料\暫存\SubTrack\node_modules\@babel\core\lib\config\partial.js:115:25)
    at loadPartialConfig.next (<anonymous>)
    at step (D:\桌面資料\暫存\SubTrack\node_modules\gensync\index.js:269:25)
    at D:\桌面資料\暫存\SubTrack\node_modules\gensync\index.js:273:13
    at async.call.result.err.err (D:\桌面資料\暫存\SubTrack\node_modules\gensync\index.js:223:11)
    at D:\桌面資料\暫存\SubTrack\node_modules\gensync\index.js:189:28
    at D:\桌面資料\暫存\SubTrack\node_modules\@babel\core\lib\gensync-utils\async.js:67:7
    at D:\桌面資料\暫存\SubTrack\node_modules\gensync\index.js:113:33
    at step (D:\桌面資料\暫存\SubTrack\node_modules\gensync\index.js:287:14)
    at D:\桌面資料\暫存\SubTrack\node_modules\gensync\index.js:273:13
    at async.call.result.err.err (D:\桌面資料\暫存\SubTrack\node_modules\gensync\index.js:223:11)
    at D:\桌面資料\暫存\SubTrack\node_modules\gensync\index.js:37:40
    at process.processTicksAndRejections (node:internal/process/task_queues:103:5)
Failed to collect coverage from D:\桌面資料\暫存\SubTrack\src\components\charts\SkiaBarChart.tsx
ERROR: Cannot find package 'babel-preset-expo' imported from D:\桌面資料\暫存\SubTrack\babel-virtual-resolve-base.js
STACK: Error: Cannot find package 'babel-preset-expo' imported from D:\桌面資料\暫存\SubTrack\babel-virtual-resolve-base.js
    at __node_internal_ (D:\桌面資料\暫存\SubTrack\node_modules\@babel\core\lib\vendor\import-meta-resolve.js:224:9)
    at new NodeError (D:\桌面資料\暫存\SubTrack\node_modules\@babel\core\lib\vendor\import-meta-resolve.js:194:5)
    at packageResolve (D:\桌面資料\暫存\SubTrack\node_modules\@babel\core\lib\vendor\import-meta-resolve.js:898:9)
    at moduleResolve (D:\桌面資料\暫存\SubTrack\node_modules\@babel\core\lib\vendor\import-meta-resolve.js:938:18)
    at defaultResolve (D:\桌面資料\暫存\SubTrack\node_modules\@babel\core\lib\vendor\import-meta-resolve.js:1016:15)
    at resolve (D:\桌面資料\暫存\SubTrack\node_modules\@babel\core\lib\vendor\import-meta-resolve.js:1029:12)
    at tryImportMetaResolve (D:\桌面資料\暫存\SubTrack\node_modules\@babel\core\lib\config\files\plugins.js:149:45)
    at resolveStandardizedNameForImport (D:\桌面資料\暫存\SubTrack\node_modules\@babel\core\lib\config\files\plugins.js:174:19)
    at resolveStandardizedName (D:\桌面資料\暫存\SubTrack\node_modules\@babel\core\lib\config\files\plugins.js:186:22)
    at loadPreset (D:\桌面資料\暫存\SubTrack\node_modules\@babel\core\lib\config\files\plugins.js:68:7)
    at loadPreset.next (<anonymous>)
    at createDescriptor (D:\桌面資料\暫存\SubTrack\node_modules\@babel\core\lib\config\config-descriptors.js:140:16)
    at createDescriptor.next (<anonymous>)
    at step (D:\桌面資料\暫存\SubTrack\node_modules\gensync\index.js:261:32)
    at evaluateAsync (D:\桌面資料\暫存\SubTrack\node_modules\gensync\index.js:291:5)
    at D:\桌面資料\暫存\SubTrack\node_modules\gensync\index.js:44:11
    at Array.forEach (<anonymous>)
    at gensync.async (D:\桌面資料\暫存\SubTrack\node_modules\gensync\index.js:43:15)
    at gensync.all (D:\桌面資料\暫存\SubTrack\node_modules\gensync\index.js:216:13)
    at Generator.next (<anonymous>)
    at createDescriptors (D:\桌面資料\暫存\SubTrack\node_modules\@babel\core\lib\config\config-descriptors.js:102:41)
    at createDescriptors.next (<anonymous>)
    at createPresetDescriptors (D:\桌面資料\暫存\SubTrack\node_modules\@babel\core\lib\config\config-descriptors.js:96:17)
    at createPresetDescriptors.next (<anonymous>)
    at D:\桌面資料\暫存\SubTrack\node_modules\@babel\core\lib\gensync-utils\functional.js:39:27
    at Generator.next (<anonymous>)
    at mergeChainOpts (D:\桌面資料\暫存\SubTrack\node_modules\@babel\core\lib\config\config-chain.js:350:34)
    at mergeChainOpts.next (<anonymous>)
    at chainWalker (D:\桌面資料\暫存\SubTrack\node_modules\@babel\core\lib\config\config-chain.js:316:14)
    at chainWalker.next (<anonymous>)
    at loadFileChain (D:\桌面資料\暫存\SubTrack\node_modules\@babel\core\lib\config\config-chain.js:191:24)
    at loadFileChain.next (<anonymous>)
    at buildRootChain (D:\桌面資料\暫存\SubTrack\node_modules\@babel\core\lib\config\config-chain.js:77:27)
    at buildRootChain.next (<anonymous>)
    at loadPrivatePartialConfig (D:\桌面資料\暫存\SubTrack\node_modules\@babel\core\lib\config\partial.js:72:62)
    at loadPrivatePartialConfig.next (<anonymous>)
    at loadPartialConfig (D:\桌面資料\暫存\SubTrack\node_modules\@babel\core\lib\config\partial.js:115:25)
    at loadPartialConfig.next (<anonymous>)
    at step (D:\桌面資料\暫存\SubTrack\node_modules\gensync\index.js:269:25)
    at D:\桌面資料\暫存\SubTrack\node_modules\gensync\index.js:273:13
    at async.call.result.err.err (D:\桌面資料\暫存\SubTrack\node_modules\gensync\index.js:223:11)
    at D:\桌面資料\暫存\SubTrack\node_modules\gensync\index.js:189:28
    at D:\桌面資料\暫存\SubTrack\node_modules\@babel\core\lib\gensync-utils\async.js:67:7
    at D:\桌面資料\暫存\SubTrack\node_modules\gensync\index.js:113:33
    at step (D:\桌面資料\暫存\SubTrack\node_modules\gensync\index.js:287:14)
    at D:\桌面資料\暫存\SubTrack\node_modules\gensync\index.js:273:13
    at async.call.result.err.err (D:\桌面資料\暫存\SubTrack\node_modules\gensync\index.js:223:11)
    at D:\桌面資料\暫存\SubTrack\node_modules\gensync\index.js:37:40
    at process.processTicksAndRejections (node:internal/process/task_queues:103:5)
Failed to collect coverage from D:\桌面資料\暫存\SubTrack\src\components\subscription\CategorySelector.tsx
ERROR: Cannot find package 'babel-preset-expo' imported from D:\桌面資料\暫存\SubTrack\babel-virtual-resolve-base.js
STACK: Error: Cannot find package 'babel-preset-expo' imported from D:\桌面資料\暫存\SubTrack\babel-virtual-resolve-base.js
    at __node_internal_ (D:\桌面資料\暫存\SubTrack\node_modules\@babel\core\lib\vendor\import-meta-resolve.js:224:9)
    at new NodeError (D:\桌面資料\暫存\SubTrack\node_modules\@babel\core\lib\vendor\import-meta-resolve.js:194:5)
    at packageResolve (D:\桌面資料\暫存\SubTrack\node_modules\@babel\core\lib\vendor\import-meta-resolve.js:898:9)
    at moduleResolve (D:\桌面資料\暫存\SubTrack\node_modules\@babel\core\lib\vendor\import-meta-resolve.js:938:18)
    at defaultResolve (D:\桌面資料\暫存\SubTrack\node_modules\@babel\core\lib\vendor\import-meta-resolve.js:1016:15)
    at resolve (D:\桌面資料\暫存\SubTrack\node_modules\@babel\core\lib\vendor\import-meta-resolve.js:1029:12)
    at tryImportMetaResolve (D:\桌面資料\暫存\SubTrack\node_modules\@babel\core\lib\config\files\plugins.js:149:45)
    at resolveStandardizedNameForImport (D:\桌面資料\暫存\SubTrack\node_modules\@babel\core\lib\config\files\plugins.js:174:19)
    at resolveStandardizedName (D:\桌面資料\暫存\SubTrack\node_modules\@babel\core\lib\config\files\plugins.js:186:22)
    at loadPreset (D:\桌面資料\暫存\SubTrack\node_modules\@babel\core\lib\config\files\plugins.js:68:7)
    at loadPreset.next (<anonymous>)
    at createDescriptor (D:\桌面資料\暫存\SubTrack\node_modules\@babel\core\lib\config\config-descriptors.js:140:16)
    at createDescriptor.next (<anonymous>)
    at step (D:\桌面資料\暫存\SubTrack\node_modules\gensync\index.js:261:32)
    at evaluateAsync (D:\桌面資料\暫存\SubTrack\node_modules\gensync\index.js:291:5)
    at D:\桌面資料\暫存\SubTrack\node_modules\gensync\index.js:44:11
    at Array.forEach (<anonymous>)
    at gensync.async (D:\桌面資料\暫存\SubTrack\node_modules\gensync\index.js:43:15)
    at gensync.all (D:\桌面資料\暫存\SubTrack\node_modules\gensync\index.js:216:13)
    at Generator.next (<anonymous>)
    at createDescriptors (D:\桌面資料\暫存\SubTrack\node_modules\@babel\core\lib\config\config-descriptors.js:102:41)
    at createDescriptors.next (<anonymous>)
    at createPresetDescriptors (D:\桌面資料\暫存\SubTrack\node_modules\@babel\core\lib\config\config-descriptors.js:96:17)
    at createPresetDescriptors.next (<anonymous>)
    at D:\桌面資料\暫存\SubTrack\node_modules\@babel\core\lib\gensync-utils\functional.js:39:27
    at Generator.next (<anonymous>)
    at mergeChainOpts (D:\桌面資料\暫存\SubTrack\node_modules\@babel\core\lib\config\config-chain.js:350:34)
    at mergeChainOpts.next (<anonymous>)
    at chainWalker (D:\桌面資料\暫存\SubTrack\node_modules\@babel\core\lib\config\config-chain.js:316:14)
    at chainWalker.next (<anonymous>)
    at loadFileChain (D:\桌面資料\暫存\SubTrack\node_modules\@babel\core\lib\config\config-chain.js:191:24)
    at loadFileChain.next (<anonymous>)
    at buildRootChain (D:\桌面資料\暫存\SubTrack\node_modules\@babel\core\lib\config\config-chain.js:77:27)
    at buildRootChain.next (<anonymous>)
    at loadPrivatePartialConfig (D:\桌面資料\暫存\SubTrack\node_modules\@babel\core\lib\config\partial.js:72:62)
    at loadPrivatePartialConfig.next (<anonymous>)
    at loadPartialConfig (D:\桌面資料\暫存\SubTrack\node_modules\@babel\core\lib\config\partial.js:115:25)
    at loadPartialConfig.next (<anonymous>)
    at step (D:\桌面資料\暫存\SubTrack\node_modules\gensync\index.js:269:25)
    at D:\桌面資料\暫存\SubTrack\node_modules\gensync\index.js:273:13
    at async.call.result.err.err (D:\桌面資料\暫存\SubTrack\node_modules\gensync\index.js:223:11)
    at D:\桌面資料\暫存\SubTrack\node_modules\gensync\index.js:189:28
    at D:\桌面資料\暫存\SubTrack\node_modules\@babel\core\lib\gensync-utils\async.js:67:7
    at D:\桌面資料\暫存\SubTrack\node_modules\gensync\index.js:113:33
    at step (D:\桌面資料\暫存\SubTrack\node_modules\gensync\index.js:287:14)
    at D:\桌面資料\暫存\SubTrack\node_modules\gensync\index.js:273:13
    at async.call.result.err.err (D:\桌面資料\暫存\SubTrack\node_modules\gensync\index.js:223:11)
    at D:\桌面資料\暫存\SubTrack\node_modules\gensync\index.js:37:40
    at process.processTicksAndRejections (node:internal/process/task_queues:103:5)
Failed to collect coverage from D:\桌面資料\暫存\SubTrack\src\components\settings\AboutSection.tsx
ERROR: Cannot find package 'babel-preset-expo' imported from D:\桌面資料\暫存\SubTrack\babel-virtual-resolve-base.js
STACK: Error: Cannot find package 'babel-preset-expo' imported from D:\桌面資料\暫存\SubTrack\babel-virtual-resolve-base.js
    at __node_internal_ (D:\桌面資料\暫存\SubTrack\node_modules\@babel\core\lib\vendor\import-meta-resolve.js:224:9)
    at new NodeError (D:\桌面資料\暫存\SubTrack\node_modules\@babel\core\lib\vendor\import-meta-resolve.js:194:5)
    at packageResolve (D:\桌面資料\暫存\SubTrack\node_modules\@babel\core\lib\vendor\import-meta-resolve.js:898:9)
    at moduleResolve (D:\桌面資料\暫存\SubTrack\node_modules\@babel\core\lib\vendor\import-meta-resolve.js:938:18)
    at defaultResolve (D:\桌面資料\暫存\SubTrack\node_modules\@babel\core\lib\vendor\import-meta-resolve.js:1016:15)
    at resolve (D:\桌面資料\暫存\SubTrack\node_modules\@babel\core\lib\vendor\import-meta-resolve.js:1029:12)
    at tryImportMetaResolve (D:\桌面資料\暫存\SubTrack\node_modules\@babel\core\lib\config\files\plugins.js:149:45)
    at resolveStandardizedNameForImport (D:\桌面資料\暫存\SubTrack\node_modules\@babel\core\lib\config\files\plugins.js:174:19)
    at resolveStandardizedName (D:\桌面資料\暫存\SubTrack\node_modules\@babel\core\lib\config\files\plugins.js:186:22)
    at loadPreset (D:\桌面資料\暫存\SubTrack\node_modules\@babel\core\lib\config\files\plugins.js:68:7)
    at loadPreset.next (<anonymous>)
    at createDescriptor (D:\桌面資料\暫存\SubTrack\node_modules\@babel\core\lib\config\config-descriptors.js:140:16)
    at createDescriptor.next (<anonymous>)
    at step (D:\桌面資料\暫存\SubTrack\node_modules\gensync\index.js:261:32)
    at evaluateAsync (D:\桌面資料\暫存\SubTrack\node_modules\gensync\index.js:291:5)
    at D:\桌面資料\暫存\SubTrack\node_modules\gensync\index.js:44:11
    at Array.forEach (<anonymous>)
    at gensync.async (D:\桌面資料\暫存\SubTrack\node_modules\gensync\index.js:43:15)
    at gensync.all (D:\桌面資料\暫存\SubTrack\node_modules\gensync\index.js:216:13)
    at Generator.next (<anonymous>)
    at createDescriptors (D:\桌面資料\暫存\SubTrack\node_modules\@babel\core\lib\config\config-descriptors.js:102:41)
    at createDescriptors.next (<anonymous>)
    at createPresetDescriptors (D:\桌面資料\暫存\SubTrack\node_modules\@babel\core\lib\config\config-descriptors.js:96:17)
    at createPresetDescriptors.next (<anonymous>)
    at D:\桌面資料\暫存\SubTrack\node_modules\@babel\core\lib\gensync-utils\functional.js:39:27
    at Generator.next (<anonymous>)
    at mergeChainOpts (D:\桌面資料\暫存\SubTrack\node_modules\@babel\core\lib\config\config-chain.js:350:34)
    at mergeChainOpts.next (<anonymous>)
    at chainWalker (D:\桌面資料\暫存\SubTrack\node_modules\@babel\core\lib\config\config-chain.js:316:14)
    at chainWalker.next (<anonymous>)
    at loadFileChain (D:\桌面資料\暫存\SubTrack\node_modules\@babel\core\lib\config\config-chain.js:191:24)
    at loadFileChain.next (<anonymous>)
    at buildRootChain (D:\桌面資料\暫存\SubTrack\node_modules\@babel\core\lib\config\config-chain.js:77:27)
    at buildRootChain.next (<anonymous>)
    at loadPrivatePartialConfig (D:\桌面資料\暫存\SubTrack\node_modules\@babel\core\lib\config\partial.js:72:62)
    at loadPrivatePartialConfig.next (<anonymous>)
    at loadPartialConfig (D:\桌面資料\暫存\SubTrack\node_modules\@babel\core\lib\config\partial.js:115:25)
    at loadPartialConfig.next (<anonymous>)
    at step (D:\桌面資料\暫存\SubTrack\node_modules\gensync\index.js:269:25)
    at D:\桌面資料\暫存\SubTrack\node_modules\gensync\index.js:273:13
    at async.call.result.err.err (D:\桌面資料\暫存\SubTrack\node_modules\gensync\index.js:223:11)
    at D:\桌面資料\暫存\SubTrack\node_modules\gensync\index.js:189:28
    at D:\桌面資料\暫存\SubTrack\node_modules\@babel\core\lib\gensync-utils\async.js:67:7
    at D:\桌面資料\暫存\SubTrack\node_modules\gensync\index.js:113:33
    at step (D:\桌面資料\暫存\SubTrack\node_modules\gensync\index.js:287:14)
    at D:\桌面資料\暫存\SubTrack\node_modules\gensync\index.js:273:13
    at async.call.result.err.err (D:\桌面資料\暫存\SubTrack\node_modules\gensync\index.js:223:11)
    at D:\桌面資料\暫存\SubTrack\node_modules\gensync\index.js:37:40
    at process.processTicksAndRejections (node:internal/process/task_queues:103:5)
Failed to collect coverage from D:\桌面資料\暫存\SubTrack\src\components\settings\CurrencySettings.tsx
ERROR: Cannot find package 'babel-preset-expo' imported from D:\桌面資料\暫存\SubTrack\babel-virtual-resolve-base.js
STACK: Error: Cannot find package 'babel-preset-expo' imported from D:\桌面資料\暫存\SubTrack\babel-virtual-resolve-base.js
    at __node_internal_ (D:\桌面資料\暫存\SubTrack\node_modules\@babel\core\lib\vendor\import-meta-resolve.js:224:9)
    at new NodeError (D:\桌面資料\暫存\SubTrack\node_modules\@babel\core\lib\vendor\import-meta-resolve.js:194:5)
    at packageResolve (D:\桌面資料\暫存\SubTrack\node_modules\@babel\core\lib\vendor\import-meta-resolve.js:898:9)
    at moduleResolve (D:\桌面資料\暫存\SubTrack\node_modules\@babel\core\lib\vendor\import-meta-resolve.js:938:18)
    at defaultResolve (D:\桌面資料\暫存\SubTrack\node_modules\@babel\core\lib\vendor\import-meta-resolve.js:1016:15)
    at resolve (D:\桌面資料\暫存\SubTrack\node_modules\@babel\core\lib\vendor\import-meta-resolve.js:1029:12)
    at tryImportMetaResolve (D:\桌面資料\暫存\SubTrack\node_modules\@babel\core\lib\config\files\plugins.js:149:45)
    at resolveStandardizedNameForImport (D:\桌面資料\暫存\SubTrack\node_modules\@babel\core\lib\config\files\plugins.js:174:19)
    at resolveStandardizedName (D:\桌面資料\暫存\SubTrack\node_modules\@babel\core\lib\config\files\plugins.js:186:22)
    at loadPreset (D:\桌面資料\暫存\SubTrack\node_modules\@babel\core\lib\config\files\plugins.js:68:7)
    at loadPreset.next (<anonymous>)
    at createDescriptor (D:\桌面資料\暫存\SubTrack\node_modules\@babel\core\lib\config\config-descriptors.js:140:16)
    at createDescriptor.next (<anonymous>)
    at step (D:\桌面資料\暫存\SubTrack\node_modules\gensync\index.js:261:32)
    at evaluateAsync (D:\桌面資料\暫存\SubTrack\node_modules\gensync\index.js:291:5)
    at D:\桌面資料\暫存\SubTrack\node_modules\gensync\index.js:44:11
    at Array.forEach (<anonymous>)
    at gensync.async (D:\桌面資料\暫存\SubTrack\node_modules\gensync\index.js:43:15)
    at gensync.all (D:\桌面資料\暫存\SubTrack\node_modules\gensync\index.js:216:13)
    at Generator.next (<anonymous>)
    at createDescriptors (D:\桌面資料\暫存\SubTrack\node_modules\@babel\core\lib\config\config-descriptors.js:102:41)
    at createDescriptors.next (<anonymous>)
    at createPresetDescriptors (D:\桌面資料\暫存\SubTrack\node_modules\@babel\core\lib\config\config-descriptors.js:96:17)
    at createPresetDescriptors.next (<anonymous>)
    at D:\桌面資料\暫存\SubTrack\node_modules\@babel\core\lib\gensync-utils\functional.js:39:27
    at Generator.next (<anonymous>)
    at mergeChainOpts (D:\桌面資料\暫存\SubTrack\node_modules\@babel\core\lib\config\config-chain.js:350:34)
    at mergeChainOpts.next (<anonymous>)
    at chainWalker (D:\桌面資料\暫存\SubTrack\node_modules\@babel\core\lib\config\config-chain.js:316:14)
    at chainWalker.next (<anonymous>)
    at loadFileChain (D:\桌面資料\暫存\SubTrack\node_modules\@babel\core\lib\config\config-chain.js:191:24)
    at loadFileChain.next (<anonymous>)
    at buildRootChain (D:\桌面資料\暫存\SubTrack\node_modules\@babel\core\lib\config\config-chain.js:77:27)
    at buildRootChain.next (<anonymous>)
    at loadPrivatePartialConfig (D:\桌面資料\暫存\SubTrack\node_modules\@babel\core\lib\config\partial.js:72:62)
    at loadPrivatePartialConfig.next (<anonymous>)
    at loadPartialConfig (D:\桌面資料\暫存\SubTrack\node_modules\@babel\core\lib\config\partial.js:115:25)
    at loadPartialConfig.next (<anonymous>)
    at step (D:\桌面資料\暫存\SubTrack\node_modules\gensync\index.js:269:25)
    at D:\桌面資料\暫存\SubTrack\node_modules\gensync\index.js:273:13
    at async.call.result.err.err (D:\桌面資料\暫存\SubTrack\node_modules\gensync\index.js:223:11)
    at D:\桌面資料\暫存\SubTrack\node_modules\gensync\index.js:189:28
    at D:\桌面資料\暫存\SubTrack\node_modules\@babel\core\lib\gensync-utils\async.js:67:7
    at D:\桌面資料\暫存\SubTrack\node_modules\gensync\index.js:113:33
    at step (D:\桌面資料\暫存\SubTrack\node_modules\gensync\index.js:287:14)
    at D:\桌面資料\暫存\SubTrack\node_modules\gensync\index.js:273:13
    at async.call.result.err.err (D:\桌面資料\暫存\SubTrack\node_modules\gensync\index.js:223:11)
    at D:\桌面資料\暫存\SubTrack\node_modules\gensync\index.js:37:40
    at process.processTicksAndRejections (node:internal/process/task_queues:103:5)
Failed to collect coverage from D:\桌面資料\暫存\SubTrack\src\components\settings\DataManagement.tsx
ERROR: Cannot find package 'babel-preset-expo' imported from D:\桌面資料\暫存\SubTrack\babel-virtual-resolve-base.js
STACK: Error: Cannot find package 'babel-preset-expo' imported from D:\桌面資料\暫存\SubTrack\babel-virtual-resolve-base.js
    at __node_internal_ (D:\桌面資料\暫存\SubTrack\node_modules\@babel\core\lib\vendor\import-meta-resolve.js:224:9)
    at new NodeError (D:\桌面資料\暫存\SubTrack\node_modules\@babel\core\lib\vendor\import-meta-resolve.js:194:5)
    at packageResolve (D:\桌面資料\暫存\SubTrack\node_modules\@babel\core\lib\vendor\import-meta-resolve.js:898:9)
    at moduleResolve (D:\桌面資料\暫存\SubTrack\node_modules\@babel\core\lib\vendor\import-meta-resolve.js:938:18)
    at defaultResolve (D:\桌面資料\暫存\SubTrack\node_modules\@babel\core\lib\vendor\import-meta-resolve.js:1016:15)
    at resolve (D:\桌面資料\暫存\SubTrack\node_modules\@babel\core\lib\vendor\import-meta-resolve.js:1029:12)
    at tryImportMetaResolve (D:\桌面資料\暫存\SubTrack\node_modules\@babel\core\lib\config\files\plugins.js:149:45)
    at resolveStandardizedNameForImport (D:\桌面資料\暫存\SubTrack\node_modules\@babel\core\lib\config\files\plugins.js:174:19)
    at resolveStandardizedName (D:\桌面資料\暫存\SubTrack\node_modules\@babel\core\lib\config\files\plugins.js:186:22)
    at loadPreset (D:\桌面資料\暫存\SubTrack\node_modules\@babel\core\lib\config\files\plugins.js:68:7)
    at loadPreset.next (<anonymous>)
    at createDescriptor (D:\桌面資料\暫存\SubTrack\node_modules\@babel\core\lib\config\config-descriptors.js:140:16)
    at createDescriptor.next (<anonymous>)
    at step (D:\桌面資料\暫存\SubTrack\node_modules\gensync\index.js:261:32)
    at evaluateAsync (D:\桌面資料\暫存\SubTrack\node_modules\gensync\index.js:291:5)
    at D:\桌面資料\暫存\SubTrack\node_modules\gensync\index.js:44:11
    at Array.forEach (<anonymous>)
    at gensync.async (D:\桌面資料\暫存\SubTrack\node_modules\gensync\index.js:43:15)
    at gensync.all (D:\桌面資料\暫存\SubTrack\node_modules\gensync\index.js:216:13)
    at Generator.next (<anonymous>)
    at createDescriptors (D:\桌面資料\暫存\SubTrack\node_modules\@babel\core\lib\config\config-descriptors.js:102:41)
    at createDescriptors.next (<anonymous>)
    at createPresetDescriptors (D:\桌面資料\暫存\SubTrack\node_modules\@babel\core\lib\config\config-descriptors.js:96:17)
    at createPresetDescriptors.next (<anonymous>)
    at D:\桌面資料\暫存\SubTrack\node_modules\@babel\core\lib\gensync-utils\functional.js:39:27
    at Generator.next (<anonymous>)
    at mergeChainOpts (D:\桌面資料\暫存\SubTrack\node_modules\@babel\core\lib\config\config-chain.js:350:34)
    at mergeChainOpts.next (<anonymous>)
    at chainWalker (D:\桌面資料\暫存\SubTrack\node_modules\@babel\core\lib\config\config-chain.js:316:14)
    at chainWalker.next (<anonymous>)
    at loadFileChain (D:\桌面資料\暫存\SubTrack\node_modules\@babel\core\lib\config\config-chain.js:191:24)
    at loadFileChain.next (<anonymous>)
    at buildRootChain (D:\桌面資料\暫存\SubTrack\node_modules\@babel\core\lib\config\config-chain.js:77:27)
    at buildRootChain.next (<anonymous>)
    at loadPrivatePartialConfig (D:\桌面資料\暫存\SubTrack\node_modules\@babel\core\lib\config\partial.js:72:62)
    at loadPrivatePartialConfig.next (<anonymous>)
    at loadPartialConfig (D:\桌面資料\暫存\SubTrack\node_modules\@babel\core\lib\config\partial.js:115:25)
    at loadPartialConfig.next (<anonymous>)
    at step (D:\桌面資料\暫存\SubTrack\node_modules\gensync\index.js:269:25)
    at D:\桌面資料\暫存\SubTrack\node_modules\gensync\index.js:273:13
    at async.call.result.err.err (D:\桌面資料\暫存\SubTrack\node_modules\gensync\index.js:223:11)
    at D:\桌面資料\暫存\SubTrack\node_modules\gensync\index.js:189:28
    at D:\桌面資料\暫存\SubTrack\node_modules\@babel\core\lib\gensync-utils\async.js:67:7
    at D:\桌面資料\暫存\SubTrack\node_modules\gensync\index.js:113:33
    at step (D:\桌面資料\暫存\SubTrack\node_modules\gensync\index.js:287:14)
    at D:\桌面資料\暫存\SubTrack\node_modules\gensync\index.js:273:13
    at async.call.result.err.err (D:\桌面資料\暫存\SubTrack\node_modules\gensync\index.js:223:11)
    at D:\桌面資料\暫存\SubTrack\node_modules\gensync\index.js:37:40
    at process.processTicksAndRejections (node:internal/process/task_queues:103:5)
Failed to collect coverage from D:\桌面資料\暫存\SubTrack\src\components\settings\BiometricSettings.tsx
ERROR: Cannot find package 'babel-preset-expo' imported from D:\桌面資料\暫存\SubTrack\babel-virtual-resolve-base.js
STACK: Error: Cannot find package 'babel-preset-expo' imported from D:\桌面資料\暫存\SubTrack\babel-virtual-resolve-base.js
    at __node_internal_ (D:\桌面資料\暫存\SubTrack\node_modules\@babel\core\lib\vendor\import-meta-resolve.js:224:9)
    at new NodeError (D:\桌面資料\暫存\SubTrack\node_modules\@babel\core\lib\vendor\import-meta-resolve.js:194:5)
    at packageResolve (D:\桌面資料\暫存\SubTrack\node_modules\@babel\core\lib\vendor\import-meta-resolve.js:898:9)
    at moduleResolve (D:\桌面資料\暫存\SubTrack\node_modules\@babel\core\lib\vendor\import-meta-resolve.js:938:18)
    at defaultResolve (D:\桌面資料\暫存\SubTrack\node_modules\@babel\core\lib\vendor\import-meta-resolve.js:1016:15)
    at resolve (D:\桌面資料\暫存\SubTrack\node_modules\@babel\core\lib\vendor\import-meta-resolve.js:1029:12)
    at tryImportMetaResolve (D:\桌面資料\暫存\SubTrack\node_modules\@babel\core\lib\config\files\plugins.js:149:45)
    at resolveStandardizedNameForImport (D:\桌面資料\暫存\SubTrack\node_modules\@babel\core\lib\config\files\plugins.js:174:19)
    at resolveStandardizedName (D:\桌面資料\暫存\SubTrack\node_modules\@babel\core\lib\config\files\plugins.js:186:22)
    at loadPreset (D:\桌面資料\暫存\SubTrack\node_modules\@babel\core\lib\config\files\plugins.js:68:7)
    at loadPreset.next (<anonymous>)
    at createDescriptor (D:\桌面資料\暫存\SubTrack\node_modules\@babel\core\lib\config\config-descriptors.js:140:16)
    at createDescriptor.next (<anonymous>)
    at step (D:\桌面資料\暫存\SubTrack\node_modules\gensync\index.js:261:32)
    at evaluateAsync (D:\桌面資料\暫存\SubTrack\node_modules\gensync\index.js:291:5)
    at D:\桌面資料\暫存\SubTrack\node_modules\gensync\index.js:44:11
    at Array.forEach (<anonymous>)
    at gensync.async (D:\桌面資料\暫存\SubTrack\node_modules\gensync\index.js:43:15)
    at gensync.all (D:\桌面資料\暫存\SubTrack\node_modules\gensync\index.js:216:13)
    at Generator.next (<anonymous>)
    at createDescriptors (D:\桌面資料\暫存\SubTrack\node_modules\@babel\core\lib\config\config-descriptors.js:102:41)
    at createDescriptors.next (<anonymous>)
    at createPresetDescriptors (D:\桌面資料\暫存\SubTrack\node_modules\@babel\core\lib\config\config-descriptors.js:96:17)
    at createPresetDescriptors.next (<anonymous>)
    at D:\桌面資料\暫存\SubTrack\node_modules\@babel\core\lib\gensync-utils\functional.js:39:27
    at Generator.next (<anonymous>)
    at mergeChainOpts (D:\桌面資料\暫存\SubTrack\node_modules\@babel\core\lib\config\config-chain.js:350:34)
    at mergeChainOpts.next (<anonymous>)
    at chainWalker (D:\桌面資料\暫存\SubTrack\node_modules\@babel\core\lib\config\config-chain.js:316:14)
    at chainWalker.next (<anonymous>)
    at loadFileChain (D:\桌面資料\暫存\SubTrack\node_modules\@babel\core\lib\config\config-chain.js:191:24)
    at loadFileChain.next (<anonymous>)
    at buildRootChain (D:\桌面資料\暫存\SubTrack\node_modules\@babel\core\lib\config\config-chain.js:77:27)
    at buildRootChain.next (<anonymous>)
    at loadPrivatePartialConfig (D:\桌面資料\暫存\SubTrack\node_modules\@babel\core\lib\config\partial.js:72:62)
    at loadPrivatePartialConfig.next (<anonymous>)
    at loadPartialConfig (D:\桌面資料\暫存\SubTrack\node_modules\@babel\core\lib\config\partial.js:115:25)
    at loadPartialConfig.next (<anonymous>)
    at step (D:\桌面資料\暫存\SubTrack\node_modules\gensync\index.js:269:25)
    at D:\桌面資料\暫存\SubTrack\node_modules\gensync\index.js:273:13
    at async.call.result.err.err (D:\桌面資料\暫存\SubTrack\node_modules\gensync\index.js:223:11)
    at D:\桌面資料\暫存\SubTrack\node_modules\gensync\index.js:189:28
    at D:\桌面資料\暫存\SubTrack\node_modules\@babel\core\lib\gensync-utils\async.js:67:7
    at D:\桌面資料\暫存\SubTrack\node_modules\gensync\index.js:113:33
    at step (D:\桌面資料\暫存\SubTrack\node_modules\gensync\index.js:287:14)
    at D:\桌面資料\暫存\SubTrack\node_modules\gensync\index.js:273:13
    at async.call.result.err.err (D:\桌面資料\暫存\SubTrack\node_modules\gensync\index.js:223:11)
    at D:\桌面資料\暫存\SubTrack\node_modules\gensync\index.js:37:40
    at process.processTicksAndRejections (node:internal/process/task_queues:103:5)
Failed to collect coverage from D:\桌面資料\暫存\SubTrack\src\components\settings\LanguageSettings.tsx
ERROR: Cannot find package 'babel-preset-expo' imported from D:\桌面資料\暫存\SubTrack\babel-virtual-resolve-base.js
STACK: Error: Cannot find package 'babel-preset-expo' imported from D:\桌面資料\暫存\SubTrack\babel-virtual-resolve-base.js
    at __node_internal_ (D:\桌面資料\暫存\SubTrack\node_modules\@babel\core\lib\vendor\import-meta-resolve.js:224:9)
    at new NodeError (D:\桌面資料\暫存\SubTrack\node_modules\@babel\core\lib\vendor\import-meta-resolve.js:194:5)
    at packageResolve (D:\桌面資料\暫存\SubTrack\node_modules\@babel\core\lib\vendor\import-meta-resolve.js:898:9)
    at moduleResolve (D:\桌面資料\暫存\SubTrack\node_modules\@babel\core\lib\vendor\import-meta-resolve.js:938:18)
    at defaultResolve (D:\桌面資料\暫存\SubTrack\node_modules\@babel\core\lib\vendor\import-meta-resolve.js:1016:15)
    at resolve (D:\桌面資料\暫存\SubTrack\node_modules\@babel\core\lib\vendor\import-meta-resolve.js:1029:12)
    at tryImportMetaResolve (D:\桌面資料\暫存\SubTrack\node_modules\@babel\core\lib\config\files\plugins.js:149:45)
    at resolveStandardizedNameForImport (D:\桌面資料\暫存\SubTrack\node_modules\@babel\core\lib\config\files\plugins.js:174:19)
    at resolveStandardizedName (D:\桌面資料\暫存\SubTrack\node_modules\@babel\core\lib\config\files\plugins.js:186:22)
    at loadPreset (D:\桌面資料\暫存\SubTrack\node_modules\@babel\core\lib\config\files\plugins.js:68:7)
    at loadPreset.next (<anonymous>)
    at createDescriptor (D:\桌面資料\暫存\SubTrack\node_modules\@babel\core\lib\config\config-descriptors.js:140:16)
    at createDescriptor.next (<anonymous>)
    at step (D:\桌面資料\暫存\SubTrack\node_modules\gensync\index.js:261:32)
    at evaluateAsync (D:\桌面資料\暫存\SubTrack\node_modules\gensync\index.js:291:5)
    at D:\桌面資料\暫存\SubTrack\node_modules\gensync\index.js:44:11
    at Array.forEach (<anonymous>)
    at gensync.async (D:\桌面資料\暫存\SubTrack\node_modules\gensync\index.js:43:15)
    at gensync.all (D:\桌面資料\暫存\SubTrack\node_modules\gensync\index.js:216:13)
    at Generator.next (<anonymous>)
    at createDescriptors (D:\桌面資料\暫存\SubTrack\node_modules\@babel\core\lib\config\config-descriptors.js:102:41)
    at createDescriptors.next (<anonymous>)
    at createPresetDescriptors (D:\桌面資料\暫存\SubTrack\node_modules\@babel\core\lib\config\config-descriptors.js:96:17)
    at createPresetDescriptors.next (<anonymous>)
    at D:\桌面資料\暫存\SubTrack\node_modules\@babel\core\lib\gensync-utils\functional.js:39:27
    at Generator.next (<anonymous>)
    at mergeChainOpts (D:\桌面資料\暫存\SubTrack\node_modules\@babel\core\lib\config\config-chain.js:350:34)
    at mergeChainOpts.next (<anonymous>)
    at chainWalker (D:\桌面資料\暫存\SubTrack\node_modules\@babel\core\lib\config\config-chain.js:316:14)
    at chainWalker.next (<anonymous>)
    at loadFileChain (D:\桌面資料\暫存\SubTrack\node_modules\@babel\core\lib\config\config-chain.js:191:24)
    at loadFileChain.next (<anonymous>)
    at buildRootChain (D:\桌面資料\暫存\SubTrack\node_modules\@babel\core\lib\config\config-chain.js:77:27)
    at buildRootChain.next (<anonymous>)
    at loadPrivatePartialConfig (D:\桌面資料\暫存\SubTrack\node_modules\@babel\core\lib\config\partial.js:72:62)
    at loadPrivatePartialConfig.next (<anonymous>)
    at loadPartialConfig (D:\桌面資料\暫存\SubTrack\node_modules\@babel\core\lib\config\partial.js:115:25)
    at loadPartialConfig.next (<anonymous>)
    at step (D:\桌面資料\暫存\SubTrack\node_modules\gensync\index.js:269:25)
    at D:\桌面資料\暫存\SubTrack\node_modules\gensync\index.js:273:13
    at async.call.result.err.err (D:\桌面資料\暫存\SubTrack\node_modules\gensync\index.js:223:11)
    at D:\桌面資料\暫存\SubTrack\node_modules\gensync\index.js:189:28
    at D:\桌面資料\暫存\SubTrack\node_modules\@babel\core\lib\gensync-utils\async.js:67:7
    at D:\桌面資料\暫存\SubTrack\node_modules\gensync\index.js:113:33
    at step (D:\桌面資料\暫存\SubTrack\node_modules\gensync\index.js:287:14)
    at D:\桌面資料\暫存\SubTrack\node_modules\gensync\index.js:273:13
    at async.call.result.err.err (D:\桌面資料\暫存\SubTrack\node_modules\gensync\index.js:223:11)
    at D:\桌面資料\暫存\SubTrack\node_modules\gensync\index.js:37:40
    at process.processTicksAndRejections (node:internal/process/task_queues:103:5)
Failed to collect coverage from D:\桌面資料\暫存\SubTrack\src\components\settings\SyncSettings.tsx
ERROR: Cannot find package 'babel-preset-expo' imported from D:\桌面資料\暫存\SubTrack\babel-virtual-resolve-base.js
STACK: Error: Cannot find package 'babel-preset-expo' imported from D:\桌面資料\暫存\SubTrack\babel-virtual-resolve-base.js
    at __node_internal_ (D:\桌面資料\暫存\SubTrack\node_modules\@babel\core\lib\vendor\import-meta-resolve.js:224:9)
    at new NodeError (D:\桌面資料\暫存\SubTrack\node_modules\@babel\core\lib\vendor\import-meta-resolve.js:194:5)
    at packageResolve (D:\桌面資料\暫存\SubTrack\node_modules\@babel\core\lib\vendor\import-meta-resolve.js:898:9)
    at moduleResolve (D:\桌面資料\暫存\SubTrack\node_modules\@babel\core\lib\vendor\import-meta-resolve.js:938:18)
    at defaultResolve (D:\桌面資料\暫存\SubTrack\node_modules\@babel\core\lib\vendor\import-meta-resolve.js:1016:15)
    at resolve (D:\桌面資料\暫存\SubTrack\node_modules\@babel\core\lib\vendor\import-meta-resolve.js:1029:12)
    at tryImportMetaResolve (D:\桌面資料\暫存\SubTrack\node_modules\@babel\core\lib\config\files\plugins.js:149:45)
    at resolveStandardizedNameForImport (D:\桌面資料\暫存\SubTrack\node_modules\@babel\core\lib\config\files\plugins.js:174:19)
    at resolveStandardizedName (D:\桌面資料\暫存\SubTrack\node_modules\@babel\core\lib\config\files\plugins.js:186:22)
    at loadPreset (D:\桌面資料\暫存\SubTrack\node_modules\@babel\core\lib\config\files\plugins.js:68:7)
    at loadPreset.next (<anonymous>)
    at createDescriptor (D:\桌面資料\暫存\SubTrack\node_modules\@babel\core\lib\config\config-descriptors.js:140:16)
    at createDescriptor.next (<anonymous>)
    at step (D:\桌面資料\暫存\SubTrack\node_modules\gensync\index.js:261:32)
    at evaluateAsync (D:\桌面資料\暫存\SubTrack\node_modules\gensync\index.js:291:5)
    at D:\桌面資料\暫存\SubTrack\node_modules\gensync\index.js:44:11
    at Array.forEach (<anonymous>)
    at gensync.async (D:\桌面資料\暫存\SubTrack\node_modules\gensync\index.js:43:15)
    at gensync.all (D:\桌面資料\暫存\SubTrack\node_modules\gensync\index.js:216:13)
    at Generator.next (<anonymous>)
    at createDescriptors (D:\桌面資料\暫存\SubTrack\node_modules\@babel\core\lib\config\config-descriptors.js:102:41)
    at createDescriptors.next (<anonymous>)
    at createPresetDescriptors (D:\桌面資料\暫存\SubTrack\node_modules\@babel\core\lib\config\config-descriptors.js:96:17)
    at createPresetDescriptors.next (<anonymous>)
    at D:\桌面資料\暫存\SubTrack\node_modules\@babel\core\lib\gensync-utils\functional.js:39:27
    at Generator.next (<anonymous>)
    at mergeChainOpts (D:\桌面資料\暫存\SubTrack\node_modules\@babel\core\lib\config\config-chain.js:350:34)
    at mergeChainOpts.next (<anonymous>)
    at chainWalker (D:\桌面資料\暫存\SubTrack\node_modules\@babel\core\lib\config\config-chain.js:316:14)
    at chainWalker.next (<anonymous>)
    at loadFileChain (D:\桌面資料\暫存\SubTrack\node_modules\@babel\core\lib\config\config-chain.js:191:24)
    at loadFileChain.next (<anonymous>)
    at buildRootChain (D:\桌面資料\暫存\SubTrack\node_modules\@babel\core\lib\config\config-chain.js:77:27)
    at buildRootChain.next (<anonymous>)
    at loadPrivatePartialConfig (D:\桌面資料\暫存\SubTrack\node_modules\@babel\core\lib\config\partial.js:72:62)
    at loadPrivatePartialConfig.next (<anonymous>)
    at loadPartialConfig (D:\桌面資料\暫存\SubTrack\node_modules\@babel\core\lib\config\partial.js:115:25)
    at loadPartialConfig.next (<anonymous>)
    at step (D:\桌面資料\暫存\SubTrack\node_modules\gensync\index.js:269:25)
    at D:\桌面資料\暫存\SubTrack\node_modules\gensync\index.js:273:13
    at async.call.result.err.err (D:\桌面資料\暫存\SubTrack\node_modules\gensync\index.js:223:11)
    at D:\桌面資料\暫存\SubTrack\node_modules\gensync\index.js:189:28
    at D:\桌面資料\暫存\SubTrack\node_modules\@babel\core\lib\gensync-utils\async.js:67:7
    at D:\桌面資料\暫存\SubTrack\node_modules\gensync\index.js:113:33
    at step (D:\桌面資料\暫存\SubTrack\node_modules\gensync\index.js:287:14)
    at D:\桌面資料\暫存\SubTrack\node_modules\gensync\index.js:273:13
    at async.call.result.err.err (D:\桌面資料\暫存\SubTrack\node_modules\gensync\index.js:223:11)
    at D:\桌面資料\暫存\SubTrack\node_modules\gensync\index.js:37:40
    at process.processTicksAndRejections (node:internal/process/task_queues:103:5)
Failed to collect coverage from D:\桌面資料\暫存\SubTrack\src\components\settings\NotificationSettings.tsx
ERROR: Cannot find package 'babel-preset-expo' imported from D:\桌面資料\暫存\SubTrack\babel-virtual-resolve-base.js
STACK: Error: Cannot find package 'babel-preset-expo' imported from D:\桌面資料\暫存\SubTrack\babel-virtual-resolve-base.js
    at __node_internal_ (D:\桌面資料\暫存\SubTrack\node_modules\@babel\core\lib\vendor\import-meta-resolve.js:224:9)
    at new NodeError (D:\桌面資料\暫存\SubTrack\node_modules\@babel\core\lib\vendor\import-meta-resolve.js:194:5)
    at packageResolve (D:\桌面資料\暫存\SubTrack\node_modules\@babel\core\lib\vendor\import-meta-resolve.js:898:9)
    at moduleResolve (D:\桌面資料\暫存\SubTrack\node_modules\@babel\core\lib\vendor\import-meta-resolve.js:938:18)
    at defaultResolve (D:\桌面資料\暫存\SubTrack\node_modules\@babel\core\lib\vendor\import-meta-resolve.js:1016:15)
    at resolve (D:\桌面資料\暫存\SubTrack\node_modules\@babel\core\lib\vendor\import-meta-resolve.js:1029:12)
    at tryImportMetaResolve (D:\桌面資料\暫存\SubTrack\node_modules\@babel\core\lib\config\files\plugins.js:149:45)
    at resolveStandardizedNameForImport (D:\桌面資料\暫存\SubTrack\node_modules\@babel\core\lib\config\files\plugins.js:174:19)
    at resolveStandardizedName (D:\桌面資料\暫存\SubTrack\node_modules\@babel\core\lib\config\files\plugins.js:186:22)
    at loadPreset (D:\桌面資料\暫存\SubTrack\node_modules\@babel\core\lib\config\files\plugins.js:68:7)
    at loadPreset.next (<anonymous>)
    at createDescriptor (D:\桌面資料\暫存\SubTrack\node_modules\@babel\core\lib\config\config-descriptors.js:140:16)
    at createDescriptor.next (<anonymous>)
    at step (D:\桌面資料\暫存\SubTrack\node_modules\gensync\index.js:261:32)
    at evaluateAsync (D:\桌面資料\暫存\SubTrack\node_modules\gensync\index.js:291:5)
    at D:\桌面資料\暫存\SubTrack\node_modules\gensync\index.js:44:11
    at Array.forEach (<anonymous>)
    at gensync.async (D:\桌面資料\暫存\SubTrack\node_modules\gensync\index.js:43:15)
    at gensync.all (D:\桌面資料\暫存\SubTrack\node_modules\gensync\index.js:216:13)
    at Generator.next (<anonymous>)
    at createDescriptors (D:\桌面資料\暫存\SubTrack\node_modules\@babel\core\lib\config\config-descriptors.js:102:41)
    at createDescriptors.next (<anonymous>)
    at createPresetDescriptors (D:\桌面資料\暫存\SubTrack\node_modules\@babel\core\lib\config\config-descriptors.js:96:17)
    at createPresetDescriptors.next (<anonymous>)
    at D:\桌面資料\暫存\SubTrack\node_modules\@babel\core\lib\gensync-utils\functional.js:39:27
    at Generator.next (<anonymous>)
    at mergeChainOpts (D:\桌面資料\暫存\SubTrack\node_modules\@babel\core\lib\config\config-chain.js:350:34)
    at mergeChainOpts.next (<anonymous>)
    at chainWalker (D:\桌面資料\暫存\SubTrack\node_modules\@babel\core\lib\config\config-chain.js:316:14)
    at chainWalker.next (<anonymous>)
    at loadFileChain (D:\桌面資料\暫存\SubTrack\node_modules\@babel\core\lib\config\config-chain.js:191:24)
    at loadFileChain.next (<anonymous>)
    at buildRootChain (D:\桌面資料\暫存\SubTrack\node_modules\@babel\core\lib\config\config-chain.js:77:27)
    at buildRootChain.next (<anonymous>)
    at loadPrivatePartialConfig (D:\桌面資料\暫存\SubTrack\node_modules\@babel\core\lib\config\partial.js:72:62)
    at loadPrivatePartialConfig.next (<anonymous>)
    at loadPartialConfig (D:\桌面資料\暫存\SubTrack\node_modules\@babel\core\lib\config\partial.js:115:25)
    at loadPartialConfig.next (<anonymous>)
    at step (D:\桌面資料\暫存\SubTrack\node_modules\gensync\index.js:269:25)
    at D:\桌面資料\暫存\SubTrack\node_modules\gensync\index.js:273:13
    at async.call.result.err.err (D:\桌面資料\暫存\SubTrack\node_modules\gensync\index.js:223:11)
    at D:\桌面資料\暫存\SubTrack\node_modules\gensync\index.js:189:28
    at D:\桌面資料\暫存\SubTrack\node_modules\@babel\core\lib\gensync-utils\async.js:67:7
    at D:\桌面資料\暫存\SubTrack\node_modules\gensync\index.js:113:33
    at step (D:\桌面資料\暫存\SubTrack\node_modules\gensync\index.js:287:14)
    at D:\桌面資料\暫存\SubTrack\node_modules\gensync\index.js:273:13
    at async.call.result.err.err (D:\桌面資料\暫存\SubTrack\node_modules\gensync\index.js:223:11)
    at D:\桌面資料\暫存\SubTrack\node_modules\gensync\index.js:37:40
    at process.processTicksAndRejections (node:internal/process/task_queues:103:5)
Failed to collect coverage from D:\桌面資料\暫存\SubTrack\src\components\settings\SyncDashboard.tsx
ERROR: Cannot find package 'babel-preset-expo' imported from D:\桌面資料\暫存\SubTrack\babel-virtual-resolve-base.js
STACK: Error: Cannot find package 'babel-preset-expo' imported from D:\桌面資料\暫存\SubTrack\babel-virtual-resolve-base.js
    at __node_internal_ (D:\桌面資料\暫存\SubTrack\node_modules\@babel\core\lib\vendor\import-meta-resolve.js:224:9)
    at new NodeError (D:\桌面資料\暫存\SubTrack\node_modules\@babel\core\lib\vendor\import-meta-resolve.js:194:5)
    at packageResolve (D:\桌面資料\暫存\SubTrack\node_modules\@babel\core\lib\vendor\import-meta-resolve.js:898:9)
    at moduleResolve (D:\桌面資料\暫存\SubTrack\node_modules\@babel\core\lib\vendor\import-meta-resolve.js:938:18)
    at defaultResolve (D:\桌面資料\暫存\SubTrack\node_modules\@babel\core\lib\vendor\import-meta-resolve.js:1016:15)
    at resolve (D:\桌面資料\暫存\SubTrack\node_modules\@babel\core\lib\vendor\import-meta-resolve.js:1029:12)
    at tryImportMetaResolve (D:\桌面資料\暫存\SubTrack\node_modules\@babel\core\lib\config\files\plugins.js:149:45)
    at resolveStandardizedNameForImport (D:\桌面資料\暫存\SubTrack\node_modules\@babel\core\lib\config\files\plugins.js:174:19)
    at resolveStandardizedName (D:\桌面資料\暫存\SubTrack\node_modules\@babel\core\lib\config\files\plugins.js:186:22)
    at loadPreset (D:\桌面資料\暫存\SubTrack\node_modules\@babel\core\lib\config\files\plugins.js:68:7)
    at loadPreset.next (<anonymous>)
    at createDescriptor (D:\桌面資料\暫存\SubTrack\node_modules\@babel\core\lib\config\config-descriptors.js:140:16)
    at createDescriptor.next (<anonymous>)
    at step (D:\桌面資料\暫存\SubTrack\node_modules\gensync\index.js:261:32)
    at evaluateAsync (D:\桌面資料\暫存\SubTrack\node_modules\gensync\index.js:291:5)
    at D:\桌面資料\暫存\SubTrack\node_modules\gensync\index.js:44:11
    at Array.forEach (<anonymous>)
    at gensync.async (D:\桌面資料\暫存\SubTrack\node_modules\gensync\index.js:43:15)
    at gensync.all (D:\桌面資料\暫存\SubTrack\node_modules\gensync\index.js:216:13)
    at Generator.next (<anonymous>)
    at createDescriptors (D:\桌面資料\暫存\SubTrack\node_modules\@babel\core\lib\config\config-descriptors.js:102:41)
    at createDescriptors.next (<anonymous>)
    at createPresetDescriptors (D:\桌面資料\暫存\SubTrack\node_modules\@babel\core\lib\config\config-descriptors.js:96:17)
    at createPresetDescriptors.next (<anonymous>)
    at D:\桌面資料\暫存\SubTrack\node_modules\@babel\core\lib\gensync-utils\functional.js:39:27
    at Generator.next (<anonymous>)
    at mergeChainOpts (D:\桌面資料\暫存\SubTrack\node_modules\@babel\core\lib\config\config-chain.js:350:34)
    at mergeChainOpts.next (<anonymous>)
    at chainWalker (D:\桌面資料\暫存\SubTrack\node_modules\@babel\core\lib\config\config-chain.js:316:14)
    at chainWalker.next (<anonymous>)
    at loadFileChain (D:\桌面資料\暫存\SubTrack\node_modules\@babel\core\lib\config\config-chain.js:191:24)
    at loadFileChain.next (<anonymous>)
    at buildRootChain (D:\桌面資料\暫存\SubTrack\node_modules\@babel\core\lib\config\config-chain.js:77:27)
    at buildRootChain.next (<anonymous>)
    at loadPrivatePartialConfig (D:\桌面資料\暫存\SubTrack\node_modules\@babel\core\lib\config\partial.js:72:62)
    at loadPrivatePartialConfig.next (<anonymous>)
    at loadPartialConfig (D:\桌面資料\暫存\SubTrack\node_modules\@babel\core\lib\config\partial.js:115:25)
    at loadPartialConfig.next (<anonymous>)
    at step (D:\桌面資料\暫存\SubTrack\node_modules\gensync\index.js:269:25)
    at D:\桌面資料\暫存\SubTrack\node_modules\gensync\index.js:273:13
    at async.call.result.err.err (D:\桌面資料\暫存\SubTrack\node_modules\gensync\index.js:223:11)
    at D:\桌面資料\暫存\SubTrack\node_modules\gensync\index.js:189:28
    at D:\桌面資料\暫存\SubTrack\node_modules\@babel\core\lib\gensync-utils\async.js:67:7
    at D:\桌面資料\暫存\SubTrack\node_modules\gensync\index.js:113:33
    at step (D:\桌面資料\暫存\SubTrack\node_modules\gensync\index.js:287:14)
    at D:\桌面資料\暫存\SubTrack\node_modules\gensync\index.js:273:13
    at async.call.result.err.err (D:\桌面資料\暫存\SubTrack\node_modules\gensync\index.js:223:11)
    at D:\桌面資料\暫存\SubTrack\node_modules\gensync\index.js:37:40
    at process.processTicksAndRejections (node:internal/process/task_queues:103:5)
Failed to collect coverage from D:\桌面資料\暫存\SubTrack\src\components\settings\ValueConverterSettings.tsx
ERROR: Cannot find package 'babel-preset-expo' imported from D:\桌面資料\暫存\SubTrack\babel-virtual-resolve-base.js
STACK: Error: Cannot find package 'babel-preset-expo' imported from D:\桌面資料\暫存\SubTrack\babel-virtual-resolve-base.js
    at __node_internal_ (D:\桌面資料\暫存\SubTrack\node_modules\@babel\core\lib\vendor\import-meta-resolve.js:224:9)
    at new NodeError (D:\桌面資料\暫存\SubTrack\node_modules\@babel\core\lib\vendor\import-meta-resolve.js:194:5)
    at packageResolve (D:\桌面資料\暫存\SubTrack\node_modules\@babel\core\lib\vendor\import-meta-resolve.js:898:9)
    at moduleResolve (D:\桌面資料\暫存\SubTrack\node_modules\@babel\core\lib\vendor\import-meta-resolve.js:938:18)
    at defaultResolve (D:\桌面資料\暫存\SubTrack\node_modules\@babel\core\lib\vendor\import-meta-resolve.js:1016:15)
    at resolve (D:\桌面資料\暫存\SubTrack\node_modules\@babel\core\lib\vendor\import-meta-resolve.js:1029:12)
    at tryImportMetaResolve (D:\桌面資料\暫存\SubTrack\node_modules\@babel\core\lib\config\files\plugins.js:149:45)
    at resolveStandardizedNameForImport (D:\桌面資料\暫存\SubTrack\node_modules\@babel\core\lib\config\files\plugins.js:174:19)
    at resolveStandardizedName (D:\桌面資料\暫存\SubTrack\node_modules\@babel\core\lib\config\files\plugins.js:186:22)
    at loadPreset (D:\桌面資料\暫存\SubTrack\node_modules\@babel\core\lib\config\files\plugins.js:68:7)
    at loadPreset.next (<anonymous>)
    at createDescriptor (D:\桌面資料\暫存\SubTrack\node_modules\@babel\core\lib\config\config-descriptors.js:140:16)
    at createDescriptor.next (<anonymous>)
    at step (D:\桌面資料\暫存\SubTrack\node_modules\gensync\index.js:261:32)
    at evaluateAsync (D:\桌面資料\暫存\SubTrack\node_modules\gensync\index.js:291:5)
    at D:\桌面資料\暫存\SubTrack\node_modules\gensync\index.js:44:11
    at Array.forEach (<anonymous>)
    at gensync.async (D:\桌面資料\暫存\SubTrack\node_modules\gensync\index.js:43:15)
    at gensync.all (D:\桌面資料\暫存\SubTrack\node_modules\gensync\index.js:216:13)
    at Generator.next (<anonymous>)
    at createDescriptors (D:\桌面資料\暫存\SubTrack\node_modules\@babel\core\lib\config\config-descriptors.js:102:41)
    at createDescriptors.next (<anonymous>)
    at createPresetDescriptors (D:\桌面資料\暫存\SubTrack\node_modules\@babel\core\lib\config\config-descriptors.js:96:17)
    at createPresetDescriptors.next (<anonymous>)
    at D:\桌面資料\暫存\SubTrack\node_modules\@babel\core\lib\gensync-utils\functional.js:39:27
    at Generator.next (<anonymous>)
    at mergeChainOpts (D:\桌面資料\暫存\SubTrack\node_modules\@babel\core\lib\config\config-chain.js:350:34)
    at mergeChainOpts.next (<anonymous>)
    at chainWalker (D:\桌面資料\暫存\SubTrack\node_modules\@babel\core\lib\config\config-chain.js:316:14)
    at chainWalker.next (<anonymous>)
    at loadFileChain (D:\桌面資料\暫存\SubTrack\node_modules\@babel\core\lib\config\config-chain.js:191:24)
    at loadFileChain.next (<anonymous>)
    at buildRootChain (D:\桌面資料\暫存\SubTrack\node_modules\@babel\core\lib\config\config-chain.js:77:27)
    at buildRootChain.next (<anonymous>)
    at loadPrivatePartialConfig (D:\桌面資料\暫存\SubTrack\node_modules\@babel\core\lib\config\partial.js:72:62)
    at loadPrivatePartialConfig.next (<anonymous>)
    at loadPartialConfig (D:\桌面資料\暫存\SubTrack\node_modules\@babel\core\lib\config\partial.js:115:25)
    at loadPartialConfig.next (<anonymous>)
    at step (D:\桌面資料\暫存\SubTrack\node_modules\gensync\index.js:269:25)
    at D:\桌面資料\暫存\SubTrack\node_modules\gensync\index.js:273:13
    at async.call.result.err.err (D:\桌面資料\暫存\SubTrack\node_modules\gensync\index.js:223:11)
    at D:\桌面資料\暫存\SubTrack\node_modules\gensync\index.js:189:28
    at D:\桌面資料\暫存\SubTrack\node_modules\@babel\core\lib\gensync-utils\async.js:67:7
    at D:\桌面資料\暫存\SubTrack\node_modules\gensync\index.js:113:33
    at step (D:\桌面資料\暫存\SubTrack\node_modules\gensync\index.js:287:14)
    at D:\桌面資料\暫存\SubTrack\node_modules\gensync\index.js:273:13
    at async.call.result.err.err (D:\桌面資料\暫存\SubTrack\node_modules\gensync\index.js:223:11)
    at D:\桌面資料\暫存\SubTrack\node_modules\gensync\index.js:37:40
    at process.processTicksAndRejections (node:internal/process/task_queues:103:5)
Failed to collect coverage from D:\桌面資料\暫存\SubTrack\src\components\settings\ThemeSettings.tsx
ERROR: Cannot find package 'babel-preset-expo' imported from D:\桌面資料\暫存\SubTrack\babel-virtual-resolve-base.js
STACK: Error: Cannot find package 'babel-preset-expo' imported from D:\桌面資料\暫存\SubTrack\babel-virtual-resolve-base.js
    at __node_internal_ (D:\桌面資料\暫存\SubTrack\node_modules\@babel\core\lib\vendor\import-meta-resolve.js:224:9)
    at new NodeError (D:\桌面資料\暫存\SubTrack\node_modules\@babel\core\lib\vendor\import-meta-resolve.js:194:5)
    at packageResolve (D:\桌面資料\暫存\SubTrack\node_modules\@babel\core\lib\vendor\import-meta-resolve.js:898:9)
    at moduleResolve (D:\桌面資料\暫存\SubTrack\node_modules\@babel\core\lib\vendor\import-meta-resolve.js:938:18)
    at defaultResolve (D:\桌面資料\暫存\SubTrack\node_modules\@babel\core\lib\vendor\import-meta-resolve.js:1016:15)
    at resolve (D:\桌面資料\暫存\SubTrack\node_modules\@babel\core\lib\vendor\import-meta-resolve.js:1029:12)
    at tryImportMetaResolve (D:\桌面資料\暫存\SubTrack\node_modules\@babel\core\lib\config\files\plugins.js:149:45)
    at resolveStandardizedNameForImport (D:\桌面資料\暫存\SubTrack\node_modules\@babel\core\lib\config\files\plugins.js:174:19)
    at resolveStandardizedName (D:\桌面資料\暫存\SubTrack\node_modules\@babel\core\lib\config\files\plugins.js:186:22)
    at loadPreset (D:\桌面資料\暫存\SubTrack\node_modules\@babel\core\lib\config\files\plugins.js:68:7)
    at loadPreset.next (<anonymous>)
    at createDescriptor (D:\桌面資料\暫存\SubTrack\node_modules\@babel\core\lib\config\config-descriptors.js:140:16)
    at createDescriptor.next (<anonymous>)
    at step (D:\桌面資料\暫存\SubTrack\node_modules\gensync\index.js:261:32)
    at evaluateAsync (D:\桌面資料\暫存\SubTrack\node_modules\gensync\index.js:291:5)
    at D:\桌面資料\暫存\SubTrack\node_modules\gensync\index.js:44:11
    at Array.forEach (<anonymous>)
    at gensync.async (D:\桌面資料\暫存\SubTrack\node_modules\gensync\index.js:43:15)
    at gensync.all (D:\桌面資料\暫存\SubTrack\node_modules\gensync\index.js:216:13)
    at Generator.next (<anonymous>)
    at createDescriptors (D:\桌面資料\暫存\SubTrack\node_modules\@babel\core\lib\config\config-descriptors.js:102:41)
    at createDescriptors.next (<anonymous>)
    at createPresetDescriptors (D:\桌面資料\暫存\SubTrack\node_modules\@babel\core\lib\config\config-descriptors.js:96:17)
    at createPresetDescriptors.next (<anonymous>)
    at D:\桌面資料\暫存\SubTrack\node_modules\@babel\core\lib\gensync-utils\functional.js:39:27
    at Generator.next (<anonymous>)
    at mergeChainOpts (D:\桌面資料\暫存\SubTrack\node_modules\@babel\core\lib\config\config-chain.js:350:34)
    at mergeChainOpts.next (<anonymous>)
    at chainWalker (D:\桌面資料\暫存\SubTrack\node_modules\@babel\core\lib\config\config-chain.js:316:14)
    at chainWalker.next (<anonymous>)
    at loadFileChain (D:\桌面資料\暫存\SubTrack\node_modules\@babel\core\lib\config\config-chain.js:191:24)
    at loadFileChain.next (<anonymous>)
    at buildRootChain (D:\桌面資料\暫存\SubTrack\node_modules\@babel\core\lib\config\config-chain.js:77:27)
    at buildRootChain.next (<anonymous>)
    at loadPrivatePartialConfig (D:\桌面資料\暫存\SubTrack\node_modules\@babel\core\lib\config\partial.js:72:62)
    at loadPrivatePartialConfig.next (<anonymous>)
    at loadPartialConfig (D:\桌面資料\暫存\SubTrack\node_modules\@babel\core\lib\config\partial.js:115:25)
    at loadPartialConfig.next (<anonymous>)
    at step (D:\桌面資料\暫存\SubTrack\node_modules\gensync\index.js:269:25)
    at D:\桌面資料\暫存\SubTrack\node_modules\gensync\index.js:273:13
    at async.call.result.err.err (D:\桌面資料\暫存\SubTrack\node_modules\gensync\index.js:223:11)
    at D:\桌面資料\暫存\SubTrack\node_modules\gensync\index.js:189:28
    at D:\桌面資料\暫存\SubTrack\node_modules\@babel\core\lib\gensync-utils\async.js:67:7
    at D:\桌面資料\暫存\SubTrack\node_modules\gensync\index.js:113:33
    at step (D:\桌面資料\暫存\SubTrack\node_modules\gensync\index.js:287:14)
    at D:\桌面資料\暫存\SubTrack\node_modules\gensync\index.js:273:13
    at async.call.result.err.err (D:\桌面資料\暫存\SubTrack\node_modules\gensync\index.js:223:11)
    at D:\桌面資料\暫存\SubTrack\node_modules\gensync\index.js:37:40
    at process.processTicksAndRejections (node:internal/process/task_queues:103:5)
Failed to collect coverage from D:\桌面資料\暫存\SubTrack\src\services\db\adapter.ts
ERROR: Cannot find package 'babel-preset-expo' imported from D:\桌面資料\暫存\SubTrack\babel-virtual-resolve-base.js
STACK: Error: Cannot find package 'babel-preset-expo' imported from D:\桌面資料\暫存\SubTrack\babel-virtual-resolve-base.js
    at __node_internal_ (D:\桌面資料\暫存\SubTrack\node_modules\@babel\core\lib\vendor\import-meta-resolve.js:224:9)
    at new NodeError (D:\桌面資料\暫存\SubTrack\node_modules\@babel\core\lib\vendor\import-meta-resolve.js:194:5)
    at packageResolve (D:\桌面資料\暫存\SubTrack\node_modules\@babel\core\lib\vendor\import-meta-resolve.js:898:9)
    at moduleResolve (D:\桌面資料\暫存\SubTrack\node_modules\@babel\core\lib\vendor\import-meta-resolve.js:938:18)
    at defaultResolve (D:\桌面資料\暫存\SubTrack\node_modules\@babel\core\lib\vendor\import-meta-resolve.js:1016:15)
    at resolve (D:\桌面資料\暫存\SubTrack\node_modules\@babel\core\lib\vendor\import-meta-resolve.js:1029:12)
    at tryImportMetaResolve (D:\桌面資料\暫存\SubTrack\node_modules\@babel\core\lib\config\files\plugins.js:149:45)
    at resolveStandardizedNameForImport (D:\桌面資料\暫存\SubTrack\node_modules\@babel\core\lib\config\files\plugins.js:174:19)
    at resolveStandardizedName (D:\桌面資料\暫存\SubTrack\node_modules\@babel\core\lib\config\files\plugins.js:186:22)
    at loadPreset (D:\桌面資料\暫存\SubTrack\node_modules\@babel\core\lib\config\files\plugins.js:68:7)
    at loadPreset.next (<anonymous>)
    at createDescriptor (D:\桌面資料\暫存\SubTrack\node_modules\@babel\core\lib\config\config-descriptors.js:140:16)
    at createDescriptor.next (<anonymous>)
    at step (D:\桌面資料\暫存\SubTrack\node_modules\gensync\index.js:261:32)
    at evaluateAsync (D:\桌面資料\暫存\SubTrack\node_modules\gensync\index.js:291:5)
    at D:\桌面資料\暫存\SubTrack\node_modules\gensync\index.js:44:11
    at Array.forEach (<anonymous>)
    at gensync.async (D:\桌面資料\暫存\SubTrack\node_modules\gensync\index.js:43:15)
    at gensync.all (D:\桌面資料\暫存\SubTrack\node_modules\gensync\index.js:216:13)
    at Generator.next (<anonymous>)
    at createDescriptors (D:\桌面資料\暫存\SubTrack\node_modules\@babel\core\lib\config\config-descriptors.js:102:41)
    at createDescriptors.next (<anonymous>)
    at createPresetDescriptors (D:\桌面資料\暫存\SubTrack\node_modules\@babel\core\lib\config\config-descriptors.js:96:17)
    at createPresetDescriptors.next (<anonymous>)
    at D:\桌面資料\暫存\SubTrack\node_modules\@babel\core\lib\gensync-utils\functional.js:39:27
    at Generator.next (<anonymous>)
    at mergeChainOpts (D:\桌面資料\暫存\SubTrack\node_modules\@babel\core\lib\config\config-chain.js:350:34)
    at mergeChainOpts.next (<anonymous>)
    at chainWalker (D:\桌面資料\暫存\SubTrack\node_modules\@babel\core\lib\config\config-chain.js:316:14)
    at chainWalker.next (<anonymous>)
    at loadFileChain (D:\桌面資料\暫存\SubTrack\node_modules\@babel\core\lib\config\config-chain.js:191:24)
    at loadFileChain.next (<anonymous>)
    at buildRootChain (D:\桌面資料\暫存\SubTrack\node_modules\@babel\core\lib\config\config-chain.js:77:27)
    at buildRootChain.next (<anonymous>)
    at loadPrivatePartialConfig (D:\桌面資料\暫存\SubTrack\node_modules\@babel\core\lib\config\partial.js:72:62)
    at loadPrivatePartialConfig.next (<anonymous>)
    at loadPartialConfig (D:\桌面資料\暫存\SubTrack\node_modules\@babel\core\lib\config\partial.js:115:25)
    at loadPartialConfig.next (<anonymous>)
    at step (D:\桌面資料\暫存\SubTrack\node_modules\gensync\index.js:269:25)
    at D:\桌面資料\暫存\SubTrack\node_modules\gensync\index.js:273:13
    at async.call.result.err.err (D:\桌面資料\暫存\SubTrack\node_modules\gensync\index.js:223:11)
    at D:\桌面資料\暫存\SubTrack\node_modules\gensync\index.js:189:28
    at D:\桌面資料\暫存\SubTrack\node_modules\@babel\core\lib\gensync-utils\async.js:67:7
    at D:\桌面資料\暫存\SubTrack\node_modules\gensync\index.js:113:33
    at step (D:\桌面資料\暫存\SubTrack\node_modules\gensync\index.js:287:14)
    at D:\桌面資料\暫存\SubTrack\node_modules\gensync\index.js:273:13
    at async.call.result.err.err (D:\桌面資料\暫存\SubTrack\node_modules\gensync\index.js:223:11)
    at D:\桌面資料\暫存\SubTrack\node_modules\gensync\index.js:37:40
    at process.processTicksAndRejections (node:internal/process/task_queues:103:5)
Failed to collect coverage from D:\桌面資料\暫存\SubTrack\src\services\db\reports.ts
ERROR: Cannot find package 'babel-preset-expo' imported from D:\桌面資料\暫存\SubTrack\babel-virtual-resolve-base.js
STACK: Error: Cannot find package 'babel-preset-expo' imported from D:\桌面資料\暫存\SubTrack\babel-virtual-resolve-base.js
    at __node_internal_ (D:\桌面資料\暫存\SubTrack\node_modules\@babel\core\lib\vendor\import-meta-resolve.js:224:9)
    at new NodeError (D:\桌面資料\暫存\SubTrack\node_modules\@babel\core\lib\vendor\import-meta-resolve.js:194:5)
    at packageResolve (D:\桌面資料\暫存\SubTrack\node_modules\@babel\core\lib\vendor\import-meta-resolve.js:898:9)
    at moduleResolve (D:\桌面資料\暫存\SubTrack\node_modules\@babel\core\lib\vendor\import-meta-resolve.js:938:18)
    at defaultResolve (D:\桌面資料\暫存\SubTrack\node_modules\@babel\core\lib\vendor\import-meta-resolve.js:1016:15)
    at resolve (D:\桌面資料\暫存\SubTrack\node_modules\@babel\core\lib\vendor\import-meta-resolve.js:1029:12)
    at tryImportMetaResolve (D:\桌面資料\暫存\SubTrack\node_modules\@babel\core\lib\config\files\plugins.js:149:45)
    at resolveStandardizedNameForImport (D:\桌面資料\暫存\SubTrack\node_modules\@babel\core\lib\config\files\plugins.js:174:19)
    at resolveStandardizedName (D:\桌面資料\暫存\SubTrack\node_modules\@babel\core\lib\config\files\plugins.js:186:22)
    at loadPreset (D:\桌面資料\暫存\SubTrack\node_modules\@babel\core\lib\config\files\plugins.js:68:7)
    at loadPreset.next (<anonymous>)
    at createDescriptor (D:\桌面資料\暫存\SubTrack\node_modules\@babel\core\lib\config\config-descriptors.js:140:16)
    at createDescriptor.next (<anonymous>)
    at step (D:\桌面資料\暫存\SubTrack\node_modules\gensync\index.js:261:32)
    at evaluateAsync (D:\桌面資料\暫存\SubTrack\node_modules\gensync\index.js:291:5)
    at D:\桌面資料\暫存\SubTrack\node_modules\gensync\index.js:44:11
    at Array.forEach (<anonymous>)
    at gensync.async (D:\桌面資料\暫存\SubTrack\node_modules\gensync\index.js:43:15)
    at gensync.all (D:\桌面資料\暫存\SubTrack\node_modules\gensync\index.js:216:13)
    at Generator.next (<anonymous>)
    at createDescriptors (D:\桌面資料\暫存\SubTrack\node_modules\@babel\core\lib\config\config-descriptors.js:102:41)
    at createDescriptors.next (<anonymous>)
    at createPresetDescriptors (D:\桌面資料\暫存\SubTrack\node_modules\@babel\core\lib\config\config-descriptors.js:96:17)
    at createPresetDescriptors.next (<anonymous>)
    at D:\桌面資料\暫存\SubTrack\node_modules\@babel\core\lib\gensync-utils\functional.js:39:27
    at Generator.next (<anonymous>)
    at mergeChainOpts (D:\桌面資料\暫存\SubTrack\node_modules\@babel\core\lib\config\config-chain.js:350:34)
    at mergeChainOpts.next (<anonymous>)
    at chainWalker (D:\桌面資料\暫存\SubTrack\node_modules\@babel\core\lib\config\config-chain.js:316:14)
    at chainWalker.next (<anonymous>)
    at loadFileChain (D:\桌面資料\暫存\SubTrack\node_modules\@babel\core\lib\config\config-chain.js:191:24)
    at loadFileChain.next (<anonymous>)
    at buildRootChain (D:\桌面資料\暫存\SubTrack\node_modules\@babel\core\lib\config\config-chain.js:77:27)
    at buildRootChain.next (<anonymous>)
    at loadPrivatePartialConfig (D:\桌面資料\暫存\SubTrack\node_modules\@babel\core\lib\config\partial.js:72:62)
    at loadPrivatePartialConfig.next (<anonymous>)
    at loadPartialConfig (D:\桌面資料\暫存\SubTrack\node_modules\@babel\core\lib\config\partial.js:115:25)
    at loadPartialConfig.next (<anonymous>)
    at step (D:\桌面資料\暫存\SubTrack\node_modules\gensync\index.js:269:25)
    at D:\桌面資料\暫存\SubTrack\node_modules\gensync\index.js:273:13
    at async.call.result.err.err (D:\桌面資料\暫存\SubTrack\node_modules\gensync\index.js:223:11)
    at D:\桌面資料\暫存\SubTrack\node_modules\gensync\index.js:189:28
    at D:\桌面資料\暫存\SubTrack\node_modules\@babel\core\lib\gensync-utils\async.js:67:7
    at D:\桌面資料\暫存\SubTrack\node_modules\gensync\index.js:113:33
    at step (D:\桌面資料\暫存\SubTrack\node_modules\gensync\index.js:287:14)
    at D:\桌面資料\暫存\SubTrack\node_modules\gensync\index.js:273:13
    at async.call.result.err.err (D:\桌面資料\暫存\SubTrack\node_modules\gensync\index.js:223:11)
    at D:\桌面資料\暫存\SubTrack\node_modules\gensync\index.js:37:40
    at process.processTicksAndRejections (node:internal/process/task_queues:103:5)
Failed to collect coverage from D:\桌面資料\暫存\SubTrack\src\services\db\members.ts
ERROR: Cannot find package 'babel-preset-expo' imported from D:\桌面資料\暫存\SubTrack\babel-virtual-resolve-base.js
STACK: Error: Cannot find package 'babel-preset-expo' imported from D:\桌面資料\暫存\SubTrack\babel-virtual-resolve-base.js
    at __node_internal_ (D:\桌面資料\暫存\SubTrack\node_modules\@babel\core\lib\vendor\import-meta-resolve.js:224:9)
    at new NodeError (D:\桌面資料\暫存\SubTrack\node_modules\@babel\core\lib\vendor\import-meta-resolve.js:194:5)
    at packageResolve (D:\桌面資料\暫存\SubTrack\node_modules\@babel\core\lib\vendor\import-meta-resolve.js:898:9)
    at moduleResolve (D:\桌面資料\暫存\SubTrack\node_modules\@babel\core\lib\vendor\import-meta-resolve.js:938:18)
    at defaultResolve (D:\桌面資料\暫存\SubTrack\node_modules\@babel\core\lib\vendor\import-meta-resolve.js:1016:15)
    at resolve (D:\桌面資料\暫存\SubTrack\node_modules\@babel\core\lib\vendor\import-meta-resolve.js:1029:12)
    at tryImportMetaResolve (D:\桌面資料\暫存\SubTrack\node_modules\@babel\core\lib\config\files\plugins.js:149:45)
    at resolveStandardizedNameForImport (D:\桌面資料\暫存\SubTrack\node_modules\@babel\core\lib\config\files\plugins.js:174:19)
    at resolveStandardizedName (D:\桌面資料\暫存\SubTrack\node_modules\@babel\core\lib\config\files\plugins.js:186:22)
    at loadPreset (D:\桌面資料\暫存\SubTrack\node_modules\@babel\core\lib\config\files\plugins.js:68:7)
    at loadPreset.next (<anonymous>)
    at createDescriptor (D:\桌面資料\暫存\SubTrack\node_modules\@babel\core\lib\config\config-descriptors.js:140:16)
    at createDescriptor.next (<anonymous>)
    at step (D:\桌面資料\暫存\SubTrack\node_modules\gensync\index.js:261:32)
    at evaluateAsync (D:\桌面資料\暫存\SubTrack\node_modules\gensync\index.js:291:5)
    at D:\桌面資料\暫存\SubTrack\node_modules\gensync\index.js:44:11
    at Array.forEach (<anonymous>)
    at gensync.async (D:\桌面資料\暫存\SubTrack\node_modules\gensync\index.js:43:15)
    at gensync.all (D:\桌面資料\暫存\SubTrack\node_modules\gensync\index.js:216:13)
    at Generator.next (<anonymous>)
    at createDescriptors (D:\桌面資料\暫存\SubTrack\node_modules\@babel\core\lib\config\config-descriptors.js:102:41)
    at createDescriptors.next (<anonymous>)
    at createPresetDescriptors (D:\桌面資料\暫存\SubTrack\node_modules\@babel\core\lib\config\config-descriptors.js:96:17)
    at createPresetDescriptors.next (<anonymous>)
    at D:\桌面資料\暫存\SubTrack\node_modules\@babel\core\lib\gensync-utils\functional.js:39:27
    at Generator.next (<anonymous>)
    at mergeChainOpts (D:\桌面資料\暫存\SubTrack\node_modules\@babel\core\lib\config\config-chain.js:350:34)
    at mergeChainOpts.next (<anonymous>)
    at chainWalker (D:\桌面資料\暫存\SubTrack\node_modules\@babel\core\lib\config\config-chain.js:316:14)
    at chainWalker.next (<anonymous>)
    at loadFileChain (D:\桌面資料\暫存\SubTrack\node_modules\@babel\core\lib\config\config-chain.js:191:24)
    at loadFileChain.next (<anonymous>)
    at buildRootChain (D:\桌面資料\暫存\SubTrack\node_modules\@babel\core\lib\config\config-chain.js:77:27)
    at buildRootChain.next (<anonymous>)
    at loadPrivatePartialConfig (D:\桌面資料\暫存\SubTrack\node_modules\@babel\core\lib\config\partial.js:72:62)
    at loadPrivatePartialConfig.next (<anonymous>)
    at loadPartialConfig (D:\桌面資料\暫存\SubTrack\node_modules\@babel\core\lib\config\partial.js:115:25)
    at loadPartialConfig.next (<anonymous>)
    at step (D:\桌面資料\暫存\SubTrack\node_modules\gensync\index.js:269:25)
    at D:\桌面資料\暫存\SubTrack\node_modules\gensync\index.js:273:13
    at async.call.result.err.err (D:\桌面資料\暫存\SubTrack\node_modules\gensync\index.js:223:11)
    at D:\桌面資料\暫存\SubTrack\node_modules\gensync\index.js:189:28
    at D:\桌面資料\暫存\SubTrack\node_modules\@babel\core\lib\gensync-utils\async.js:67:7
    at D:\桌面資料\暫存\SubTrack\node_modules\gensync\index.js:113:33
    at step (D:\桌面資料\暫存\SubTrack\node_modules\gensync\index.js:287:14)
    at D:\桌面資料\暫存\SubTrack\node_modules\gensync\index.js:273:13
    at async.call.result.err.err (D:\桌面資料\暫存\SubTrack\node_modules\gensync\index.js:223:11)
    at D:\桌面資料\暫存\SubTrack\node_modules\gensync\index.js:37:40
    at process.processTicksAndRejections (node:internal/process/task_queues:103:5)
Failed to collect coverage from D:\桌面資料\暫存\SubTrack\src\services\db\init.ts
ERROR: Cannot find package 'babel-preset-expo' imported from D:\桌面資料\暫存\SubTrack\babel-virtual-resolve-base.js
STACK: Error: Cannot find package 'babel-preset-expo' imported from D:\桌面資料\暫存\SubTrack\babel-virtual-resolve-base.js
    at __node_internal_ (D:\桌面資料\暫存\SubTrack\node_modules\@babel\core\lib\vendor\import-meta-resolve.js:224:9)
    at new NodeError (D:\桌面資料\暫存\SubTrack\node_modules\@babel\core\lib\vendor\import-meta-resolve.js:194:5)
    at packageResolve (D:\桌面資料\暫存\SubTrack\node_modules\@babel\core\lib\vendor\import-meta-resolve.js:898:9)
    at moduleResolve (D:\桌面資料\暫存\SubTrack\node_modules\@babel\core\lib\vendor\import-meta-resolve.js:938:18)
    at defaultResolve (D:\桌面資料\暫存\SubTrack\node_modules\@babel\core\lib\vendor\import-meta-resolve.js:1016:15)
    at resolve (D:\桌面資料\暫存\SubTrack\node_modules\@babel\core\lib\vendor\import-meta-resolve.js:1029:12)
    at tryImportMetaResolve (D:\桌面資料\暫存\SubTrack\node_modules\@babel\core\lib\config\files\plugins.js:149:45)
    at resolveStandardizedNameForImport (D:\桌面資料\暫存\SubTrack\node_modules\@babel\core\lib\config\files\plugins.js:174:19)
    at resolveStandardizedName (D:\桌面資料\暫存\SubTrack\node_modules\@babel\core\lib\config\files\plugins.js:186:22)
    at loadPreset (D:\桌面資料\暫存\SubTrack\node_modules\@babel\core\lib\config\files\plugins.js:68:7)
    at loadPreset.next (<anonymous>)
    at createDescriptor (D:\桌面資料\暫存\SubTrack\node_modules\@babel\core\lib\config\config-descriptors.js:140:16)
    at createDescriptor.next (<anonymous>)
    at step (D:\桌面資料\暫存\SubTrack\node_modules\gensync\index.js:261:32)
    at evaluateAsync (D:\桌面資料\暫存\SubTrack\node_modules\gensync\index.js:291:5)
    at D:\桌面資料\暫存\SubTrack\node_modules\gensync\index.js:44:11
    at Array.forEach (<anonymous>)
    at gensync.async (D:\桌面資料\暫存\SubTrack\node_modules\gensync\index.js:43:15)
    at gensync.all (D:\桌面資料\暫存\SubTrack\node_modules\gensync\index.js:216:13)
    at Generator.next (<anonymous>)
    at createDescriptors (D:\桌面資料\暫存\SubTrack\node_modules\@babel\core\lib\config\config-descriptors.js:102:41)
    at createDescriptors.next (<anonymous>)
    at createPresetDescriptors (D:\桌面資料\暫存\SubTrack\node_modules\@babel\core\lib\config\config-descriptors.js:96:17)
    at createPresetDescriptors.next (<anonymous>)
    at D:\桌面資料\暫存\SubTrack\node_modules\@babel\core\lib\gensync-utils\functional.js:39:27
    at Generator.next (<anonymous>)
    at mergeChainOpts (D:\桌面資料\暫存\SubTrack\node_modules\@babel\core\lib\config\config-chain.js:350:34)
    at mergeChainOpts.next (<anonymous>)
    at chainWalker (D:\桌面資料\暫存\SubTrack\node_modules\@babel\core\lib\config\config-chain.js:316:14)
    at chainWalker.next (<anonymous>)
    at loadFileChain (D:\桌面資料\暫存\SubTrack\node_modules\@babel\core\lib\config\config-chain.js:191:24)
    at loadFileChain.next (<anonymous>)
    at buildRootChain (D:\桌面資料\暫存\SubTrack\node_modules\@babel\core\lib\config\config-chain.js:77:27)
    at buildRootChain.next (<anonymous>)
    at loadPrivatePartialConfig (D:\桌面資料\暫存\SubTrack\node_modules\@babel\core\lib\config\partial.js:72:62)
    at loadPrivatePartialConfig.next (<anonymous>)
    at loadPartialConfig (D:\桌面資料\暫存\SubTrack\node_modules\@babel\core\lib\config\partial.js:115:25)
    at loadPartialConfig.next (<anonymous>)
    at step (D:\桌面資料\暫存\SubTrack\node_modules\gensync\index.js:269:25)
    at D:\桌面資料\暫存\SubTrack\node_modules\gensync\index.js:273:13
    at async.call.result.err.err (D:\桌面資料\暫存\SubTrack\node_modules\gensync\index.js:223:11)
    at D:\桌面資料\暫存\SubTrack\node_modules\gensync\index.js:189:28
    at D:\桌面資料\暫存\SubTrack\node_modules\@babel\core\lib\gensync-utils\async.js:67:7
    at D:\桌面資料\暫存\SubTrack\node_modules\gensync\index.js:113:33
    at step (D:\桌面資料\暫存\SubTrack\node_modules\gensync\index.js:287:14)
    at D:\桌面資料\暫存\SubTrack\node_modules\gensync\index.js:273:13
    at async.call.result.err.err (D:\桌面資料\暫存\SubTrack\node_modules\gensync\index.js:223:11)
    at D:\桌面資料\暫存\SubTrack\node_modules\gensync\index.js:37:40
    at process.processTicksAndRejections (node:internal/process/task_queues:103:5)
Failed to collect coverage from D:\桌面資料\暫存\SubTrack\src\services\db\settings.ts
ERROR: Cannot find package 'babel-preset-expo' imported from D:\桌面資料\暫存\SubTrack\babel-virtual-resolve-base.js
STACK: Error: Cannot find package 'babel-preset-expo' imported from D:\桌面資料\暫存\SubTrack\babel-virtual-resolve-base.js
    at __node_internal_ (D:\桌面資料\暫存\SubTrack\node_modules\@babel\core\lib\vendor\import-meta-resolve.js:224:9)
    at new NodeError (D:\桌面資料\暫存\SubTrack\node_modules\@babel\core\lib\vendor\import-meta-resolve.js:194:5)
    at packageResolve (D:\桌面資料\暫存\SubTrack\node_modules\@babel\core\lib\vendor\import-meta-resolve.js:898:9)
    at moduleResolve (D:\桌面資料\暫存\SubTrack\node_modules\@babel\core\lib\vendor\import-meta-resolve.js:938:18)
    at defaultResolve (D:\桌面資料\暫存\SubTrack\node_modules\@babel\core\lib\vendor\import-meta-resolve.js:1016:15)
    at resolve (D:\桌面資料\暫存\SubTrack\node_modules\@babel\core\lib\vendor\import-meta-resolve.js:1029:12)
    at tryImportMetaResolve (D:\桌面資料\暫存\SubTrack\node_modules\@babel\core\lib\config\files\plugins.js:149:45)
    at resolveStandardizedNameForImport (D:\桌面資料\暫存\SubTrack\node_modules\@babel\core\lib\config\files\plugins.js:174:19)
    at resolveStandardizedName (D:\桌面資料\暫存\SubTrack\node_modules\@babel\core\lib\config\files\plugins.js:186:22)
    at loadPreset (D:\桌面資料\暫存\SubTrack\node_modules\@babel\core\lib\config\files\plugins.js:68:7)
    at loadPreset.next (<anonymous>)
    at createDescriptor (D:\桌面資料\暫存\SubTrack\node_modules\@babel\core\lib\config\config-descriptors.js:140:16)
    at createDescriptor.next (<anonymous>)
    at step (D:\桌面資料\暫存\SubTrack\node_modules\gensync\index.js:261:32)
    at evaluateAsync (D:\桌面資料\暫存\SubTrack\node_modules\gensync\index.js:291:5)
    at D:\桌面資料\暫存\SubTrack\node_modules\gensync\index.js:44:11
    at Array.forEach (<anonymous>)
    at gensync.async (D:\桌面資料\暫存\SubTrack\node_modules\gensync\index.js:43:15)
    at gensync.all (D:\桌面資料\暫存\SubTrack\node_modules\gensync\index.js:216:13)
    at Generator.next (<anonymous>)
    at createDescriptors (D:\桌面資料\暫存\SubTrack\node_modules\@babel\core\lib\config\config-descriptors.js:102:41)
    at createDescriptors.next (<anonymous>)
    at createPresetDescriptors (D:\桌面資料\暫存\SubTrack\node_modules\@babel\core\lib\config\config-descriptors.js:96:17)
    at createPresetDescriptors.next (<anonymous>)
    at D:\桌面資料\暫存\SubTrack\node_modules\@babel\core\lib\gensync-utils\functional.js:39:27
    at Generator.next (<anonymous>)
    at mergeChainOpts (D:\桌面資料\暫存\SubTrack\node_modules\@babel\core\lib\config\config-chain.js:350:34)
    at mergeChainOpts.next (<anonymous>)
    at chainWalker (D:\桌面資料\暫存\SubTrack\node_modules\@babel\core\lib\config\config-chain.js:316:14)
    at chainWalker.next (<anonymous>)
    at loadFileChain (D:\桌面資料\暫存\SubTrack\node_modules\@babel\core\lib\config\config-chain.js:191:24)
    at loadFileChain.next (<anonymous>)
    at buildRootChain (D:\桌面資料\暫存\SubTrack\node_modules\@babel\core\lib\config\config-chain.js:77:27)
    at buildRootChain.next (<anonymous>)
    at loadPrivatePartialConfig (D:\桌面資料\暫存\SubTrack\node_modules\@babel\core\lib\config\partial.js:72:62)
    at loadPrivatePartialConfig.next (<anonymous>)
    at loadPartialConfig (D:\桌面資料\暫存\SubTrack\node_modules\@babel\core\lib\config\partial.js:115:25)
    at loadPartialConfig.next (<anonymous>)
    at step (D:\桌面資料\暫存\SubTrack\node_modules\gensync\index.js:269:25)
    at D:\桌面資料\暫存\SubTrack\node_modules\gensync\index.js:273:13
    at async.call.result.err.err (D:\桌面資料\暫存\SubTrack\node_modules\gensync\index.js:223:11)
    at D:\桌面資料\暫存\SubTrack\node_modules\gensync\index.js:189:28
    at D:\桌面資料\暫存\SubTrack\node_modules\@babel\core\lib\gensync-utils\async.js:67:7
    at D:\桌面資料\暫存\SubTrack\node_modules\gensync\index.js:113:33
    at step (D:\桌面資料\暫存\SubTrack\node_modules\gensync\index.js:287:14)
    at D:\桌面資料\暫存\SubTrack\node_modules\gensync\index.js:273:13
    at async.call.result.err.err (D:\桌面資料\暫存\SubTrack\node_modules\gensync\index.js:223:11)
    at D:\桌面資料\暫存\SubTrack\node_modules\gensync\index.js:37:40
    at process.processTicksAndRejections (node:internal/process/task_queues:103:5)
Failed to collect coverage from D:\桌面資料\暫存\SubTrack\src\services\db\stats.ts
ERROR: Cannot find package 'babel-preset-expo' imported from D:\桌面資料\暫存\SubTrack\babel-virtual-resolve-base.js
STACK: Error: Cannot find package 'babel-preset-expo' imported from D:\桌面資料\暫存\SubTrack\babel-virtual-resolve-base.js
    at __node_internal_ (D:\桌面資料\暫存\SubTrack\node_modules\@babel\core\lib\vendor\import-meta-resolve.js:224:9)
    at new NodeError (D:\桌面資料\暫存\SubTrack\node_modules\@babel\core\lib\vendor\import-meta-resolve.js:194:5)
    at packageResolve (D:\桌面資料\暫存\SubTrack\node_modules\@babel\core\lib\vendor\import-meta-resolve.js:898:9)
    at moduleResolve (D:\桌面資料\暫存\SubTrack\node_modules\@babel\core\lib\vendor\import-meta-resolve.js:938:18)
    at defaultResolve (D:\桌面資料\暫存\SubTrack\node_modules\@babel\core\lib\vendor\import-meta-resolve.js:1016:15)
    at resolve (D:\桌面資料\暫存\SubTrack\node_modules\@babel\core\lib\vendor\import-meta-resolve.js:1029:12)
    at tryImportMetaResolve (D:\桌面資料\暫存\SubTrack\node_modules\@babel\core\lib\config\files\plugins.js:149:45)
    at resolveStandardizedNameForImport (D:\桌面資料\暫存\SubTrack\node_modules\@babel\core\lib\config\files\plugins.js:174:19)
    at resolveStandardizedName (D:\桌面資料\暫存\SubTrack\node_modules\@babel\core\lib\config\files\plugins.js:186:22)
    at loadPreset (D:\桌面資料\暫存\SubTrack\node_modules\@babel\core\lib\config\files\plugins.js:68:7)
    at loadPreset.next (<anonymous>)
    at createDescriptor (D:\桌面資料\暫存\SubTrack\node_modules\@babel\core\lib\config\config-descriptors.js:140:16)
    at createDescriptor.next (<anonymous>)
    at step (D:\桌面資料\暫存\SubTrack\node_modules\gensync\index.js:261:32)
    at evaluateAsync (D:\桌面資料\暫存\SubTrack\node_modules\gensync\index.js:291:5)
    at D:\桌面資料\暫存\SubTrack\node_modules\gensync\index.js:44:11
    at Array.forEach (<anonymous>)
    at gensync.async (D:\桌面資料\暫存\SubTrack\node_modules\gensync\index.js:43:15)
    at gensync.all (D:\桌面資料\暫存\SubTrack\node_modules\gensync\index.js:216:13)
    at Generator.next (<anonymous>)
    at createDescriptors (D:\桌面資料\暫存\SubTrack\node_modules\@babel\core\lib\config\config-descriptors.js:102:41)
    at createDescriptors.next (<anonymous>)
    at createPresetDescriptors (D:\桌面資料\暫存\SubTrack\node_modules\@babel\core\lib\config\config-descriptors.js:96:17)
    at createPresetDescriptors.next (<anonymous>)
    at D:\桌面資料\暫存\SubTrack\node_modules\@babel\core\lib\gensync-utils\functional.js:39:27
    at Generator.next (<anonymous>)
    at mergeChainOpts (D:\桌面資料\暫存\SubTrack\node_modules\@babel\core\lib\config\config-chain.js:350:34)
    at mergeChainOpts.next (<anonymous>)
    at chainWalker (D:\桌面資料\暫存\SubTrack\node_modules\@babel\core\lib\config\config-chain.js:316:14)
    at chainWalker.next (<anonymous>)
    at loadFileChain (D:\桌面資料\暫存\SubTrack\node_modules\@babel\core\lib\config\config-chain.js:191:24)
    at loadFileChain.next (<anonymous>)
    at buildRootChain (D:\桌面資料\暫存\SubTrack\node_modules\@babel\core\lib\config\config-chain.js:77:27)
    at buildRootChain.next (<anonymous>)
    at loadPrivatePartialConfig (D:\桌面資料\暫存\SubTrack\node_modules\@babel\core\lib\config\partial.js:72:62)
    at loadPrivatePartialConfig.next (<anonymous>)
    at loadPartialConfig (D:\桌面資料\暫存\SubTrack\node_modules\@babel\core\lib\config\partial.js:115:25)
    at loadPartialConfig.next (<anonymous>)
    at step (D:\桌面資料\暫存\SubTrack\node_modules\gensync\index.js:269:25)
    at D:\桌面資料\暫存\SubTrack\node_modules\gensync\index.js:273:13
    at async.call.result.err.err (D:\桌面資料\暫存\SubTrack\node_modules\gensync\index.js:223:11)
    at D:\桌面資料\暫存\SubTrack\node_modules\gensync\index.js:189:28
    at D:\桌面資料\暫存\SubTrack\node_modules\@babel\core\lib\gensync-utils\async.js:67:7
    at D:\桌面資料\暫存\SubTrack\node_modules\gensync\index.js:113:33
    at step (D:\桌面資料\暫存\SubTrack\node_modules\gensync\index.js:287:14)
    at D:\桌面資料\暫存\SubTrack\node_modules\gensync\index.js:273:13
    at async.call.result.err.err (D:\桌面資料\暫存\SubTrack\node_modules\gensync\index.js:223:11)
    at D:\桌面資料\暫存\SubTrack\node_modules\gensync\index.js:37:40
    at process.processTicksAndRejections (node:internal/process/task_queues:103:5)
Failed to collect coverage from D:\桌面資料\暫存\SubTrack\src\components\common\OptimizedList.tsx
ERROR: Cannot find package 'babel-preset-expo' imported from D:\桌面資料\暫存\SubTrack\babel-virtual-resolve-base.js
STACK: Error: Cannot find package 'babel-preset-expo' imported from D:\桌面資料\暫存\SubTrack\babel-virtual-resolve-base.js
    at __node_internal_ (D:\桌面資料\暫存\SubTrack\node_modules\@babel\core\lib\vendor\import-meta-resolve.js:224:9)
    at new NodeError (D:\桌面資料\暫存\SubTrack\node_modules\@babel\core\lib\vendor\import-meta-resolve.js:194:5)
    at packageResolve (D:\桌面資料\暫存\SubTrack\node_modules\@babel\core\lib\vendor\import-meta-resolve.js:898:9)
    at moduleResolve (D:\桌面資料\暫存\SubTrack\node_modules\@babel\core\lib\vendor\import-meta-resolve.js:938:18)
    at defaultResolve (D:\桌面資料\暫存\SubTrack\node_modules\@babel\core\lib\vendor\import-meta-resolve.js:1016:15)
    at resolve (D:\桌面資料\暫存\SubTrack\node_modules\@babel\core\lib\vendor\import-meta-resolve.js:1029:12)
    at tryImportMetaResolve (D:\桌面資料\暫存\SubTrack\node_modules\@babel\core\lib\config\files\plugins.js:149:45)
    at resolveStandardizedNameForImport (D:\桌面資料\暫存\SubTrack\node_modules\@babel\core\lib\config\files\plugins.js:174:19)
    at resolveStandardizedName (D:\桌面資料\暫存\SubTrack\node_modules\@babel\core\lib\config\files\plugins.js:186:22)
    at loadPreset (D:\桌面資料\暫存\SubTrack\node_modules\@babel\core\lib\config\files\plugins.js:68:7)
    at loadPreset.next (<anonymous>)
    at createDescriptor (D:\桌面資料\暫存\SubTrack\node_modules\@babel\core\lib\config\config-descriptors.js:140:16)
    at createDescriptor.next (<anonymous>)
    at step (D:\桌面資料\暫存\SubTrack\node_modules\gensync\index.js:261:32)
    at evaluateAsync (D:\桌面資料\暫存\SubTrack\node_modules\gensync\index.js:291:5)
    at D:\桌面資料\暫存\SubTrack\node_modules\gensync\index.js:44:11
    at Array.forEach (<anonymous>)
    at gensync.async (D:\桌面資料\暫存\SubTrack\node_modules\gensync\index.js:43:15)
    at gensync.all (D:\桌面資料\暫存\SubTrack\node_modules\gensync\index.js:216:13)
    at Generator.next (<anonymous>)
    at createDescriptors (D:\桌面資料\暫存\SubTrack\node_modules\@babel\core\lib\config\config-descriptors.js:102:41)
    at createDescriptors.next (<anonymous>)
    at createPresetDescriptors (D:\桌面資料\暫存\SubTrack\node_modules\@babel\core\lib\config\config-descriptors.js:96:17)
    at createPresetDescriptors.next (<anonymous>)
    at D:\桌面資料\暫存\SubTrack\node_modules\@babel\core\lib\gensync-utils\functional.js:39:27
    at Generator.next (<anonymous>)
    at mergeChainOpts (D:\桌面資料\暫存\SubTrack\node_modules\@babel\core\lib\config\config-chain.js:350:34)
    at mergeChainOpts.next (<anonymous>)
    at chainWalker (D:\桌面資料\暫存\SubTrack\node_modules\@babel\core\lib\config\config-chain.js:316:14)
    at chainWalker.next (<anonymous>)
    at loadFileChain (D:\桌面資料\暫存\SubTrack\node_modules\@babel\core\lib\config\config-chain.js:191:24)
    at loadFileChain.next (<anonymous>)
    at buildRootChain (D:\桌面資料\暫存\SubTrack\node_modules\@babel\core\lib\config\config-chain.js:77:27)
    at buildRootChain.next (<anonymous>)
    at loadPrivatePartialConfig (D:\桌面資料\暫存\SubTrack\node_modules\@babel\core\lib\config\partial.js:72:62)
    at loadPrivatePartialConfig.next (<anonymous>)
    at loadPartialConfig (D:\桌面資料\暫存\SubTrack\node_modules\@babel\core\lib\config\partial.js:115:25)
    at loadPartialConfig.next (<anonymous>)
    at step (D:\桌面資料\暫存\SubTrack\node_modules\gensync\index.js:269:25)
    at D:\桌面資料\暫存\SubTrack\node_modules\gensync\index.js:273:13
    at async.call.result.err.err (D:\桌面資料\暫存\SubTrack\node_modules\gensync\index.js:223:11)
    at D:\桌面資料\暫存\SubTrack\node_modules\gensync\index.js:189:28
    at D:\桌面資料\暫存\SubTrack\node_modules\@babel\core\lib\gensync-utils\async.js:67:7
    at D:\桌面資料\暫存\SubTrack\node_modules\gensync\index.js:113:33
    at step (D:\桌面資料\暫存\SubTrack\node_modules\gensync\index.js:287:14)
    at D:\桌面資料\暫存\SubTrack\node_modules\gensync\index.js:273:13
    at async.call.result.err.err (D:\桌面資料\暫存\SubTrack\node_modules\gensync\index.js:223:11)
    at D:\桌面資料\暫存\SubTrack\node_modules\gensync\index.js:37:40
    at process.processTicksAndRejections (node:internal/process/task_queues:103:5)
Failed to collect coverage from D:\桌面資料\暫存\SubTrack\src\components\subscription\PaymentInfo.tsx
ERROR: Cannot find package 'babel-preset-expo' imported from D:\桌面資料\暫存\SubTrack\babel-virtual-resolve-base.js
STACK: Error: Cannot find package 'babel-preset-expo' imported from D:\桌面資料\暫存\SubTrack\babel-virtual-resolve-base.js
    at __node_internal_ (D:\桌面資料\暫存\SubTrack\node_modules\@babel\core\lib\vendor\import-meta-resolve.js:224:9)
    at new NodeError (D:\桌面資料\暫存\SubTrack\node_modules\@babel\core\lib\vendor\import-meta-resolve.js:194:5)
    at packageResolve (D:\桌面資料\暫存\SubTrack\node_modules\@babel\core\lib\vendor\import-meta-resolve.js:898:9)
    at moduleResolve (D:\桌面資料\暫存\SubTrack\node_modules\@babel\core\lib\vendor\import-meta-resolve.js:938:18)
    at defaultResolve (D:\桌面資料\暫存\SubTrack\node_modules\@babel\core\lib\vendor\import-meta-resolve.js:1016:15)
    at resolve (D:\桌面資料\暫存\SubTrack\node_modules\@babel\core\lib\vendor\import-meta-resolve.js:1029:12)
    at tryImportMetaResolve (D:\桌面資料\暫存\SubTrack\node_modules\@babel\core\lib\config\files\plugins.js:149:45)
    at resolveStandardizedNameForImport (D:\桌面資料\暫存\SubTrack\node_modules\@babel\core\lib\config\files\plugins.js:174:19)
    at resolveStandardizedName (D:\桌面資料\暫存\SubTrack\node_modules\@babel\core\lib\config\files\plugins.js:186:22)
    at loadPreset (D:\桌面資料\暫存\SubTrack\node_modules\@babel\core\lib\config\files\plugins.js:68:7)
    at loadPreset.next (<anonymous>)
    at createDescriptor (D:\桌面資料\暫存\SubTrack\node_modules\@babel\core\lib\config\config-descriptors.js:140:16)
    at createDescriptor.next (<anonymous>)
    at step (D:\桌面資料\暫存\SubTrack\node_modules\gensync\index.js:261:32)
    at evaluateAsync (D:\桌面資料\暫存\SubTrack\node_modules\gensync\index.js:291:5)
    at D:\桌面資料\暫存\SubTrack\node_modules\gensync\index.js:44:11
    at Array.forEach (<anonymous>)
    at gensync.async (D:\桌面資料\暫存\SubTrack\node_modules\gensync\index.js:43:15)
    at gensync.all (D:\桌面資料\暫存\SubTrack\node_modules\gensync\index.js:216:13)
    at Generator.next (<anonymous>)
    at createDescriptors (D:\桌面資料\暫存\SubTrack\node_modules\@babel\core\lib\config\config-descriptors.js:102:41)
    at createDescriptors.next (<anonymous>)
    at createPresetDescriptors (D:\桌面資料\暫存\SubTrack\node_modules\@babel\core\lib\config\config-descriptors.js:96:17)
    at createPresetDescriptors.next (<anonymous>)
    at D:\桌面資料\暫存\SubTrack\node_modules\@babel\core\lib\gensync-utils\functional.js:39:27
    at Generator.next (<anonymous>)
    at mergeChainOpts (D:\桌面資料\暫存\SubTrack\node_modules\@babel\core\lib\config\config-chain.js:350:34)
    at mergeChainOpts.next (<anonymous>)
    at chainWalker (D:\桌面資料\暫存\SubTrack\node_modules\@babel\core\lib\config\config-chain.js:316:14)
    at chainWalker.next (<anonymous>)
    at loadFileChain (D:\桌面資料\暫存\SubTrack\node_modules\@babel\core\lib\config\config-chain.js:191:24)
    at loadFileChain.next (<anonymous>)
    at buildRootChain (D:\桌面資料\暫存\SubTrack\node_modules\@babel\core\lib\config\config-chain.js:77:27)
    at buildRootChain.next (<anonymous>)
    at loadPrivatePartialConfig (D:\桌面資料\暫存\SubTrack\node_modules\@babel\core\lib\config\partial.js:72:62)
    at loadPrivatePartialConfig.next (<anonymous>)
    at loadPartialConfig (D:\桌面資料\暫存\SubTrack\node_modules\@babel\core\lib\config\partial.js:115:25)
    at loadPartialConfig.next (<anonymous>)
    at step (D:\桌面資料\暫存\SubTrack\node_modules\gensync\index.js:269:25)
    at D:\桌面資料\暫存\SubTrack\node_modules\gensync\index.js:273:13
    at async.call.result.err.err (D:\桌面資料\暫存\SubTrack\node_modules\gensync\index.js:223:11)
    at D:\桌面資料\暫存\SubTrack\node_modules\gensync\index.js:189:28
    at D:\桌面資料\暫存\SubTrack\node_modules\@babel\core\lib\gensync-utils\async.js:67:7
    at D:\桌面資料\暫存\SubTrack\node_modules\gensync\index.js:113:33
    at step (D:\桌面資料\暫存\SubTrack\node_modules\gensync\index.js:287:14)
    at D:\桌面資料\暫存\SubTrack\node_modules\gensync\index.js:273:13
    at async.call.result.err.err (D:\桌面資料\暫存\SubTrack\node_modules\gensync\index.js:223:11)
    at D:\桌面資料\暫存\SubTrack\node_modules\gensync\index.js:37:40
    at process.processTicksAndRejections (node:internal/process/task_queues:103:5)
Failed to collect coverage from D:\桌面資料\暫存\SubTrack\src\services\db\tags.ts
ERROR: Cannot find package 'babel-preset-expo' imported from D:\桌面資料\暫存\SubTrack\babel-virtual-resolve-base.js
STACK: Error: Cannot find package 'babel-preset-expo' imported from D:\桌面資料\暫存\SubTrack\babel-virtual-resolve-base.js
    at __node_internal_ (D:\桌面資料\暫存\SubTrack\node_modules\@babel\core\lib\vendor\import-meta-resolve.js:224:9)
    at new NodeError (D:\桌面資料\暫存\SubTrack\node_modules\@babel\core\lib\vendor\import-meta-resolve.js:194:5)
    at packageResolve (D:\桌面資料\暫存\SubTrack\node_modules\@babel\core\lib\vendor\import-meta-resolve.js:898:9)
    at moduleResolve (D:\桌面資料\暫存\SubTrack\node_modules\@babel\core\lib\vendor\import-meta-resolve.js:938:18)
    at defaultResolve (D:\桌面資料\暫存\SubTrack\node_modules\@babel\core\lib\vendor\import-meta-resolve.js:1016:15)
    at resolve (D:\桌面資料\暫存\SubTrack\node_modules\@babel\core\lib\vendor\import-meta-resolve.js:1029:12)
    at tryImportMetaResolve (D:\桌面資料\暫存\SubTrack\node_modules\@babel\core\lib\config\files\plugins.js:149:45)
    at resolveStandardizedNameForImport (D:\桌面資料\暫存\SubTrack\node_modules\@babel\core\lib\config\files\plugins.js:174:19)
    at resolveStandardizedName (D:\桌面資料\暫存\SubTrack\node_modules\@babel\core\lib\config\files\plugins.js:186:22)
    at loadPreset (D:\桌面資料\暫存\SubTrack\node_modules\@babel\core\lib\config\files\plugins.js:68:7)
    at loadPreset.next (<anonymous>)
    at createDescriptor (D:\桌面資料\暫存\SubTrack\node_modules\@babel\core\lib\config\config-descriptors.js:140:16)
    at createDescriptor.next (<anonymous>)
    at step (D:\桌面資料\暫存\SubTrack\node_modules\gensync\index.js:261:32)
    at evaluateAsync (D:\桌面資料\暫存\SubTrack\node_modules\gensync\index.js:291:5)
    at D:\桌面資料\暫存\SubTrack\node_modules\gensync\index.js:44:11
    at Array.forEach (<anonymous>)
    at gensync.async (D:\桌面資料\暫存\SubTrack\node_modules\gensync\index.js:43:15)
    at gensync.all (D:\桌面資料\暫存\SubTrack\node_modules\gensync\index.js:216:13)
    at Generator.next (<anonymous>)
    at createDescriptors (D:\桌面資料\暫存\SubTrack\node_modules\@babel\core\lib\config\config-descriptors.js:102:41)
    at createDescriptors.next (<anonymous>)
    at createPresetDescriptors (D:\桌面資料\暫存\SubTrack\node_modules\@babel\core\lib\config\config-descriptors.js:96:17)
    at createPresetDescriptors.next (<anonymous>)
    at D:\桌面資料\暫存\SubTrack\node_modules\@babel\core\lib\gensync-utils\functional.js:39:27
    at Generator.next (<anonymous>)
    at mergeChainOpts (D:\桌面資料\暫存\SubTrack\node_modules\@babel\core\lib\config\config-chain.js:350:34)
    at mergeChainOpts.next (<anonymous>)
    at chainWalker (D:\桌面資料\暫存\SubTrack\node_modules\@babel\core\lib\config\config-chain.js:316:14)
    at chainWalker.next (<anonymous>)
    at loadFileChain (D:\桌面資料\暫存\SubTrack\node_modules\@babel\core\lib\config\config-chain.js:191:24)
    at loadFileChain.next (<anonymous>)
    at buildRootChain (D:\桌面資料\暫存\SubTrack\node_modules\@babel\core\lib\config\config-chain.js:77:27)
    at buildRootChain.next (<anonymous>)
    at loadPrivatePartialConfig (D:\桌面資料\暫存\SubTrack\node_modules\@babel\core\lib\config\partial.js:72:62)
    at loadPrivatePartialConfig.next (<anonymous>)
    at loadPartialConfig (D:\桌面資料\暫存\SubTrack\node_modules\@babel\core\lib\config\partial.js:115:25)
    at loadPartialConfig.next (<anonymous>)
    at step (D:\桌面資料\暫存\SubTrack\node_modules\gensync\index.js:269:25)
    at D:\桌面資料\暫存\SubTrack\node_modules\gensync\index.js:273:13
    at async.call.result.err.err (D:\桌面資料\暫存\SubTrack\node_modules\gensync\index.js:223:11)
    at D:\桌面資料\暫存\SubTrack\node_modules\gensync\index.js:189:28
    at D:\桌面資料\暫存\SubTrack\node_modules\@babel\core\lib\gensync-utils\async.js:67:7
    at D:\桌面資料\暫存\SubTrack\node_modules\gensync\index.js:113:33
    at step (D:\桌面資料\暫存\SubTrack\node_modules\gensync\index.js:287:14)
    at D:\桌面資料\暫存\SubTrack\node_modules\gensync\index.js:273:13
    at async.call.result.err.err (D:\桌面資料\暫存\SubTrack\node_modules\gensync\index.js:223:11)
    at D:\桌面資料\暫存\SubTrack\node_modules\gensync\index.js:37:40
    at process.processTicksAndRejections (node:internal/process/task_queues:103:5)
Failed to collect coverage from D:\桌面資料\暫存\SubTrack\src\services\db\workspaces.ts
ERROR: Cannot find package 'babel-preset-expo' imported from D:\桌面資料\暫存\SubTrack\babel-virtual-resolve-base.js
STACK: Error: Cannot find package 'babel-preset-expo' imported from D:\桌面資料\暫存\SubTrack\babel-virtual-resolve-base.js
    at __node_internal_ (D:\桌面資料\暫存\SubTrack\node_modules\@babel\core\lib\vendor\import-meta-resolve.js:224:9)
    at new NodeError (D:\桌面資料\暫存\SubTrack\node_modules\@babel\core\lib\vendor\import-meta-resolve.js:194:5)
    at packageResolve (D:\桌面資料\暫存\SubTrack\node_modules\@babel\core\lib\vendor\import-meta-resolve.js:898:9)
    at moduleResolve (D:\桌面資料\暫存\SubTrack\node_modules\@babel\core\lib\vendor\import-meta-resolve.js:938:18)
    at defaultResolve (D:\桌面資料\暫存\SubTrack\node_modules\@babel\core\lib\vendor\import-meta-resolve.js:1016:15)
    at resolve (D:\桌面資料\暫存\SubTrack\node_modules\@babel\core\lib\vendor\import-meta-resolve.js:1029:12)
    at tryImportMetaResolve (D:\桌面資料\暫存\SubTrack\node_modules\@babel\core\lib\config\files\plugins.js:149:45)
    at resolveStandardizedNameForImport (D:\桌面資料\暫存\SubTrack\node_modules\@babel\core\lib\config\files\plugins.js:174:19)
    at resolveStandardizedName (D:\桌面資料\暫存\SubTrack\node_modules\@babel\core\lib\config\files\plugins.js:186:22)
    at loadPreset (D:\桌面資料\暫存\SubTrack\node_modules\@babel\core\lib\config\files\plugins.js:68:7)
    at loadPreset.next (<anonymous>)
    at createDescriptor (D:\桌面資料\暫存\SubTrack\node_modules\@babel\core\lib\config\config-descriptors.js:140:16)
    at createDescriptor.next (<anonymous>)
    at step (D:\桌面資料\暫存\SubTrack\node_modules\gensync\index.js:261:32)
    at evaluateAsync (D:\桌面資料\暫存\SubTrack\node_modules\gensync\index.js:291:5)
    at D:\桌面資料\暫存\SubTrack\node_modules\gensync\index.js:44:11
    at Array.forEach (<anonymous>)
    at gensync.async (D:\桌面資料\暫存\SubTrack\node_modules\gensync\index.js:43:15)
    at gensync.all (D:\桌面資料\暫存\SubTrack\node_modules\gensync\index.js:216:13)
    at Generator.next (<anonymous>)
    at createDescriptors (D:\桌面資料\暫存\SubTrack\node_modules\@babel\core\lib\config\config-descriptors.js:102:41)
    at createDescriptors.next (<anonymous>)
    at createPresetDescriptors (D:\桌面資料\暫存\SubTrack\node_modules\@babel\core\lib\config\config-descriptors.js:96:17)
    at createPresetDescriptors.next (<anonymous>)
    at D:\桌面資料\暫存\SubTrack\node_modules\@babel\core\lib\gensync-utils\functional.js:39:27
    at Generator.next (<anonymous>)
    at mergeChainOpts (D:\桌面資料\暫存\SubTrack\node_modules\@babel\core\lib\config\config-chain.js:350:34)
    at mergeChainOpts.next (<anonymous>)
    at chainWalker (D:\桌面資料\暫存\SubTrack\node_modules\@babel\core\lib\config\config-chain.js:316:14)
    at chainWalker.next (<anonymous>)
    at loadFileChain (D:\桌面資料\暫存\SubTrack\node_modules\@babel\core\lib\config\config-chain.js:191:24)
    at loadFileChain.next (<anonymous>)
    at buildRootChain (D:\桌面資料\暫存\SubTrack\node_modules\@babel\core\lib\config\config-chain.js:77:27)
    at buildRootChain.next (<anonymous>)
    at loadPrivatePartialConfig (D:\桌面資料\暫存\SubTrack\node_modules\@babel\core\lib\config\partial.js:72:62)
    at loadPrivatePartialConfig.next (<anonymous>)
    at loadPartialConfig (D:\桌面資料\暫存\SubTrack\node_modules\@babel\core\lib\config\partial.js:115:25)
    at loadPartialConfig.next (<anonymous>)
    at step (D:\桌面資料\暫存\SubTrack\node_modules\gensync\index.js:269:25)
    at D:\桌面資料\暫存\SubTrack\node_modules\gensync\index.js:273:13
    at async.call.result.err.err (D:\桌面資料\暫存\SubTrack\node_modules\gensync\index.js:223:11)
    at D:\桌面資料\暫存\SubTrack\node_modules\gensync\index.js:189:28
    at D:\桌面資料\暫存\SubTrack\node_modules\@babel\core\lib\gensync-utils\async.js:67:7
    at D:\桌面資料\暫存\SubTrack\node_modules\gensync\index.js:113:33
    at step (D:\桌面資料\暫存\SubTrack\node_modules\gensync\index.js:287:14)
    at D:\桌面資料\暫存\SubTrack\node_modules\gensync\index.js:273:13
    at async.call.result.err.err (D:\桌面資料\暫存\SubTrack\node_modules\gensync\index.js:223:11)
    at D:\桌面資料\暫存\SubTrack\node_modules\gensync\index.js:37:40
    at process.processTicksAndRejections (node:internal/process/task_queues:103:5)
Failed to collect coverage from D:\桌面資料\暫存\SubTrack\src\services\db\subscriptions.ts
ERROR: Cannot find package 'babel-preset-expo' imported from D:\桌面資料\暫存\SubTrack\babel-virtual-resolve-base.js
STACK: Error: Cannot find package 'babel-preset-expo' imported from D:\桌面資料\暫存\SubTrack\babel-virtual-resolve-base.js
    at __node_internal_ (D:\桌面資料\暫存\SubTrack\node_modules\@babel\core\lib\vendor\import-meta-resolve.js:224:9)
    at new NodeError (D:\桌面資料\暫存\SubTrack\node_modules\@babel\core\lib\vendor\import-meta-resolve.js:194:5)
    at packageResolve (D:\桌面資料\暫存\SubTrack\node_modules\@babel\core\lib\vendor\import-meta-resolve.js:898:9)
    at moduleResolve (D:\桌面資料\暫存\SubTrack\node_modules\@babel\core\lib\vendor\import-meta-resolve.js:938:18)
    at defaultResolve (D:\桌面資料\暫存\SubTrack\node_modules\@babel\core\lib\vendor\import-meta-resolve.js:1016:15)
    at resolve (D:\桌面資料\暫存\SubTrack\node_modules\@babel\core\lib\vendor\import-meta-resolve.js:1029:12)
    at tryImportMetaResolve (D:\桌面資料\暫存\SubTrack\node_modules\@babel\core\lib\config\files\plugins.js:149:45)
    at resolveStandardizedNameForImport (D:\桌面資料\暫存\SubTrack\node_modules\@babel\core\lib\config\files\plugins.js:174:19)
    at resolveStandardizedName (D:\桌面資料\暫存\SubTrack\node_modules\@babel\core\lib\config\files\plugins.js:186:22)
    at loadPreset (D:\桌面資料\暫存\SubTrack\node_modules\@babel\core\lib\config\files\plugins.js:68:7)
    at loadPreset.next (<anonymous>)
    at createDescriptor (D:\桌面資料\暫存\SubTrack\node_modules\@babel\core\lib\config\config-descriptors.js:140:16)
    at createDescriptor.next (<anonymous>)
    at step (D:\桌面資料\暫存\SubTrack\node_modules\gensync\index.js:261:32)
    at evaluateAsync (D:\桌面資料\暫存\SubTrack\node_modules\gensync\index.js:291:5)
    at D:\桌面資料\暫存\SubTrack\node_modules\gensync\index.js:44:11
    at Array.forEach (<anonymous>)
    at gensync.async (D:\桌面資料\暫存\SubTrack\node_modules\gensync\index.js:43:15)
    at gensync.all (D:\桌面資料\暫存\SubTrack\node_modules\gensync\index.js:216:13)
    at Generator.next (<anonymous>)
    at createDescriptors (D:\桌面資料\暫存\SubTrack\node_modules\@babel\core\lib\config\config-descriptors.js:102:41)
    at createDescriptors.next (<anonymous>)
    at createPresetDescriptors (D:\桌面資料\暫存\SubTrack\node_modules\@babel\core\lib\config\config-descriptors.js:96:17)
    at createPresetDescriptors.next (<anonymous>)
    at D:\桌面資料\暫存\SubTrack\node_modules\@babel\core\lib\gensync-utils\functional.js:39:27
    at Generator.next (<anonymous>)
    at mergeChainOpts (D:\桌面資料\暫存\SubTrack\node_modules\@babel\core\lib\config\config-chain.js:350:34)
    at mergeChainOpts.next (<anonymous>)
    at chainWalker (D:\桌面資料\暫存\SubTrack\node_modules\@babel\core\lib\config\config-chain.js:316:14)
    at chainWalker.next (<anonymous>)
    at loadFileChain (D:\桌面資料\暫存\SubTrack\node_modules\@babel\core\lib\config\config-chain.js:191:24)
    at loadFileChain.next (<anonymous>)
    at buildRootChain (D:\桌面資料\暫存\SubTrack\node_modules\@babel\core\lib\config\config-chain.js:77:27)
    at buildRootChain.next (<anonymous>)
    at loadPrivatePartialConfig (D:\桌面資料\暫存\SubTrack\node_modules\@babel\core\lib\config\partial.js:72:62)
    at loadPrivatePartialConfig.next (<anonymous>)
    at loadPartialConfig (D:\桌面資料\暫存\SubTrack\node_modules\@babel\core\lib\config\partial.js:115:25)
    at loadPartialConfig.next (<anonymous>)
    at step (D:\桌面資料\暫存\SubTrack\node_modules\gensync\index.js:269:25)
    at D:\桌面資料\暫存\SubTrack\node_modules\gensync\index.js:273:13
    at async.call.result.err.err (D:\桌面資料\暫存\SubTrack\node_modules\gensync\index.js:223:11)
    at D:\桌面資料\暫存\SubTrack\node_modules\gensync\index.js:189:28
    at D:\桌面資料\暫存\SubTrack\node_modules\@babel\core\lib\gensync-utils\async.js:67:7
    at D:\桌面資料\暫存\SubTrack\node_modules\gensync\index.js:113:33
    at step (D:\桌面資料\暫存\SubTrack\node_modules\gensync\index.js:287:14)
    at D:\桌面資料\暫存\SubTrack\node_modules\gensync\index.js:273:13
    at async.call.result.err.err (D:\桌面資料\暫存\SubTrack\node_modules\gensync\index.js:223:11)
    at D:\桌面資料\暫存\SubTrack\node_modules\gensync\index.js:37:40
    at process.processTicksAndRejections (node:internal/process/task_queues:103:5)
Failed to collect coverage from D:\桌面資料\暫存\SubTrack\src\components\CategoryTabs.tsx
ERROR: Cannot find package 'babel-preset-expo' imported from D:\桌面資料\暫存\SubTrack\babel-virtual-resolve-base.js
STACK: Error: Cannot find package 'babel-preset-expo' imported from D:\桌面資料\暫存\SubTrack\babel-virtual-resolve-base.js
    at __node_internal_ (D:\桌面資料\暫存\SubTrack\node_modules\@babel\core\lib\vendor\import-meta-resolve.js:224:9)
    at new NodeError (D:\桌面資料\暫存\SubTrack\node_modules\@babel\core\lib\vendor\import-meta-resolve.js:194:5)
    at packageResolve (D:\桌面資料\暫存\SubTrack\node_modules\@babel\core\lib\vendor\import-meta-resolve.js:898:9)
    at moduleResolve (D:\桌面資料\暫存\SubTrack\node_modules\@babel\core\lib\vendor\import-meta-resolve.js:938:18)
    at defaultResolve (D:\桌面資料\暫存\SubTrack\node_modules\@babel\core\lib\vendor\import-meta-resolve.js:1016:15)
    at resolve (D:\桌面資料\暫存\SubTrack\node_modules\@babel\core\lib\vendor\import-meta-resolve.js:1029:12)
    at tryImportMetaResolve (D:\桌面資料\暫存\SubTrack\node_modules\@babel\core\lib\config\files\plugins.js:149:45)
    at resolveStandardizedNameForImport (D:\桌面資料\暫存\SubTrack\node_modules\@babel\core\lib\config\files\plugins.js:174:19)
    at resolveStandardizedName (D:\桌面資料\暫存\SubTrack\node_modules\@babel\core\lib\config\files\plugins.js:186:22)
    at loadPreset (D:\桌面資料\暫存\SubTrack\node_modules\@babel\core\lib\config\files\plugins.js:68:7)
    at loadPreset.next (<anonymous>)
    at createDescriptor (D:\桌面資料\暫存\SubTrack\node_modules\@babel\core\lib\config\config-descriptors.js:140:16)
    at createDescriptor.next (<anonymous>)
    at step (D:\桌面資料\暫存\SubTrack\node_modules\gensync\index.js:261:32)
    at evaluateAsync (D:\桌面資料\暫存\SubTrack\node_modules\gensync\index.js:291:5)
    at D:\桌面資料\暫存\SubTrack\node_modules\gensync\index.js:44:11
    at Array.forEach (<anonymous>)
    at gensync.async (D:\桌面資料\暫存\SubTrack\node_modules\gensync\index.js:43:15)
    at gensync.all (D:\桌面資料\暫存\SubTrack\node_modules\gensync\index.js:216:13)
    at Generator.next (<anonymous>)
    at createDescriptors (D:\桌面資料\暫存\SubTrack\node_modules\@babel\core\lib\config\config-descriptors.js:102:41)
    at createDescriptors.next (<anonymous>)
    at createPresetDescriptors (D:\桌面資料\暫存\SubTrack\node_modules\@babel\core\lib\config\config-descriptors.js:96:17)
    at createPresetDescriptors.next (<anonymous>)
    at D:\桌面資料\暫存\SubTrack\node_modules\@babel\core\lib\gensync-utils\functional.js:39:27
    at Generator.next (<anonymous>)
    at mergeChainOpts (D:\桌面資料\暫存\SubTrack\node_modules\@babel\core\lib\config\config-chain.js:350:34)
    at mergeChainOpts.next (<anonymous>)
    at chainWalker (D:\桌面資料\暫存\SubTrack\node_modules\@babel\core\lib\config\config-chain.js:316:14)
    at chainWalker.next (<anonymous>)
    at loadFileChain (D:\桌面資料\暫存\SubTrack\node_modules\@babel\core\lib\config\config-chain.js:191:24)
    at loadFileChain.next (<anonymous>)
    at buildRootChain (D:\桌面資料\暫存\SubTrack\node_modules\@babel\core\lib\config\config-chain.js:77:27)
    at buildRootChain.next (<anonymous>)
    at loadPrivatePartialConfig (D:\桌面資料\暫存\SubTrack\node_modules\@babel\core\lib\config\partial.js:72:62)
    at loadPrivatePartialConfig.next (<anonymous>)
    at loadPartialConfig (D:\桌面資料\暫存\SubTrack\node_modules\@babel\core\lib\config\partial.js:115:25)
    at loadPartialConfig.next (<anonymous>)
    at step (D:\桌面資料\暫存\SubTrack\node_modules\gensync\index.js:269:25)
    at D:\桌面資料\暫存\SubTrack\node_modules\gensync\index.js:273:13
    at async.call.result.err.err (D:\桌面資料\暫存\SubTrack\node_modules\gensync\index.js:223:11)
    at D:\桌面資料\暫存\SubTrack\node_modules\gensync\index.js:189:28
    at D:\桌面資料\暫存\SubTrack\node_modules\@babel\core\lib\gensync-utils\async.js:67:7
    at D:\桌面資料\暫存\SubTrack\node_modules\gensync\index.js:113:33
    at step (D:\桌面資料\暫存\SubTrack\node_modules\gensync\index.js:287:14)
    at D:\桌面資料\暫存\SubTrack\node_modules\gensync\index.js:273:13
    at async.call.result.err.err (D:\桌面資料\暫存\SubTrack\node_modules\gensync\index.js:223:11)
    at D:\桌面資料\暫存\SubTrack\node_modules\gensync\index.js:37:40
    at process.processTicksAndRejections (node:internal/process/task_queues:103:5)
----------|---------|----------|---------|---------|-------------------
File      | % Stmts | % Branch | % Funcs | % Lines | Uncovered Line #s 
----------|---------|----------|---------|---------|-------------------
All files |       0 |        0 |       0 |       0 |                   
----------|---------|----------|---------|---------|-------------------
Test Suites: 1 failed, 1 total
Tests:       0 total
Snapshots:   0 total
Time:        2.321 s
Ran all test suites matching src/components/charts/__tests__/SkiaPieChart.test.tsx.
